67.0 APEX_CODE,FINEST;APEX_PROFILING,INFO;CALLOUT,INFO;DATA_ACCESS,INFO;DB,INFO;NBA,INFO;SYSTEM,DEBUG;VALIDATION,INFO;VISUALFORCE,INFO;WAVE,INFO;WORKFLOW,INFO
15:04:38.0 (218559)|USER_INFO|[EXTERNAL]|005gK00004LjKI1|dasshankarjay97363107.1be822b813f1@agentforce.com|(GMT-07:00) Pacific Daylight Time (America/Los_Angeles)|GMT-07:00
15:04:38.0 (254080)|EXECUTION_STARTED
15:04:38.0 (264827)|CODE_UNIT_STARTED|[EXTERNAL]|TRIGGERS
15:04:38.0 (330602)|CODE_UNIT_STARTED|[EXTERNAL]|01qgK00000603or|AppointmentTrigger on Appointment trigger event BeforeUpdate|__sfdc_trigger/AppointmentTrigger
15:04:38.0 (405041)|HEAP_ALLOCATE|[EXTERNAL]|Bytes:8
15:04:38.0 (508355)|HEAP_ALLOCATE|[EXTERNAL]|Bytes:8
15:04:38.0 (1194729)|HEAP_ALLOCATE|[95]|Bytes:3
15:04:38.0 (1264912)|HEAP_ALLOCATE|[100]|Bytes:152
15:04:38.0 (1279816)|HEAP_ALLOCATE|[417]|Bytes:408
15:04:38.0 (1290876)|HEAP_ALLOCATE|[430]|Bytes:408
15:04:38.0 (1311817)|HEAP_ALLOCATE|[317]|Bytes:6
15:04:38.0 (1438698)|HEAP_ALLOCATE|[EXTERNAL]|Bytes:16
15:04:38.0 (1496159)|VARIABLE_SCOPE_BEGIN|[1]|this|AppointmentTrigger|true|false
15:04:38.0 (1696313)|VARIABLE_ASSIGNMENT|[1]|this|{}|0x12748b9f
15:04:38.0 (1743632)|HEAP_ALLOCATE|[EXTERNAL]|Bytes:16
15:04:38.0 (1945925)|VARIABLE_SCOPE_BEGIN|[1]|this|AppointmentTrigger|true|false
15:04:38.0 (1976863)|VARIABLE_ASSIGNMENT|[1]|this|{}|0x12748b9f
15:04:38.0 (1993830)|STATEMENT_EXECUTE|[1]
15:04:38.0 (1996148)|STATEMENT_EXECUTE|[3]
15:04:38.0 (2007458)|HEAP_ALLOCATE|[3]|Bytes:4
15:04:38.0 (2117395)|HEAP_ALLOCATE|[68]|Bytes:5
15:04:38.0 (2154321)|HEAP_ALLOCATE|[74]|Bytes:5
15:04:38.0 (2164283)|HEAP_ALLOCATE|[82]|Bytes:7
15:04:38.0 (2243666)|VARIABLE_ASSIGNMENT|[3]|this.doctorIds|[]|0x12748b9f
15:04:38.0 (2249038)|STATEMENT_EXECUTE|[4]
15:04:38.0 (2254461)|HEAP_ALLOCATE|[4]|Bytes:4
15:04:38.0 (2282787)|VARIABLE_ASSIGNMENT|[4]|this.appointmentDates|[]|0x12748b9f
15:04:38.0 (2631118)|HEAP_ALLOCATE|[6]|Bytes:5
15:04:38.0 (2655292)|HEAP_ALLOCATE|[6]|Bytes:4
15:04:38.0 (2679847)|VARIABLE_SCOPE_BEGIN|[6]|app|Appointment__c|true|false
15:04:38.0 (4523936)|VARIABLE_ASSIGNMENT|[6]|app|{"LastModifiedDate":"2026-08-26T21:13:22.000Z","Appointment_ID__c":"2026-09-30T19:00:00.000Z","IsDeleted":false,"Patient__c":"a0egK00000ChwpqQAB","Name":"APP-0102","SystemModstamp":"2026-08-26T21:13:22.000Z","Doctor_Name__c":"a0pgK000001rCTtQAM","OwnerId":"005gK00004LjKI1QAN","CreatedById":"005gK00004LjKI1QAN","Start_Time__c":36000000,"End_Time__c":7200000,"RecordTypeId":"012gK000004yJiDQAU","CreatedDate":"2026-08-26T20:37:24.000Z","Id":"a0fgK000003J4hJQAS","Appointment_Date__c":"2026-09-30T00:00:00.000Z","Status__c":"Booked","LastModifiedById":"005gK00004LjKI1QAN"}|0x1771313b
15:04:38.0 (4559543)|STATEMENT_EXECUTE|[6]
15:04:38.0 (4589479)|STATEMENT_EXECUTE|[7]
15:04:38.0 (4628314)|HEAP_ALLOCATE|[6]|Bytes:5
15:04:38.0 (4688798)|VARIABLE_ASSIGNMENT|[6]|app|null|
15:04:38.0 (4800071)|STATEMENT_EXECUTE|[13]
15:04:38.0 (4803013)|STATEMENT_EXECUTE|[14]
15:04:38.4 (4819863)|CUMULATIVE_LIMIT_USAGE
15:04:38.4 (4819863)|LIMIT_USAGE_FOR_NS|(default)|
  Number of SOQL queries: 0 out of 100
  Number of query rows: 0 out of 50000
  Number of SOSL queries: 0 out of 20
  Number of DML statements: 0 out of 150
  Number of Publish Immediate DML: 0 out of 150
  Number of DML rows: 0 out of 10000
  Maximum CPU time: 0 out of 10000
  Maximum heap size: 0 out of 6000000
  Number of callouts: 0 out of 100
  Number of Email Invocations: 0 out of 10
  Number of future calls: 0 out of 50
  Number of queueable jobs added to the queue: 0 out of 50
  Number of Mobile Apex push calls: 0 out of 10

15:04:38.4 (4819863)|CUMULATIVE_LIMIT_USAGE_END

15:04:38.0 (5085614)|CODE_UNIT_FINISHED|AppointmentTrigger on Appointment trigger event BeforeUpdate|__sfdc_trigger/AppointmentTrigger
15:04:38.0 (26962511)|CODE_UNIT_STARTED|[EXTERNAL]|Flow:01IgK0000060uOX
15:04:38.41 (41459599)|FLOW_CREATE_INTERVIEW_BEGIN|00DgK00000Q0VhZ|300gK000013L74K|301gK00001CUm6E
15:04:38.41 (41677855)|FLOW_CREATE_INTERVIEW_END|347205b3285cd1d450111d431ab01a03eefe5f-f1e3|Appointment Reminder
15:04:38.43 (43395591)|FLOW_START_INTERVIEWS_BEGIN|1
15:04:38.43 (43505995)|FLOW_START_INTERVIEW_BEGIN|347205b3285cd1d450111d431ab01a03eefe5f-f1e3|Appointment Reminder
15:04:38.43 (43942052)|FLOW_START_INTERVIEW_END|347205b3285cd1d450111d431ab01a03eefe5f-f1e3|Appointment Reminder
15:04:38.43 (92719291)|WF_EMAIL_SENT|Reference:emailSimple|Recipients:ram9650456@gmail.com erjay8797@gmail.com |CcEmails:
15:04:38.43 (94097141)|FLOW_START_INTERVIEWS_END|1
15:04:38.43 (94458011)|FLOW_INTERVIEW_FINISHED|347205b3285cd1d450111d431ab01a03eefe5f-f1e3|Appointment Reminder
15:04:38.98 (98466547)|FLOW_CREATE_INTERVIEW_BEGIN|00DgK00000Q0VhZ|300gK000013Ljcb|301gK00001EdYCZ
15:04:38.98 (98572470)|FLOW_CREATE_INTERVIEW_END|347305b3285cd1d450111d431ab01a03eefe5f-f1e2|Appointment Reminder Flow1
15:04:38.99 (99978586)|FLOW_START_INTERVIEWS_BEGIN|1
15:04:38.99 (100032071)|FLOW_START_INTERVIEW_BEGIN|347305b3285cd1d450111d431ab01a03eefe5f-f1e2|Appointment Reminder Flow1
15:04:38.99 (100207113)|FLOW_START_INTERVIEW_END|347305b3285cd1d450111d431ab01a03eefe5f-f1e2|Appointment Reminder Flow1
15:04:38.99 (128542026)|WF_EMAIL_SENT|Reference:emailSimple|Recipients:dasshankarjay97363107@gmail.com |CcEmails:
15:04:38.99 (129384340)|FLOW_START_INTERVIEWS_END|1
15:04:38.99 (129594043)|FLOW_INTERVIEW_FINISHED|347305b3285cd1d450111d431ab01a03eefe5f-f1e2|Appointment Reminder Flow1
15:04:38.0 (131389842)|CODE_UNIT_FINISHED|Flow:01IgK0000060uOX
15:04:38.0 (134487648)|CODE_UNIT_STARTED|[EXTERNAL]|Flow:01IgK0000060uOX
15:04:38.0 (134513893)|CODE_UNIT_FINISHED|Flow:01IgK0000060uOX
15:04:38.0 (344437128)|CODE_UNIT_FINISHED|TRIGGERS
15:04:38.0 (344457716)|EXECUTION_FINISHED
