67.0 APEX_CODE,FINEST;APEX_PROFILING,INFO;CALLOUT,INFO;DATA_ACCESS,INFO;DB,INFO;NBA,INFO;SYSTEM,DEBUG;VALIDATION,INFO;VISUALFORCE,INFO;WAVE,INFO;WORKFLOW,INFO
15:02:13.0 (211741)|USER_INFO|[EXTERNAL]|005gK00004LjKI1|dasshankarjay97363107.1be822b813f1@agentforce.com|(GMT-07:00) Pacific Daylight Time (America/Los_Angeles)|GMT-07:00
15:02:13.0 (312323)|EXECUTION_STARTED
15:02:13.0 (344312)|CODE_UNIT_STARTED|[EXTERNAL]|Flow:01IgK0000060uOX
15:02:13.5 (5971804)|FLOW_CREATE_INTERVIEW_BEGIN|00DgK00000Q0VhZ|300gK000013L74K|301gK00001CUm6E
15:02:13.5 (6246589)|FLOW_CREATE_INTERVIEW_END|5875021729828dcb6cfd463336151a03dbd6fbc-5ca8|Appointment Reminder
15:02:13.7 (7717781)|FLOW_START_INTERVIEWS_BEGIN|1
15:02:13.7 (7897620)|FLOW_START_INTERVIEW_BEGIN|5875021729828dcb6cfd463336151a03dbd6fbc-5ca8|Appointment Reminder
15:02:13.7 (8398674)|FLOW_START_INTERVIEW_END|5875021729828dcb6cfd463336151a03dbd6fbc-5ca8|Appointment Reminder
15:02:13.7 (51241787)|WF_EMAIL_SENT|Reference:emailSimple|Recipients:ram9650456@gmail.com erjay8797@gmail.com |CcEmails:
15:02:13.7 (52956371)|FLOW_START_INTERVIEWS_END|1
15:02:13.7 (53501515)|FLOW_INTERVIEW_FINISHED|5875021729828dcb6cfd463336151a03dbd6fbc-5ca8|Appointment Reminder
15:02:13.57 (57199428)|FLOW_CREATE_INTERVIEW_BEGIN|00DgK00000Q0VhZ|300gK000013Ljcb|301gK00001EdYCZ
15:02:13.57 (57285972)|FLOW_CREATE_INTERVIEW_END|5876021729828dcb6cfd463336151a03dbd6fbc-5ca9|Appointment Reminder Flow1
15:02:13.58 (58151020)|FLOW_START_INTERVIEWS_BEGIN|1
15:02:13.58 (58233980)|FLOW_START_INTERVIEW_BEGIN|5876021729828dcb6cfd463336151a03dbd6fbc-5ca9|Appointment Reminder Flow1
15:02:13.58 (58425001)|FLOW_START_INTERVIEW_END|5876021729828dcb6cfd463336151a03dbd6fbc-5ca9|Appointment Reminder Flow1
15:02:13.58 (83059353)|WF_EMAIL_SENT|Reference:emailSimple|Recipients:dasshankarjay97363107@gmail.com |CcEmails:
15:02:13.58 (83897366)|FLOW_START_INTERVIEWS_END|1
15:02:13.58 (84108807)|FLOW_INTERVIEW_FINISHED|5876021729828dcb6cfd463336151a03dbd6fbc-5ca9|Appointment Reminder Flow1
15:02:13.0 (86808901)|CODE_UNIT_FINISHED|Flow:01IgK0000060uOX
15:02:13.0 (86830013)|EXECUTION_FINISHED
