67.0 APEX_CODE,FINEST;APEX_PROFILING,INFO;CALLOUT,INFO;DATA_ACCESS,INFO;DB,INFO;NBA,INFO;SYSTEM,DEBUG;VALIDATION,INFO;VISUALFORCE,INFO;WAVE,INFO;WORKFLOW,INFO
01:01:46.1 (1598439)|USER_INFO|[EXTERNAL]|005gK00004LjKI1|dasshankarjay97363107.1be822b813f1@agentforce.com|(GMT-07:00) Pacific Daylight Time (America/Los_Angeles)|GMT-07:00
01:01:46.1 (1694360)|EXECUTION_STARTED
01:01:46.1 (1725278)|CODE_UNIT_STARTED|[EXTERNAL]|01pgK00000FdXuj|AccountTaskCreatorTest.testTaskCreatedForAccountOwner()
01:01:46.1 (2057605)|HEAP_ALLOCATE|[95]|Bytes:3
01:01:46.1 (2159708)|HEAP_ALLOCATE|[100]|Bytes:152
01:01:46.1 (2174337)|HEAP_ALLOCATE|[417]|Bytes:408
01:01:46.1 (2187057)|HEAP_ALLOCATE|[430]|Bytes:408
01:01:46.1 (2221703)|HEAP_ALLOCATE|[317]|Bytes:6
01:01:46.1 (2234328)|HEAP_ALLOCATE|[EXTERNAL]|Bytes:39
01:01:46.1 (2266504)|METHOD_ENTRY|[2]|01pgK00000FdXuj|AccountTaskCreatorTest.AccountTaskCreatorTest()
01:01:46.1 (2281517)|STATEMENT_EXECUTE|[2]
01:01:46.1 (2289065)|STATEMENT_EXECUTE|[2]
01:01:46.1 (2309420)|HEAP_ALLOCATE|[68]|Bytes:5
01:01:46.1 (2344192)|HEAP_ALLOCATE|[74]|Bytes:5
01:01:46.1 (2349139)|HEAP_ALLOCATE|[82]|Bytes:7
01:01:46.1 (3694492)|SYSTEM_MODE_ENTER|false
01:01:46.1 (3719479)|HEAP_ALLOCATE|[EXTERNAL]|Bytes:5
01:01:46.1 (3734657)|SYSTEM_MODE_EXIT|false
01:01:46.1 (3754414)|METHOD_EXIT|[2]|AccountTaskCreatorTest
01:01:46.1 (3825774)|SYSTEM_MODE_ENTER|false
01:01:46.1 (3829330)|HEAP_ALLOCATE|[7]|Bytes:5
01:01:46.1 (3833062)|STATEMENT_EXECUTE|[5]
01:01:46.1 (3834474)|STATEMENT_EXECUTE|[7]
01:01:46.1 (3893138)|HEAP_ALLOCATE|[7]|Bytes:4
01:01:46.1 (3983692)|HEAP_ALLOCATE|[8]|Bytes:12
01:01:46.1 (4132752)|VARIABLE_ASSIGNMENT|[7]|this.Name|"Test Account"|0x11628bff
01:01:46.1 (4162278)|VARIABLE_SCOPE_BEGIN|[7]|acc|Account|true|false
01:01:46.1 (4181603)|VARIABLE_ASSIGNMENT|[7]|acc|{"Name":"Test Account"}|0x11628bff
01:01:46.1 (4185033)|STATEMENT_EXECUTE|[11]
01:01:46.1 (4229771)|HEAP_ALLOCATE|[11]|Bytes:118
01:01:46.1 (4253671)|SYSTEM_METHOD_ENTRY|[1]|Test.Test()
01:01:46.1 (4256480)|STATEMENT_EXECUTE|[1]
01:01:46.1 (4263972)|SYSTEM_METHOD_EXIT|[1]|Test
01:01:46.1 (4282637)|METHOD_ENTRY|[11]||System.Test.startTest()
01:01:46.1 (6152444)|METHOD_EXIT|[11]||System.Test.startTest()
01:01:46.1 (6163947)|STATEMENT_EXECUTE|[12]
01:01:46.1 (6235213)|HEAP_ALLOCATE|[12]|Bytes:8
01:01:46.1 (6276087)|DML_BEGIN|[12]|Op:Insert|Type:Account|Rows:1
01:01:46.1 (6420189)|HEAP_ALLOCATE|[EXTERNAL]|Bytes:8
01:01:46.1 (22430059)|CODE_UNIT_STARTED|[EXTERNAL]|Flow:Account
01:01:46.1 (22479508)|CODE_UNIT_FINISHED|Flow:Account
01:01:46.1 (24768656)|CODE_UNIT_STARTED|[EXTERNAL]|01qgK000005lwTt|AccountAddressTrigger on Account trigger event BeforeInsert|__sfdc_trigger/AccountAddressTrigger
01:01:46.1 (24854141)|HEAP_ALLOCATE|[EXTERNAL]|Bytes:8
01:01:46.1 (24976080)|HEAP_ALLOCATE|[EXTERNAL]|Bytes:4
01:01:46.1 (24996013)|VARIABLE_SCOPE_BEGIN|[1]|this|AccountAddressTrigger|true|false
01:01:46.1 (25065383)|VARIABLE_ASSIGNMENT|[1]|this|{}|0x61fd8837
01:01:46.1 (25108079)|HEAP_ALLOCATE|[EXTERNAL]|Bytes:4
01:01:46.1 (25114563)|VARIABLE_SCOPE_BEGIN|[1]|this|AccountAddressTrigger|true|false
01:01:46.1 (25125746)|VARIABLE_ASSIGNMENT|[1]|this|{}|0x61fd8837
01:01:46.1 (25134876)|STATEMENT_EXECUTE|[1]
01:01:46.1 (25499486)|HEAP_ALLOCATE|[3]|Bytes:5
01:01:46.1 (25523386)|HEAP_ALLOCATE|[3]|Bytes:4
01:01:46.1 (25532938)|VARIABLE_SCOPE_BEGIN|[3]|acc|Account|true|false
01:01:46.1 (27099149)|VARIABLE_ASSIGNMENT|[3]|acc|{"IsDeleted":false,"OwnerId":"005gK00004LjKI1QAN","Match_Billing_Address__c":false,"BillingCountryCode":"US","isAvaible__c":false,"Name":"Test Account","ShippingCountryCode":"US"}|0x63ff9f82
01:01:46.1 (27114847)|STATEMENT_EXECUTE|[3]
01:01:46.1 (27149483)|STATEMENT_EXECUTE|[4]
01:01:46.1 (27171232)|HEAP_ALLOCATE|[3]|Bytes:5
01:01:46.1 (27200881)|VARIABLE_ASSIGNMENT|[3]|acc|null|
01:01:46.27 (27222631)|CUMULATIVE_LIMIT_USAGE
01:01:46.27 (27222631)|LIMIT_USAGE_FOR_NS|(default)|
  Number of SOQL queries: 0 out of 100
  Number of query rows: 0 out of 50000
  Number of SOSL queries: 0 out of 20
  Number of DML statements: 0 out of 150
  Number of Publish Immediate DML: 0 out of 150
  Number of DML rows: 0 out of 10000
  Maximum CPU time: 0 out of 10000
  Maximum heap size: 0 out of 6000000
  Number of callouts: 0 out of 100
  Number of Email Invocations: 0 out of 10
  Number of future calls: 0 out of 50
  Number of queueable jobs added to the queue: 0 out of 50
  Number of Mobile Apex push calls: 0 out of 10

01:01:46.27 (27222631)|TESTING_LIMITS
01:01:46.27 (27222631)|LIMIT_USAGE_FOR_NS|(default)|
  Number of SOQL queries: 0 out of 100
  Number of query rows: 0 out of 50000
  Number of SOSL queries: 0 out of 20
  Number of DML statements: 1 out of 150
  Number of Publish Immediate DML: 0 out of 150
  Number of DML rows: 1 out of 10000
  Maximum CPU time: 0 out of 10000
  Maximum heap size: 0 out of 6000000
  Number of callouts: 0 out of 100
  Number of Email Invocations: 0 out of 10
  Number of future calls: 0 out of 50
  Number of queueable jobs added to the queue: 0 out of 50
  Number of Mobile Apex push calls: 0 out of 10

01:01:46.27 (27222631)|CUMULATIVE_LIMIT_USAGE_END

01:01:46.1 (27451327)|CODE_UNIT_FINISHED|AccountAddressTrigger on Account trigger event BeforeInsert|__sfdc_trigger/AccountAddressTrigger
01:01:46.1 (41570137)|CODE_UNIT_STARTED|[EXTERNAL]|DuplicateDetector
01:01:46.1 (41595776)|DUPLICATE_DETECTION_BEGIN
01:01:46.1 (43331620)|DUPLICATE_DETECTION_RULE_INVOCATION|DuplicateRuleId:0BmgK0000076XRt|DuplicateRuleName:Standard Account Duplicate Rule|DmlType:INSERT
01:01:46.1 (87994997)|DUPLICATE_DETECTION_MATCH_INVOCATION_DETAILS|EntityType:Account|ActionTaken:Allow_[Alert,Report]|DuplicateRecordIds:
01:01:46.1 (88019925)|DUPLICATE_DETECTION_MATCH_INVOCATION_SUMMARY|EntityType:Account|NumRecordsToBeSaved:1|NumRecordsToBeSavedWithDuplicates:0|NumDuplicateRecordsFound:0
01:01:46.1 (88235897)|DUPLICATE_DETECTION_END
01:01:46.1 (88241924)|CODE_UNIT_FINISHED|DuplicateDetector
01:01:46.1 (127712588)|CODE_UNIT_STARTED|[EXTERNAL]|01qgK000005jVG5|AccountTrigger on Account trigger event AfterInsert|__sfdc_trigger/AccountTrigger
01:01:46.1 (127775306)|HEAP_ALLOCATE|[EXTERNAL]|Bytes:8
01:01:46.1 (128003704)|HEAP_ALLOCATE|[EXTERNAL]|Bytes:4
01:01:46.1 (128025088)|VARIABLE_SCOPE_BEGIN|[1]|this|AccountTrigger|true|false
01:01:46.1 (128067132)|VARIABLE_ASSIGNMENT|[1]|this|{}|0x1ce7e1b
01:01:46.1 (128106228)|HEAP_ALLOCATE|[EXTERNAL]|Bytes:4
01:01:46.1 (128136094)|VARIABLE_SCOPE_BEGIN|[1]|this|AccountTrigger|true|false
01:01:46.1 (128142757)|VARIABLE_ASSIGNMENT|[1]|this|{}|0x1ce7e1b
01:01:46.1 (128148871)|STATEMENT_EXECUTE|[1]
01:01:46.1 (128150023)|STATEMENT_EXECUTE|[2]
01:01:46.1 (132714449)|HEAP_ALLOCATE|[2]|Bytes:1
01:01:46.1 (132775207)|METHOD_ENTRY|[1]|01pgK00000FdX8L|AccountTaskCreator.AccountTaskCreator()
01:01:46.1 (132788861)|STATEMENT_EXECUTE|[1]
01:01:46.1 (132795058)|STATEMENT_EXECUTE|[1]
01:01:46.1 (134151381)|SYSTEM_MODE_ENTER|false
01:01:46.1 (134169691)|HEAP_ALLOCATE|[2]|Bytes:5
01:01:46.1 (134179379)|SYSTEM_MODE_EXIT|false
01:01:46.1 (134199352)|METHOD_EXIT|[1]|AccountTaskCreator
01:01:46.1 (134243316)|METHOD_ENTRY|[2]|01pgK00000FdX8L|AccountTaskCreator.createTaskForAccountOwner(List<Account>)
01:01:46.1 (134281752)|VARIABLE_SCOPE_BEGIN|[3]|accounts|List<Account>|true|false
01:01:46.1 (135314068)|VARIABLE_ASSIGNMENT|[3]|accounts|[{"LastModifiedDate":"2026-08-27T08:01:46.000Z","IsDeleted":false,"BillingCountryCode":"US","isAvaible__c":false,"SystemModstamp":"2026-08-27T08:01:46.000Z","Name":"Test Account","ShippingCountryCode":"US","CleanStatus":"Pending","BillingCountry":"United States","OwnerId":"005gK00004LjKI1QAN","CreatedById":"005gK00004LjKI1QAN","Match_Billing_Address__c":false,"CreatedDate":"2026-08-27T08:01:46.000Z","ShippingCountry":"United States","Id":"001gK00001PMXHtQAP","LastModifiedById":"005gK00004LjKI1QAN"}]|0x5f75698c
01:01:46.1 (135345022)|SYSTEM_MODE_ENTER|false
01:01:46.1 (135352674)|HEAP_ALLOCATE|[5]|Bytes:5
01:01:46.1 (135357833)|STATEMENT_EXECUTE|[3]
01:01:46.1 (135359165)|STATEMENT_EXECUTE|[5]
01:01:46.1 (135471415)|HEAP_ALLOCATE|[5]|Bytes:4
01:01:46.1 (135586093)|VARIABLE_SCOPE_BEGIN|[5]|tasks|List<Task>|true|false
01:01:46.1 (135595078)|HEAP_ALLOCATE|[EXTERNAL]|Bytes:4
01:01:46.1 (135605254)|VARIABLE_ASSIGNMENT|[5]|tasks|[]|0x79101aa5
01:01:46.1 (135666877)|HEAP_ALLOCATE|[7]|Bytes:5
01:01:46.1 (135689342)|VARIABLE_SCOPE_BEGIN|[7]|acc|Account|true|false
01:01:46.1 (136742113)|VARIABLE_ASSIGNMENT|[7]|acc|{"LastModifiedDate":"2026-08-27T08:01:46.000Z","IsDeleted":false,"BillingCountryCode":"US","isAvaible__c":false,"SystemModstamp":"2026-08-27T08:01:46.000Z","Name":"Test Account","ShippingCountryCode":"US","CleanStatus":"Pending","BillingCountry":"United States","OwnerId":"005gK00004LjKI1QAN","CreatedById":"005gK00004LjKI1QAN","Match_Billing_Address__c":false,"CreatedDate":"2026-08-27T08:01:46.000Z","ShippingCountry":"United States","Id":"001gK00001PMXHtQAP","LastModifiedById":"005gK00004LjKI1QAN"}|0x19528d7e
01:01:46.1 (136751937)|STATEMENT_EXECUTE|[7]
01:01:46.1 (136753227)|STATEMENT_EXECUTE|[8]
01:01:46.1 (136772123)|HEAP_ALLOCATE|[8]|Bytes:4
01:01:46.1 (136854523)|HEAP_ALLOCATE|[9]|Bytes:26
01:01:46.1 (136920964)|VARIABLE_ASSIGNMENT|[8]|this.Subject|"Follow up with new A (6 more) ..."|0x15c751b1
01:01:46.1 (138257570)|VARIABLE_ASSIGNMENT|[8]|this.WhatId|"001gK00001PMXHtQAP"|0x15c751b1
01:01:46.1 (138294221)|VARIABLE_ASSIGNMENT|[8]|this.OwnerId|"005gK00004LjKI1QAN"|0x15c751b1
01:01:46.1 (138298958)|HEAP_ALLOCATE|[12]|Bytes:11
01:01:46.1 (138312891)|VARIABLE_ASSIGNMENT|[8]|this.Status|"Not Started"|0x15c751b1
01:01:46.1 (138315944)|HEAP_ALLOCATE|[13]|Bytes:6
01:01:46.1 (138329502)|VARIABLE_ASSIGNMENT|[8]|this.Priority|"Normal"|0x15c751b1
01:01:46.1 (138357358)|VARIABLE_SCOPE_BEGIN|[8]|t|Task|true|false
01:01:46.1 (138378237)|VARIABLE_ASSIGNMENT|[8]|t|{"Subject":"Follow up with new A (6 more) ...","WhatId":"001gK00001PMXHtQAP","OwnerId":"005gK00004LjKI1QAN","Status":"Not Started","Priority":"Normal"}|0x15c751b1
01:01:46.1 (138383124)|STATEMENT_EXECUTE|[16]
01:01:46.1 (138430754)|HEAP_ALLOCATE|[EXTERNAL]|Bytes:4
01:01:46.1 (138447909)|HEAP_ALLOCATE|[7]|Bytes:5
01:01:46.1 (138456652)|VARIABLE_ASSIGNMENT|[7]|acc|null|
01:01:46.1 (138473407)|STATEMENT_EXECUTE|[19]
01:01:46.1 (138474180)|STATEMENT_EXECUTE|[20]
01:01:46.1 (138575673)|DML_BEGIN|[20]|Op:Insert|Type:Task|Rows:1
01:01:46.1 (138632304)|HEAP_ALLOCATE|[EXTERNAL]|Bytes:8
01:01:46.1 (245068610)|DML_END|[20]
01:01:46.1 (246047472)|HEAP_ALLOCATE|[EXTERNAL]|Bytes:8
01:01:46.1 (246091158)|SYSTEM_MODE_EXIT|false
01:01:46.1 (246107993)|METHOD_EXIT|[2]|01pgK00000FdX8L|AccountTaskCreator.createTaskForAccountOwner(List<Account>)
01:01:46.246 (246129959)|CUMULATIVE_LIMIT_USAGE
01:01:46.246 (246129959)|LIMIT_USAGE_FOR_NS|(default)|
  Number of SOQL queries: 0 out of 100
  Number of query rows: 0 out of 50000
  Number of SOSL queries: 0 out of 20
  Number of DML statements: 0 out of 150
  Number of Publish Immediate DML: 0 out of 150
  Number of DML rows: 0 out of 10000
  Maximum CPU time: 0 out of 10000
  Maximum heap size: 0 out of 6000000
  Number of callouts: 0 out of 100
  Number of Email Invocations: 0 out of 10
  Number of future calls: 0 out of 50
  Number of queueable jobs added to the queue: 0 out of 50
  Number of Mobile Apex push calls: 0 out of 10

01:01:46.246 (246129959)|TESTING_LIMITS
01:01:46.246 (246129959)|LIMIT_USAGE_FOR_NS|(default)|
  Number of SOQL queries: 0 out of 100
  Number of query rows: 0 out of 50000
  Number of SOSL queries: 0 out of 20
  Number of DML statements: 2 out of 150
  Number of Publish Immediate DML: 0 out of 150
  Number of DML rows: 2 out of 10000
  Maximum CPU time: 0 out of 10000
  Maximum heap size: 0 out of 6000000
  Number of callouts: 0 out of 100
  Number of Email Invocations: 0 out of 10
  Number of future calls: 0 out of 50
  Number of queueable jobs added to the queue: 0 out of 50
  Number of Mobile Apex push calls: 0 out of 10

01:01:46.246 (246129959)|CUMULATIVE_LIMIT_USAGE_END

01:01:46.1 (246380304)|CODE_UNIT_FINISHED|AccountTrigger on Account trigger event AfterInsert|__sfdc_trigger/AccountTrigger
01:01:46.1 (249047746)|CODE_UNIT_STARTED|[EXTERNAL]|Flow:Account
01:01:46.265 (265940168)|FLOW_CREATE_INTERVIEW_BEGIN|00DgK00000Q0VhZ|300gK000012w6BT|301gK00001CCf81
01:01:46.265 (266128836)|FLOW_CREATE_INTERVIEW_END|1708dc9416817b1c0733194aa08e1a041a44f40-5cdc|Account Email Notification Flow
01:01:46.267 (267997956)|FLOW_START_INTERVIEWS_BEGIN|1
01:01:46.267 (268177912)|FLOW_START_INTERVIEW_BEGIN|1708dc9416817b1c0733194aa08e1a041a44f40-5cdc|Account Email Notification Flow
01:01:46.267 (268814352)|FLOW_START_INTERVIEW_END|1708dc9416817b1c0733194aa08e1a041a44f40-5cdc|Account Email Notification Flow
01:01:46.267 (318612258)|WF_EMAIL_SENT|Reference:emailSimple|Recipients:dasshankarjay97363107@gmail.com |CcEmails:
01:01:46.267 (320463604)|FLOW_START_INTERVIEWS_END|1
01:01:46.267 (323076009)|FLOW_INTERVIEW_FINISHED|1708dc9416817b1c0733194aa08e1a041a44f40-5cdc|Account Email Notification Flow
01:01:46.327 (327382331)|FLOW_CREATE_INTERVIEW_BEGIN|00DgK00000Q0VhZ|300gK000012wYnd|301gK00001CCLSg
01:01:46.327 (327519370)|FLOW_CREATE_INTERVIEW_END|1709dc9416817b1c0733194aa08e1a041a44f40-5cdb|Account Email Notification
01:01:46.329 (329039114)|FLOW_START_INTERVIEWS_BEGIN|1
01:01:46.329 (329165578)|FLOW_START_INTERVIEW_BEGIN|1709dc9416817b1c0733194aa08e1a041a44f40-5cdb|Account Email Notification
01:01:46.329 (329537171)|FLOW_START_INTERVIEW_END|1709dc9416817b1c0733194aa08e1a041a44f40-5cdb|Account Email Notification
01:01:46.329 (364023861)|WF_EMAIL_SENT|Reference:emailSimple|Recipients:dasshankarjay97363107@gmail.com |CcEmails:
01:01:46.329 (365145711)|FLOW_START_INTERVIEWS_END|1
01:01:46.329 (366897570)|FLOW_INTERVIEW_FINISHED|1709dc9416817b1c0733194aa08e1a041a44f40-5cdb|Account Email Notification
01:01:46.372 (372861753)|FLOW_CREATE_INTERVIEW_BEGIN|00DgK00000Q0VhZ|300gK000012wblX|301gK00001CCnNJ
01:01:46.372 (372966842)|FLOW_CREATE_INTERVIEW_END|1710dc9416817b1c0733194aa08e1a041a44f40-5cda|Account Contact Opportunity Flow
01:01:46.374 (374360604)|FLOW_START_INTERVIEWS_BEGIN|1
01:01:46.374 (374453500)|FLOW_START_INTERVIEW_BEGIN|1710dc9416817b1c0733194aa08e1a041a44f40-5cda|Account Contact Opportunity Flow
01:01:46.374 (374716842)|FLOW_START_INTERVIEW_END|1710dc9416817b1c0733194aa08e1a041a44f40-5cda|Account Contact Opportunity Flow
01:01:46.384 (384353583)|CODE_UNIT_STARTED|[EXTERNAL]|Flow:Contact
01:01:46.384 (384390764)|CODE_UNIT_FINISHED|Flow:Contact
01:01:46.385 (385732501)|CODE_UNIT_STARTED|[EXTERNAL]|01qgK000005m0Sf|RestrictContactByName on Contact trigger event BeforeInsert|__sfdc_trigger/RestrictContactByName
01:01:46.385 (385812097)|HEAP_ALLOCATE|[EXTERNAL]|Bytes:8
01:01:46.385 (385924515)|HEAP_ALLOCATE|[EXTERNAL]|Bytes:4
01:01:46.385 (385939441)|VARIABLE_SCOPE_BEGIN|[1]|this|RestrictContactByName|true|false
01:01:46.385 (386016416)|VARIABLE_ASSIGNMENT|[1]|this|{}|0x49a6ea19
01:01:46.385 (386055641)|HEAP_ALLOCATE|[EXTERNAL]|Bytes:4
01:01:46.385 (386062586)|VARIABLE_SCOPE_BEGIN|[1]|this|RestrictContactByName|true|false
01:01:46.385 (386073205)|VARIABLE_ASSIGNMENT|[1]|this|{}|0x49a6ea19
01:01:46.385 (386082288)|STATEMENT_EXECUTE|[1]
01:01:46.385 (386406207)|HEAP_ALLOCATE|[3]|Bytes:5
01:01:46.385 (386447492)|HEAP_ALLOCATE|[3]|Bytes:4
01:01:46.385 (386458376)|VARIABLE_SCOPE_BEGIN|[3]|c|Contact|true|false
01:01:46.385 (390748779)|VARIABLE_ASSIGNMENT|[3]|c|{"IsDeleted":false,"IsEmailBounced":false,"DoNotCall":false,"OtherCountryCode":"US","HasOptedOutOfEmail":false,"HasOptedOutOfFax":false,"Content_Fullname__c":" Test Account","Missing_Data__c":false,"OwnerId":"005gK00004LjKI1QAN","Full_Name__c":" Test Account","MailingCountryCode":"US","LastName":"Test Account","IsPriorityRecord":false,"Active__c":false}|0x66ca6bdc
01:01:46.385 (390766308)|STATEMENT_EXECUTE|[3]
01:01:46.385 (390800123)|HEAP_ALLOCATE|[4]|Bytes:11
01:01:46.385 (390839188)|STATEMENT_EXECUTE|[4]
01:01:46.385 (390867205)|HEAP_ALLOCATE|[3]|Bytes:5
01:01:46.385 (390885785)|VARIABLE_ASSIGNMENT|[3]|c|null|
01:01:46.390 (390908830)|CUMULATIVE_LIMIT_USAGE
01:01:46.390 (390908830)|LIMIT_USAGE_FOR_NS|(default)|
  Number of SOQL queries: 0 out of 100
  Number of query rows: 0 out of 50000
  Number of SOSL queries: 0 out of 20
  Number of DML statements: 0 out of 150
  Number of Publish Immediate DML: 0 out of 150
  Number of DML rows: 0 out of 10000
  Maximum CPU time: 0 out of 10000
  Maximum heap size: 0 out of 6000000
  Number of callouts: 0 out of 100
  Number of Email Invocations: 0 out of 10
  Number of future calls: 0 out of 50
  Number of queueable jobs added to the queue: 0 out of 50
  Number of Mobile Apex push calls: 0 out of 10

01:01:46.390 (390908830)|TESTING_LIMITS
01:01:46.390 (390908830)|LIMIT_USAGE_FOR_NS|(default)|
  Number of SOQL queries: 0 out of 100
  Number of query rows: 0 out of 50000
  Number of SOSL queries: 0 out of 20
  Number of DML statements: 3 out of 150
  Number of Publish Immediate DML: 0 out of 150
  Number of DML rows: 3 out of 10000
  Maximum CPU time: 106 out of 10000
  Maximum heap size: 0 out of 6000000
  Number of callouts: 0 out of 100
  Number of Email Invocations: 0 out of 10
  Number of future calls: 0 out of 50
  Number of queueable jobs added to the queue: 0 out of 50
  Number of Mobile Apex push calls: 0 out of 10

01:01:46.390 (390908830)|CUMULATIVE_LIMIT_USAGE_END

01:01:46.385 (391145238)|CODE_UNIT_FINISHED|RestrictContactByName on Contact trigger event BeforeInsert|__sfdc_trigger/RestrictContactByName
01:01:46.395 (395320260)|CODE_UNIT_STARTED|[EXTERNAL]|DuplicateDetector
01:01:46.395 (395350354)|DUPLICATE_DETECTION_BEGIN
01:01:46.395 (395424069)|DUPLICATE_DETECTION_RULE_INVOCATION|DuplicateRuleId:0BmgK0000076XRu|DuplicateRuleName:Standard Contact Duplicate Rule|DmlType:INSERT
01:01:46.395 (441685886)|DUPLICATE_DETECTION_MATCH_INVOCATION_DETAILS|EntityType:Contact|ActionTaken:Allow_[Alert,Report]|DuplicateRecordIds:
01:01:46.395 (441714633)|DUPLICATE_DETECTION_MATCH_INVOCATION_SUMMARY|EntityType:Contact|NumRecordsToBeSaved:1|NumRecordsToBeSavedWithDuplicates:0|NumDuplicateRecordsFound:0
01:01:46.395 (441728806)|DUPLICATE_DETECTION_MATCH_INVOCATION_DETAILS|EntityType:Contact|ActionTaken:Allow_[Alert,Report]|DuplicateRecordIds:
01:01:46.395 (441738134)|DUPLICATE_DETECTION_MATCH_INVOCATION_SUMMARY|EntityType:Contact|NumRecordsToBeSaved:1|NumRecordsToBeSavedWithDuplicates:0|NumDuplicateRecordsFound:0
01:01:46.395 (442033837)|DUPLICATE_DETECTION_END
01:01:46.395 (442043237)|CODE_UNIT_FINISHED|DuplicateDetector
01:01:46.483 (483056352)|CODE_UNIT_STARTED|[EXTERNAL]|Flow:Contact
01:01:46.483 (483116988)|CODE_UNIT_FINISHED|Flow:Contact
01:01:46.483 (483232774)|CODE_UNIT_STARTED|[EXTERNAL]|Flow:Contact
01:01:46.483 (483279364)|CODE_UNIT_FINISHED|Flow:Contact
01:01:46.509 (509200009)|CODE_UNIT_STARTED|[EXTERNAL]|Flow:Opportunity
01:01:46.509 (509236608)|CODE_UNIT_FINISHED|Flow:Opportunity
01:01:46.516 (516845626)|CODE_UNIT_STARTED|[EXTERNAL]|Validation:Opportunity:new
01:01:46.516 (516884162)|VALIDATION_RULE|03dgK000000wiqH|Opportunity_Name_Lock
01:01:46.516 (517105183)|VALIDATION_FORMULA|AND(
OR(
ISPICKVAL(StageName,"Closed Won"),
ISPICKVAL(StageName,"Closed Lost")
),
ISCHANGED(Name)
)|StageName=Prospecting , Name=Test Account
01:01:46.516 (517112244)|VALIDATION_PASS
01:01:46.516 (517123009)|CODE_UNIT_FINISHED|Validation:Opportunity:new
01:01:46.583 (583174174)|CODE_UNIT_STARTED|[EXTERNAL]|01qgK000005lwor|ClosedOpportunityTrigger on Opportunity trigger event AfterInsert|__sfdc_trigger/ClosedOpportunityTrigger
01:01:46.583 (583246282)|HEAP_ALLOCATE|[EXTERNAL]|Bytes:8
01:01:46.583 (583390346)|HEAP_ALLOCATE|[EXTERNAL]|Bytes:8
01:01:46.583 (583402095)|VARIABLE_SCOPE_BEGIN|[1]|this|ClosedOpportunityTrigger|true|false
01:01:46.583 (583564152)|VARIABLE_ASSIGNMENT|[1]|this|{}|0x5bd1d08f
01:01:46.583 (583598227)|HEAP_ALLOCATE|[EXTERNAL]|Bytes:8
01:01:46.583 (583603469)|VARIABLE_SCOPE_BEGIN|[1]|this|ClosedOpportunityTrigger|true|false
01:01:46.583 (583613754)|VARIABLE_ASSIGNMENT|[1]|this|{}|0x5bd1d08f
01:01:46.583 (583621547)|STATEMENT_EXECUTE|[1]
01:01:46.583 (583622819)|STATEMENT_EXECUTE|[3]
01:01:46.583 (583640326)|HEAP_ALLOCATE|[3]|Bytes:4
01:01:46.583 (583717358)|HEAP_ALLOCATE|[EXTERNAL]|Bytes:4
01:01:46.583 (583748396)|VARIABLE_ASSIGNMENT|[3]|this.tasksToCreate|[]|0x5bd1d08f
01:01:46.583 (584022118)|HEAP_ALLOCATE|[5]|Bytes:5
01:01:46.583 (584068448)|VARIABLE_SCOPE_BEGIN|[5]|opp|Opportunity|true|false
01:01:46.583 (585765765)|VARIABLE_ASSIGNMENT|[5]|opp|{"Text__c":"Normal Priority","LastModifiedDate":"2026-08-27T08:01:46.000Z","IsDeleted":false,"AccountId":"001gK00001PMXHtQAP","HasOpportunityLineItem":false,"StageName":"Prospecting","Probability":10,"ForecastCategory":"Pipeline","IsClosed":false,"CloseDate":"2026-02-07T00:00:00.000Z","Name":"Test Account","SystemModstamp":"2026-08-27T08:01:46.000Z","HasOpenActivity":false,"Priority__c":"Test Account","CreatedById":"005gK00004LjKI1QAN","OwnerId":"005gK00004LjKI1QAN","IsWon":false,"CreatedDate":"2026-08-27T08:01:46.000Z","HasOverdueTask":false,"Id":"006gK00000NPLSEQA5","ForecastCategoryName":"Pipeline","IsPrivate":false,"LastModifiedById":"005gK00004LjKI1QAN"}|0x19a59ae7
01:01:46.583 (585783922)|STATEMENT_EXECUTE|[5]
01:01:46.583 (585813439)|HEAP_ALLOCATE|[6]|Bytes:10
01:01:46.583 (585840755)|STATEMENT_EXECUTE|[6]
01:01:46.583 (585861006)|HEAP_ALLOCATE|[5]|Bytes:5
01:01:46.583 (585875819)|VARIABLE_ASSIGNMENT|[5]|opp|null|
01:01:46.583 (585943100)|STATEMENT_EXECUTE|[14]
01:01:46.585 (585955705)|CUMULATIVE_LIMIT_USAGE
01:01:46.585 (585955705)|LIMIT_USAGE_FOR_NS|(default)|
  Number of SOQL queries: 0 out of 100
  Number of query rows: 0 out of 50000
  Number of SOSL queries: 0 out of 20
  Number of DML statements: 0 out of 150
  Number of Publish Immediate DML: 0 out of 150
  Number of DML rows: 0 out of 10000
  Maximum CPU time: 0 out of 10000
  Maximum heap size: 0 out of 6000000
  Number of callouts: 0 out of 100
  Number of Email Invocations: 0 out of 10
  Number of future calls: 0 out of 50
  Number of queueable jobs added to the queue: 0 out of 50
  Number of Mobile Apex push calls: 0 out of 10

01:01:46.585 (585955705)|TESTING_LIMITS
01:01:46.585 (585955705)|LIMIT_USAGE_FOR_NS|(default)|
  Number of SOQL queries: 0 out of 100
  Number of query rows: 0 out of 50000
  Number of SOSL queries: 0 out of 20
  Number of DML statements: 4 out of 150
  Number of Publish Immediate DML: 0 out of 150
  Number of DML rows: 4 out of 10000
  Maximum CPU time: 130 out of 10000
  Maximum heap size: 0 out of 6000000
  Number of callouts: 0 out of 100
  Number of Email Invocations: 0 out of 10
  Number of future calls: 0 out of 50
  Number of queueable jobs added to the queue: 0 out of 50
  Number of Mobile Apex push calls: 0 out of 10

01:01:46.585 (585955705)|CUMULATIVE_LIMIT_USAGE_END

01:01:46.583 (586196265)|CODE_UNIT_FINISHED|ClosedOpportunityTrigger on Opportunity trigger event AfterInsert|__sfdc_trigger/ClosedOpportunityTrigger
01:01:46.587 (587731935)|CODE_UNIT_STARTED|[EXTERNAL]|Flow:Opportunity
01:01:46.587 (587956993)|CODE_UNIT_FINISHED|Flow:Opportunity
01:01:46.588 (588055356)|CODE_UNIT_STARTED|[EXTERNAL]|Flow:Opportunity
01:01:46.588 (590707330)|CODE_UNIT_FINISHED|Flow:Opportunity
01:01:46.374 (595426288)|FLOW_START_INTERVIEWS_END|1
01:01:46.374 (597063510)|FLOW_INTERVIEW_FINISHED|1710dc9416817b1c0733194aa08e1a041a44f40-5cda|Account Contact Opportunity Flow
01:01:46.1 (599144711)|CODE_UNIT_FINISHED|Flow:Account
01:01:46.1 (600744521)|CODE_UNIT_STARTED|[EXTERNAL]|Flow:Account
01:01:46.1 (600769269)|CODE_UNIT_FINISHED|Flow:Account
01:01:46.1 (603685023)|DML_END|[12]
01:01:46.1 (604603305)|STATEMENT_EXECUTE|[13]
01:01:46.1 (604630774)|METHOD_ENTRY|[13]||System.Test.stopTest()
01:01:46.1 (604836823)|METHOD_EXIT|[13]||System.Test.stopTest()
01:01:46.1 (604842422)|STATEMENT_EXECUTE|[15]
01:01:46.1 (604850207)|HEAP_ALLOCATE|[15]|Bytes:114
01:01:46.1 (604881517)|HEAP_ALLOCATE|[15]|Bytes:4
01:01:46.1 (604892402)|HEAP_ALLOCATE|[15]|Bytes:7
01:01:46.1 (607929178)|SOQL_EXECUTE_BEGIN|[15]|Aggregations:0|SELECT Id, Subject, WhatId, OwnerId FROM Task WHERE (WhatId = :tmpVar1 AND Subject = 'Follow up with new Account')
01:01:46.1 (633113785)|SOQL_EXECUTE_END|[15]|Rows:1
01:01:46.1 (633159929)|HEAP_ALLOCATE|[15]|Bytes:8
01:01:46.1 (633178834)|HEAP_ALLOCATE|[15]|Bytes:123
01:01:46.1 (633261398)|HEAP_ALLOCATE|[15]|Bytes:8
01:01:46.1 (633288207)|VARIABLE_SCOPE_BEGIN|[15]|tasks|List<Task>|true|false
01:01:46.1 (633504551)|VARIABLE_ASSIGNMENT|[15]|tasks|[{"Id":"00TgK00000BZtJRUA1","WhatId":"001gK00001PMXHtQAP","OwnerId":"005gK00004LjKI1QAN","Subject":"Follow up with new A (6 more) ..."}]|0x18bc81ad
01:01:46.1 (633515621)|STATEMENT_EXECUTE|[22]
01:01:46.1 (633601610)|HEAP_ALLOCATE|[24]|Bytes:44
01:01:46.1 (633716571)|STATEMENT_EXECUTE|[27]
01:01:46.1 (633747660)|HEAP_ALLOCATE|[29]|Bytes:20
01:01:46.1 (633784360)|HEAP_ALLOCATE|[30]|Bytes:41
01:01:46.1 (633845571)|SYSTEM_MODE_EXIT|false
01:01:46.633 (633882336)|CUMULATIVE_LIMIT_USAGE
01:01:46.633 (633882336)|LIMIT_USAGE_FOR_NS|(default)|
  Number of SOQL queries: 1 out of 100
  Number of query rows: 1 out of 50000
  Number of SOSL queries: 0 out of 20
  Number of DML statements: 0 out of 150
  Number of Publish Immediate DML: 0 out of 150
  Number of DML rows: 0 out of 10000
  Maximum CPU time: 0 out of 10000
  Maximum heap size: 0 out of 6000000
  Number of callouts: 0 out of 100
  Number of Email Invocations: 0 out of 10
  Number of future calls: 0 out of 50
  Number of queueable jobs added to the queue: 0 out of 50
  Number of Mobile Apex push calls: 0 out of 10

01:01:46.633 (633882336)|TESTING_LIMITS
01:01:46.633 (633882336)|LIMIT_USAGE_FOR_NS|(default)|
  Number of SOQL queries: 0 out of 100
  Number of query rows: 0 out of 50000
  Number of SOSL queries: 0 out of 20
  Number of DML statements: 4 out of 150
  Number of Publish Immediate DML: 0 out of 150
  Number of DML rows: 4 out of 10000
  Maximum CPU time: 142 out of 10000
  Maximum heap size: 0 out of 6000000
  Number of callouts: 0 out of 100
  Number of Email Invocations: 0 out of 10
  Number of future calls: 0 out of 50
  Number of queueable jobs added to the queue: 0 out of 50
  Number of Mobile Apex push calls: 0 out of 10

01:01:46.633 (633882336)|CUMULATIVE_LIMIT_USAGE_END

01:01:46.1 (633985098)|CODE_UNIT_FINISHED|AccountTaskCreatorTest.testTaskCreatedForAccountOwner()
01:01:46.1 (633998134)|EXECUTION_FINISHED
01:01:47.508 (1508204185)|USER_INFO|[EXTERNAL]|005gK00004LjKI1|dasshankarjay97363107.1be822b813f1@agentforce.com|(GMT-07:00) Pacific Daylight Time (America/Los_Angeles)|GMT-07:00
01:01:47.508 (1508224133)|EXECUTION_STARTED
01:01:47.508 (1508235195)|CODE_UNIT_STARTED|[EXTERNAL]|DuplicateDetector
01:01:47.508 (1508248728)|DUPLICATE_DETECTION_BEGIN
01:01:47.508 (1508293752)|DUPLICATE_DETECTION_RULE_INVOCATION|DuplicateRuleId:0BmgK0000076XRt|DuplicateRuleName:Standard Account Duplicate Rule|DmlType:INSERT
01:01:47.508 (1534196018)|DUPLICATE_DETECTION_END
01:01:47.508 (1534224278)|CODE_UNIT_FINISHED|DuplicateDetector
01:01:47.508 (1534243431)|EXECUTION_FINISHED
01:01:47.535 (1535919379)|USER_INFO|[EXTERNAL]|005gK00004LjKI1|dasshankarjay97363107.1be822b813f1@agentforce.com|(GMT-07:00) Pacific Daylight Time (America/Los_Angeles)|GMT-07:00
01:01:47.535 (1535935920)|EXECUTION_STARTED
01:01:47.535 (1535946252)|CODE_UNIT_STARTED|[EXTERNAL]|DuplicateDetector
01:01:47.535 (1535957975)|DUPLICATE_DETECTION_BEGIN
01:01:47.535 (1536021976)|DUPLICATE_DETECTION_RULE_INVOCATION|DuplicateRuleId:0BmgK0000076XRu|DuplicateRuleName:Standard Contact Duplicate Rule|DmlType:INSERT
01:01:47.535 (1561785429)|DUPLICATE_DETECTION_END
01:01:47.535 (1561850682)|CODE_UNIT_FINISHED|DuplicateDetector
01:01:47.535 (1561872611)|EXECUTION_FINISHED
