67.0 APEX_CODE,FINEST;APEX_PROFILING,INFO;CALLOUT,INFO;DATA_ACCESS,INFO;DB,INFO;NBA,INFO;SYSTEM,DEBUG;VALIDATION,INFO;VISUALFORCE,INFO;WAVE,INFO;WORKFLOW,INFO
01:06:50.0 (217367)|USER_INFO|[EXTERNAL]|005gK00004LjKI1|dasshankarjay97363107.1be822b813f1@agentforce.com|(GMT-07:00) Pacific Daylight Time (America/Los_Angeles)|GMT-07:00
01:06:50.0 (285004)|EXECUTION_STARTED
01:06:50.0 (294828)|CODE_UNIT_STARTED|[EXTERNAL]|TRIGGERS
01:06:50.0 (352835)|CODE_UNIT_STARTED|[EXTERNAL]|01qgK000005lwTt|AccountAddressTrigger on Account trigger event BeforeInsert|__sfdc_trigger/AccountAddressTrigger
01:06:50.0 (487047)|HEAP_ALLOCATE|[EXTERNAL]|Bytes:8
01:06:50.0 (2268320)|HEAP_ALLOCATE|[95]|Bytes:3
01:06:50.0 (2400095)|HEAP_ALLOCATE|[100]|Bytes:152
01:06:50.0 (2425671)|HEAP_ALLOCATE|[417]|Bytes:408
01:06:50.0 (2441262)|HEAP_ALLOCATE|[430]|Bytes:408
01:06:50.0 (2471994)|HEAP_ALLOCATE|[317]|Bytes:6
01:06:50.0 (2508019)|HEAP_ALLOCATE|[EXTERNAL]|Bytes:4
01:06:50.0 (2525835)|VARIABLE_SCOPE_BEGIN|[1]|this|AccountAddressTrigger|true|false
01:06:50.0 (2668682)|VARIABLE_ASSIGNMENT|[1]|this|{}|0x5d0278b1
01:06:50.0 (2739860)|HEAP_ALLOCATE|[EXTERNAL]|Bytes:4
01:06:50.0 (2748871)|VARIABLE_SCOPE_BEGIN|[1]|this|AccountAddressTrigger|true|false
01:06:50.0 (2760295)|VARIABLE_ASSIGNMENT|[1]|this|{}|0x5d0278b1
01:06:50.0 (2773469)|STATEMENT_EXECUTE|[1]
01:06:50.0 (2812158)|HEAP_ALLOCATE|[68]|Bytes:5
01:06:50.0 (2868131)|HEAP_ALLOCATE|[74]|Bytes:5
01:06:50.0 (2875825)|HEAP_ALLOCATE|[82]|Bytes:7
01:06:50.0 (3934956)|HEAP_ALLOCATE|[3]|Bytes:5
01:06:50.0 (4007674)|HEAP_ALLOCATE|[3]|Bytes:4
01:06:50.0 (4027957)|VARIABLE_SCOPE_BEGIN|[3]|acc|Account|true|false
01:06:50.0 (5390317)|VARIABLE_ASSIGNMENT|[3]|acc|{"IsDeleted":false,"OwnerId":"005gK00004LjKI1QAN","Match_Billing_Address__c":false,"BillingCountryCode":"US","isAvaible__c":false,"Name":"Cloud Gyata","ShippingCountryCode":"US"}|0x6e8f0ac5
01:06:50.0 (5402405)|STATEMENT_EXECUTE|[3]
01:06:50.0 (5468406)|STATEMENT_EXECUTE|[4]
01:06:50.0 (5487405)|HEAP_ALLOCATE|[3]|Bytes:5
01:06:50.0 (5503120)|VARIABLE_ASSIGNMENT|[3]|acc|null|
01:06:50.5 (5528685)|CUMULATIVE_LIMIT_USAGE
01:06:50.5 (5528685)|LIMIT_USAGE_FOR_NS|(default)|
  Number of SOQL queries: 0 out of 100
  Number of query rows: 0 out of 50000
  Number of SOSL queries: 0 out of 20
  Number of DML statements: 0 out of 150
  Number of Publish Immediate DML: 0 out of 150
  Number of DML rows: 0 out of 10000
  Maximum CPU time: 0 out of 10000
  Maximum heap size: 0 out of 6000000
  Number of callouts: 0 out of 100
  Number of Email Invocations: 0 out of 10
  Number of future calls: 0 out of 50
  Number of queueable jobs added to the queue: 0 out of 50
  Number of Mobile Apex push calls: 0 out of 10

01:06:50.5 (5528685)|CUMULATIVE_LIMIT_USAGE_END

01:06:50.0 (5795387)|CODE_UNIT_FINISHED|AccountAddressTrigger on Account trigger event BeforeInsert|__sfdc_trigger/AccountAddressTrigger
01:06:50.0 (17402738)|CODE_UNIT_STARTED|[EXTERNAL]|DuplicateDetector
01:06:50.0 (17428503)|DUPLICATE_DETECTION_BEGIN
01:06:50.0 (19180728)|DUPLICATE_DETECTION_RULE_INVOCATION|DuplicateRuleId:0BmgK0000076XRt|DuplicateRuleName:Standard Account Duplicate Rule|DmlType:INSERT
01:06:50.0 (67465962)|DUPLICATE_DETECTION_MATCH_INVOCATION_DETAILS|EntityType:Account|ActionTaken:Allow_[Alert,Report]|DuplicateRecordIds:
01:06:50.0 (67496373)|DUPLICATE_DETECTION_MATCH_INVOCATION_SUMMARY|EntityType:Account|NumRecordsToBeSaved:1|NumRecordsToBeSavedWithDuplicates:0|NumDuplicateRecordsFound:0
01:06:50.0 (67715306)|DUPLICATE_DETECTION_END
01:06:50.0 (67726763)|CODE_UNIT_FINISHED|DuplicateDetector
01:06:50.0 (276353938)|CODE_UNIT_STARTED|[EXTERNAL]|01qgK000005jVG5|AccountTrigger on Account trigger event AfterInsert|__sfdc_trigger/AccountTrigger
01:06:50.0 (276410986)|HEAP_ALLOCATE|[EXTERNAL]|Bytes:8
01:06:50.0 (276668281)|HEAP_ALLOCATE|[EXTERNAL]|Bytes:4
01:06:50.0 (276686505)|VARIABLE_SCOPE_BEGIN|[1]|this|AccountTrigger|true|false
01:06:50.0 (276739648)|VARIABLE_ASSIGNMENT|[1]|this|{}|0x1c3e0eeb
01:06:50.0 (276784470)|HEAP_ALLOCATE|[EXTERNAL]|Bytes:4
01:06:50.0 (276802496)|VARIABLE_SCOPE_BEGIN|[1]|this|AccountTrigger|true|false
01:06:50.0 (276810208)|VARIABLE_ASSIGNMENT|[1]|this|{}|0x1c3e0eeb
01:06:50.0 (276815104)|STATEMENT_EXECUTE|[1]
01:06:50.0 (276816059)|STATEMENT_EXECUTE|[2]
01:06:50.0 (291306187)|HEAP_ALLOCATE|[2]|Bytes:1
01:06:50.0 (291375877)|METHOD_ENTRY|[1]|01pgK00000FdX8L|AccountTaskCreator.AccountTaskCreator()
01:06:50.0 (291387912)|STATEMENT_EXECUTE|[1]
01:06:50.0 (291398294)|STATEMENT_EXECUTE|[1]
01:06:50.0 (292886788)|SYSTEM_MODE_ENTER|false
01:06:50.0 (292917939)|HEAP_ALLOCATE|[2]|Bytes:5
01:06:50.0 (292936084)|SYSTEM_MODE_EXIT|false
01:06:50.0 (292956547)|METHOD_EXIT|[1]|AccountTaskCreator
01:06:50.0 (293005762)|METHOD_ENTRY|[2]|01pgK00000FdX8L|AccountTaskCreator.createTaskForAccountOwner(List<Account>)
01:06:50.0 (293052076)|VARIABLE_SCOPE_BEGIN|[3]|accounts|List<Account>|true|false
01:06:50.0 (294013904)|VARIABLE_ASSIGNMENT|[3]|accounts|[{"LastModifiedDate":"2026-08-27T08:06:50.000Z","IsDeleted":false,"BillingCountryCode":"US","isAvaible__c":false,"SystemModstamp":"2026-08-27T08:06:50.000Z","Name":"Cloud Gyata","ShippingCountryCode":"US","CleanStatus":"Pending","BillingCountry":"United States","OwnerId":"005gK00004LjKI1QAN","CreatedById":"005gK00004LjKI1QAN","Match_Billing_Address__c":false,"CreatedDate":"2026-08-27T08:06:50.000Z","ShippingCountry":"United States","Id":"001gK00001PNPtHQAX","LastModifiedById":"005gK00004LjKI1QAN"}]|0x3d60d9c2
01:06:50.0 (294042050)|SYSTEM_MODE_ENTER|false
01:06:50.0 (294050027)|HEAP_ALLOCATE|[5]|Bytes:5
01:06:50.0 (294054860)|STATEMENT_EXECUTE|[3]
01:06:50.0 (294055796)|STATEMENT_EXECUTE|[5]
01:06:50.0 (294134209)|HEAP_ALLOCATE|[5]|Bytes:4
01:06:50.0 (294257965)|VARIABLE_SCOPE_BEGIN|[5]|tasks|List<Task>|true|false
01:06:50.0 (294275725)|HEAP_ALLOCATE|[EXTERNAL]|Bytes:4
01:06:50.0 (294283372)|VARIABLE_ASSIGNMENT|[5]|tasks|[]|0x5d5d2fbe
01:06:50.0 (294327742)|HEAP_ALLOCATE|[7]|Bytes:5
01:06:50.0 (294348534)|VARIABLE_SCOPE_BEGIN|[7]|acc|Account|true|false
01:06:50.0 (295261931)|VARIABLE_ASSIGNMENT|[7]|acc|{"LastModifiedDate":"2026-08-27T08:06:50.000Z","IsDeleted":false,"BillingCountryCode":"US","isAvaible__c":false,"SystemModstamp":"2026-08-27T08:06:50.000Z","Name":"Cloud Gyata","ShippingCountryCode":"US","CleanStatus":"Pending","BillingCountry":"United States","OwnerId":"005gK00004LjKI1QAN","CreatedById":"005gK00004LjKI1QAN","Match_Billing_Address__c":false,"CreatedDate":"2026-08-27T08:06:50.000Z","ShippingCountry":"United States","Id":"001gK00001PNPtHQAX","LastModifiedById":"005gK00004LjKI1QAN"}|0x6c9f983
01:06:50.0 (295270516)|STATEMENT_EXECUTE|[7]
01:06:50.0 (295271568)|STATEMENT_EXECUTE|[8]
01:06:50.0 (295298610)|HEAP_ALLOCATE|[8]|Bytes:4
01:06:50.0 (295575617)|HEAP_ALLOCATE|[9]|Bytes:26
01:06:50.0 (295680956)|VARIABLE_ASSIGNMENT|[8]|this.Subject|"Follow up with new A (6 more) ..."|0x733af219
01:06:50.0 (296970802)|VARIABLE_ASSIGNMENT|[8]|this.WhatId|"001gK00001PNPtHQAX"|0x733af219
01:06:50.0 (297009743)|VARIABLE_ASSIGNMENT|[8]|this.OwnerId|"005gK00004LjKI1QAN"|0x733af219
01:06:50.0 (297014511)|HEAP_ALLOCATE|[12]|Bytes:11
01:06:50.0 (297029315)|VARIABLE_ASSIGNMENT|[8]|this.Status|"Not Started"|0x733af219
01:06:50.0 (297032218)|HEAP_ALLOCATE|[13]|Bytes:6
01:06:50.0 (297045971)|VARIABLE_ASSIGNMENT|[8]|this.Priority|"Normal"|0x733af219
01:06:50.0 (297088563)|VARIABLE_SCOPE_BEGIN|[8]|t|Task|true|false
01:06:50.0 (297105823)|VARIABLE_ASSIGNMENT|[8]|t|{"Subject":"Follow up with new A (6 more) ...","WhatId":"001gK00001PNPtHQAX","OwnerId":"005gK00004LjKI1QAN","Status":"Not Started","Priority":"Normal"}|0x733af219
01:06:50.0 (297109396)|STATEMENT_EXECUTE|[16]
01:06:50.0 (297173184)|HEAP_ALLOCATE|[EXTERNAL]|Bytes:4
01:06:50.0 (297191880)|HEAP_ALLOCATE|[7]|Bytes:5
01:06:50.0 (297202111)|VARIABLE_ASSIGNMENT|[7]|acc|null|
01:06:50.0 (297223762)|STATEMENT_EXECUTE|[19]
01:06:50.0 (297224640)|STATEMENT_EXECUTE|[20]
01:06:50.0 (297389064)|DML_BEGIN|[20]|Op:Insert|Type:Task|Rows:1
01:06:50.0 (297469924)|HEAP_ALLOCATE|[EXTERNAL]|Bytes:8
01:06:50.0 (376190262)|DML_END|[20]
01:06:50.0 (377317609)|HEAP_ALLOCATE|[EXTERNAL]|Bytes:8
01:06:50.0 (377353032)|SYSTEM_MODE_EXIT|false
01:06:50.0 (377371703)|METHOD_EXIT|[2]|01pgK00000FdX8L|AccountTaskCreator.createTaskForAccountOwner(List<Account>)
01:06:50.377 (377388970)|CUMULATIVE_LIMIT_USAGE
01:06:50.377 (377388970)|LIMIT_USAGE_FOR_NS|(default)|
  Number of SOQL queries: 0 out of 100
  Number of query rows: 0 out of 50000
  Number of SOSL queries: 0 out of 20
  Number of DML statements: 1 out of 150
  Number of Publish Immediate DML: 0 out of 150
  Number of DML rows: 1 out of 10000
  Maximum CPU time: 0 out of 10000
  Maximum heap size: 0 out of 6000000
  Number of callouts: 0 out of 100
  Number of Email Invocations: 0 out of 10
  Number of future calls: 0 out of 50
  Number of queueable jobs added to the queue: 0 out of 50
  Number of Mobile Apex push calls: 0 out of 10

01:06:50.377 (377388970)|CUMULATIVE_LIMIT_USAGE_END

01:06:50.0 (377592188)|CODE_UNIT_FINISHED|AccountTrigger on Account trigger event AfterInsert|__sfdc_trigger/AccountTrigger
01:06:50.0 (380221096)|CODE_UNIT_STARTED|[EXTERNAL]|Flow:Account
01:06:50.398 (398059262)|FLOW_CREATE_INTERVIEW_BEGIN|00DgK00000Q0VhZ|300gK000012w6BT|301gK00001CCf81
01:06:50.398 (398393396)|FLOW_CREATE_INTERVIEW_END|1425e3715541d4422f1c177297a51a041a1da23-5c34|Account Email Notification Flow
01:06:50.400 (400411442)|FLOW_START_INTERVIEWS_BEGIN|1
01:06:50.400 (400567728)|FLOW_START_INTERVIEW_BEGIN|1425e3715541d4422f1c177297a51a041a1da23-5c34|Account Email Notification Flow
01:06:50.400 (401166627)|FLOW_START_INTERVIEW_END|1425e3715541d4422f1c177297a51a041a1da23-5c34|Account Email Notification Flow
01:06:50.400 (447925425)|WF_EMAIL_SENT|Reference:emailSimple|Recipients:dasshankarjay97363107@gmail.com |CcEmails:
01:06:50.400 (450111586)|FLOW_START_INTERVIEWS_END|1
01:06:50.400 (450672144)|FLOW_INTERVIEW_FINISHED|1425e3715541d4422f1c177297a51a041a1da23-5c34|Account Email Notification Flow
01:06:50.454 (454735492)|FLOW_CREATE_INTERVIEW_BEGIN|00DgK00000Q0VhZ|300gK000012wYnd|301gK00001CCLSg
01:06:50.454 (454830409)|FLOW_CREATE_INTERVIEW_END|1426e3715541d4422f1c177297a51a041a1da23-5c33|Account Email Notification
01:06:50.456 (456352121)|FLOW_START_INTERVIEWS_BEGIN|1
01:06:50.456 (456448885)|FLOW_START_INTERVIEW_BEGIN|1426e3715541d4422f1c177297a51a041a1da23-5c33|Account Email Notification
01:06:50.456 (456774712)|FLOW_START_INTERVIEW_END|1426e3715541d4422f1c177297a51a041a1da23-5c33|Account Email Notification
01:06:50.456 (489462910)|WF_EMAIL_SENT|Reference:emailSimple|Recipients:dasshankarjay97363107@gmail.com |CcEmails:
01:06:50.456 (490806015)|FLOW_START_INTERVIEWS_END|1
01:06:50.456 (491232630)|FLOW_INTERVIEW_FINISHED|1426e3715541d4422f1c177297a51a041a1da23-5c33|Account Email Notification
01:06:50.497 (497929025)|FLOW_CREATE_INTERVIEW_BEGIN|00DgK00000Q0VhZ|300gK000012wblX|301gK00001CCnNJ
01:06:50.497 (498031642)|FLOW_CREATE_INTERVIEW_END|1427e3715541d4422f1c177297a51a041a1da23-5c32|Account Contact Opportunity Flow
01:06:50.499 (499463665)|FLOW_START_INTERVIEWS_BEGIN|1
01:06:50.499 (499538338)|FLOW_START_INTERVIEW_BEGIN|1427e3715541d4422f1c177297a51a041a1da23-5c32|Account Contact Opportunity Flow
01:06:50.499 (499773218)|FLOW_START_INTERVIEW_END|1427e3715541d4422f1c177297a51a041a1da23-5c32|Account Contact Opportunity Flow
01:06:50.510 (510034449)|CODE_UNIT_STARTED|[EXTERNAL]|Flow:Contact
01:06:50.510 (510065872)|CODE_UNIT_FINISHED|Flow:Contact
01:06:50.512 (512399973)|CODE_UNIT_STARTED|[EXTERNAL]|01qgK000005m0Sf|RestrictContactByName on Contact trigger event BeforeInsert|__sfdc_trigger/RestrictContactByName
01:06:50.512 (512474422)|HEAP_ALLOCATE|[EXTERNAL]|Bytes:8
01:06:50.512 (512578706)|HEAP_ALLOCATE|[EXTERNAL]|Bytes:4
01:06:50.512 (512590976)|VARIABLE_SCOPE_BEGIN|[1]|this|RestrictContactByName|true|false
01:06:50.512 (512668545)|VARIABLE_ASSIGNMENT|[1]|this|{}|0x758e8f08
01:06:50.512 (512703633)|HEAP_ALLOCATE|[EXTERNAL]|Bytes:4
01:06:50.512 (512708605)|VARIABLE_SCOPE_BEGIN|[1]|this|RestrictContactByName|true|false
01:06:50.512 (512724585)|VARIABLE_ASSIGNMENT|[1]|this|{}|0x758e8f08
01:06:50.512 (512734192)|STATEMENT_EXECUTE|[1]
01:06:50.512 (513006312)|HEAP_ALLOCATE|[3]|Bytes:5
01:06:50.512 (513038353)|HEAP_ALLOCATE|[3]|Bytes:4
01:06:50.512 (513081168)|VARIABLE_SCOPE_BEGIN|[3]|c|Contact|true|false
01:06:50.512 (516819208)|VARIABLE_ASSIGNMENT|[3]|c|{"IsDeleted":false,"IsEmailBounced":false,"DoNotCall":false,"OtherCountryCode":"US","HasOptedOutOfEmail":false,"HasOptedOutOfFax":false,"Content_Fullname__c":" Cloud Gyata","Missing_Data__c":false,"OwnerId":"005gK00004LjKI1QAN","Full_Name__c":" Cloud Gyata","MailingCountryCode":"US","LastName":"Cloud Gyata","IsPriorityRecord":false,"Active__c":false}|0x1377abb2
01:06:50.512 (516841045)|STATEMENT_EXECUTE|[3]
01:06:50.512 (516880345)|HEAP_ALLOCATE|[4]|Bytes:11
01:06:50.512 (516959554)|STATEMENT_EXECUTE|[4]
01:06:50.512 (516992641)|HEAP_ALLOCATE|[3]|Bytes:5
01:06:50.512 (517015005)|VARIABLE_ASSIGNMENT|[3]|c|null|
01:06:50.517 (517032928)|CUMULATIVE_LIMIT_USAGE
01:06:50.517 (517032928)|LIMIT_USAGE_FOR_NS|(default)|
  Number of SOQL queries: 0 out of 100
  Number of query rows: 0 out of 50000
  Number of SOSL queries: 0 out of 20
  Number of DML statements: 2 out of 150
  Number of Publish Immediate DML: 0 out of 150
  Number of DML rows: 2 out of 10000
  Maximum CPU time: 107 out of 10000
  Maximum heap size: 0 out of 6000000
  Number of callouts: 0 out of 100
  Number of Email Invocations: 0 out of 10
  Number of future calls: 0 out of 50
  Number of queueable jobs added to the queue: 0 out of 50
  Number of Mobile Apex push calls: 0 out of 10

01:06:50.517 (517032928)|CUMULATIVE_LIMIT_USAGE_END

01:06:50.512 (517272726)|CODE_UNIT_FINISHED|RestrictContactByName on Contact trigger event BeforeInsert|__sfdc_trigger/RestrictContactByName
01:06:50.521 (521275510)|CODE_UNIT_STARTED|[EXTERNAL]|DuplicateDetector
01:06:50.521 (521293995)|DUPLICATE_DETECTION_BEGIN
01:06:50.521 (521352708)|DUPLICATE_DETECTION_RULE_INVOCATION|DuplicateRuleId:0BmgK0000076XRu|DuplicateRuleName:Standard Contact Duplicate Rule|DmlType:INSERT
01:06:50.521 (565689345)|DUPLICATE_DETECTION_MATCH_INVOCATION_DETAILS|EntityType:Contact|ActionTaken:Allow_[Alert,Report]|DuplicateRecordIds:
01:06:50.521 (565713575)|DUPLICATE_DETECTION_MATCH_INVOCATION_SUMMARY|EntityType:Contact|NumRecordsToBeSaved:1|NumRecordsToBeSavedWithDuplicates:0|NumDuplicateRecordsFound:0
01:06:50.521 (565721201)|DUPLICATE_DETECTION_MATCH_INVOCATION_DETAILS|EntityType:Contact|ActionTaken:Allow_[Alert,Report]|DuplicateRecordIds:
01:06:50.521 (565724322)|DUPLICATE_DETECTION_MATCH_INVOCATION_SUMMARY|EntityType:Contact|NumRecordsToBeSaved:1|NumRecordsToBeSavedWithDuplicates:0|NumDuplicateRecordsFound:0
01:06:50.521 (566095517)|DUPLICATE_DETECTION_END
01:06:50.521 (566104691)|CODE_UNIT_FINISHED|DuplicateDetector
01:06:50.606 (606028892)|CODE_UNIT_STARTED|[EXTERNAL]|Flow:Contact
01:06:50.606 (606070291)|CODE_UNIT_FINISHED|Flow:Contact
01:06:50.606 (606158322)|CODE_UNIT_STARTED|[EXTERNAL]|Flow:Contact
01:06:50.606 (606179972)|CODE_UNIT_FINISHED|Flow:Contact
01:06:50.632 (632767501)|CODE_UNIT_STARTED|[EXTERNAL]|Flow:Opportunity
01:06:50.632 (632816812)|CODE_UNIT_FINISHED|Flow:Opportunity
01:06:50.655 (655492409)|CODE_UNIT_STARTED|[EXTERNAL]|Validation:Opportunity:new
01:06:50.655 (655523722)|VALIDATION_RULE|03dgK000000wiqH|Opportunity_Name_Lock
01:06:50.655 (655767755)|VALIDATION_FORMULA|AND(
OR(
ISPICKVAL(StageName,"Closed Won"),
ISPICKVAL(StageName,"Closed Lost")
),
ISCHANGED(Name)
)|StageName=Prospecting , Name=Cloud Gyata
01:06:50.655 (655773876)|VALIDATION_PASS
01:06:50.655 (655785320)|CODE_UNIT_FINISHED|Validation:Opportunity:new
01:06:50.716 (716398402)|CODE_UNIT_STARTED|[EXTERNAL]|01qgK000005lwor|ClosedOpportunityTrigger on Opportunity trigger event AfterInsert|__sfdc_trigger/ClosedOpportunityTrigger
01:06:50.716 (716483279)|HEAP_ALLOCATE|[EXTERNAL]|Bytes:8
01:06:50.716 (716664604)|HEAP_ALLOCATE|[EXTERNAL]|Bytes:8
01:06:50.716 (716677863)|VARIABLE_SCOPE_BEGIN|[1]|this|ClosedOpportunityTrigger|true|false
01:06:50.716 (716771878)|VARIABLE_ASSIGNMENT|[1]|this|{}|0xa33caac
01:06:50.716 (716809516)|HEAP_ALLOCATE|[EXTERNAL]|Bytes:8
01:06:50.716 (716815249)|VARIABLE_SCOPE_BEGIN|[1]|this|ClosedOpportunityTrigger|true|false
01:06:50.716 (716825918)|VARIABLE_ASSIGNMENT|[1]|this|{}|0xa33caac
01:06:50.716 (716833491)|STATEMENT_EXECUTE|[1]
01:06:50.716 (716835059)|STATEMENT_EXECUTE|[3]
01:06:50.716 (716857430)|HEAP_ALLOCATE|[3]|Bytes:4
01:06:50.716 (716970266)|HEAP_ALLOCATE|[EXTERNAL]|Bytes:4
01:06:50.716 (716986326)|VARIABLE_ASSIGNMENT|[3]|this.tasksToCreate|[]|0xa33caac
01:06:50.716 (717268276)|HEAP_ALLOCATE|[5]|Bytes:5
01:06:50.716 (717311794)|VARIABLE_SCOPE_BEGIN|[5]|opp|Opportunity|true|false
01:06:50.716 (719208283)|VARIABLE_ASSIGNMENT|[5]|opp|{"Text__c":"Normal Priority","LastModifiedDate":"2026-08-27T08:06:51.000Z","IsDeleted":false,"AccountId":"001gK00001PNPtHQAX","HasOpportunityLineItem":false,"StageName":"Prospecting","Probability":10,"ForecastCategory":"Pipeline","IsClosed":false,"CloseDate":"2026-02-07T00:00:00.000Z","Name":"Cloud Gyata","SystemModstamp":"2026-08-27T08:06:51.000Z","HasOpenActivity":false,"Priority__c":"Cloud Gyata","CreatedById":"005gK00004LjKI1QAN","OwnerId":"005gK00004LjKI1QAN","IsWon":false,"CreatedDate":"2026-08-27T08:06:51.000Z","HasOverdueTask":false,"Id":"006gK00000NPS3tQAH","ForecastCategoryName":"Pipeline","IsPrivate":false,"LastModifiedById":"005gK00004LjKI1QAN"}|0x5b6d1865
01:06:50.716 (719232278)|STATEMENT_EXECUTE|[5]
01:06:50.716 (719268909)|HEAP_ALLOCATE|[6]|Bytes:10
01:06:50.716 (719301385)|STATEMENT_EXECUTE|[6]
01:06:50.716 (719326328)|HEAP_ALLOCATE|[5]|Bytes:5
01:06:50.716 (719346958)|VARIABLE_ASSIGNMENT|[5]|opp|null|
01:06:50.716 (719403129)|STATEMENT_EXECUTE|[14]
01:06:50.719 (719414730)|CUMULATIVE_LIMIT_USAGE
01:06:50.719 (719414730)|LIMIT_USAGE_FOR_NS|(default)|
  Number of SOQL queries: 0 out of 100
  Number of query rows: 0 out of 50000
  Number of SOSL queries: 0 out of 20
  Number of DML statements: 3 out of 150
  Number of Publish Immediate DML: 0 out of 150
  Number of DML rows: 3 out of 10000
  Maximum CPU time: 129 out of 10000
  Maximum heap size: 0 out of 6000000
  Number of callouts: 0 out of 100
  Number of Email Invocations: 0 out of 10
  Number of future calls: 0 out of 50
  Number of queueable jobs added to the queue: 0 out of 50
  Number of Mobile Apex push calls: 0 out of 10

01:06:50.719 (719414730)|CUMULATIVE_LIMIT_USAGE_END

01:06:50.716 (719675686)|CODE_UNIT_FINISHED|ClosedOpportunityTrigger on Opportunity trigger event AfterInsert|__sfdc_trigger/ClosedOpportunityTrigger
01:06:50.721 (721392594)|CODE_UNIT_STARTED|[EXTERNAL]|Flow:Opportunity
01:06:50.721 (721629501)|CODE_UNIT_FINISHED|Flow:Opportunity
01:06:50.721 (721727645)|CODE_UNIT_STARTED|[EXTERNAL]|Flow:Opportunity
01:06:50.721 (729021564)|CODE_UNIT_FINISHED|Flow:Opportunity
01:06:50.499 (733407869)|FLOW_START_INTERVIEWS_END|1
01:06:50.499 (733700357)|FLOW_INTERVIEW_FINISHED|1427e3715541d4422f1c177297a51a041a1da23-5c32|Account Contact Opportunity Flow
01:06:50.0 (735753174)|CODE_UNIT_FINISHED|Flow:Account
01:06:50.0 (737204014)|CODE_UNIT_STARTED|[EXTERNAL]|Flow:Account
01:06:50.0 (737226355)|CODE_UNIT_FINISHED|Flow:Account
01:06:51.63 (1063198005)|CODE_UNIT_STARTED|[EXTERNAL]|DuplicateDetector
01:06:51.63 (1063224335)|DUPLICATE_DETECTION_BEGIN
01:06:51.63 (1063278854)|DUPLICATE_DETECTION_RULE_INVOCATION|DuplicateRuleId:0BmgK0000076XRt|DuplicateRuleName:Standard Account Duplicate Rule|DmlType:INSERT
01:06:51.63 (1105299201)|DUPLICATE_DETECTION_END
01:06:51.63 (1105323123)|CODE_UNIT_FINISHED|DuplicateDetector
01:06:51.63 (1105473361)|CODE_UNIT_STARTED|[EXTERNAL]|DuplicateDetector
01:06:51.63 (1105481207)|DUPLICATE_DETECTION_BEGIN
01:06:51.63 (1105564080)|DUPLICATE_DETECTION_RULE_INVOCATION|DuplicateRuleId:0BmgK0000076XRu|DuplicateRuleName:Standard Contact Duplicate Rule|DmlType:INSERT
01:06:51.63 (1131933384)|DUPLICATE_DETECTION_END
01:06:51.63 (1131946061)|CODE_UNIT_FINISHED|DuplicateDetector
01:06:51.63 (1132330781)|CODE_UNIT_FINISHED|TRIGGERS
01:06:51.63 (1132346147)|EXECUTION_FINISHED
