67.0 APEX_CODE,FINEST;APEX_PROFILING,INFO;CALLOUT,INFO;DATA_ACCESS,INFO;DB,INFO;NBA,INFO;SYSTEM,DEBUG;VALIDATION,INFO;VISUALFORCE,INFO;WAVE,INFO;WORKFLOW,INFO
15:01:18.0 (847216)|USER_INFO|[EXTERNAL]|005gK00004LjKI1|dasshankarjay97363107.1be822b813f1@agentforce.com|(GMT-07:00) Pacific Daylight Time (America/Los_Angeles)|GMT-07:00
15:01:18.0 (1168590)|EXECUTION_STARTED
15:01:18.0 (1209497)|CODE_UNIT_STARTED|[EXTERNAL]|Flow:01IgK0000060uOX
15:01:18.58 (58124481)|FLOW_CREATE_INTERVIEW_BEGIN|00DgK00000Q0VhZ|300gK000013L74K|301gK00001CUm6E
15:01:18.58 (61546744)|FLOW_CREATE_INTERVIEW_END|876812eca7fe16035d6920b66b601a03e94aa29-1493|Appointment Reminder
15:01:18.65 (65909280)|FLOW_START_INTERVIEWS_BEGIN|1
15:01:18.65 (69285151)|FLOW_START_INTERVIEW_BEGIN|876812eca7fe16035d6920b66b601a03e94aa29-1493|Appointment Reminder
15:01:18.65 (70396866)|FLOW_START_INTERVIEW_END|876812eca7fe16035d6920b66b601a03e94aa29-1493|Appointment Reminder
15:01:18.65 (325001205)|WF_EMAIL_SENT|Reference:emailSimple|Recipients:ram9650456@gmail.com erjay8797@gmail.com |CcEmails:
15:01:18.65 (336622120)|FLOW_START_INTERVIEWS_END|1
15:01:18.65 (337182344)|FLOW_INTERVIEW_FINISHED|876812eca7fe16035d6920b66b601a03e94aa29-1493|Appointment Reminder
15:01:18.347 (347797057)|FLOW_CREATE_INTERVIEW_BEGIN|00DgK00000Q0VhZ|300gK000013Ljcb|301gK00001EdYCZ
15:01:18.347 (347936900)|FLOW_CREATE_INTERVIEW_END|876912eca7fe16035d6920b66b601a03e94aa29-1494|Appointment Reminder Flow1
15:01:18.349 (349777992)|FLOW_START_INTERVIEWS_BEGIN|1
15:01:18.349 (349869509)|FLOW_START_INTERVIEW_BEGIN|876912eca7fe16035d6920b66b601a03e94aa29-1494|Appointment Reminder Flow1
15:01:18.349 (350115292)|FLOW_START_INTERVIEW_END|876912eca7fe16035d6920b66b601a03e94aa29-1494|Appointment Reminder Flow1
15:01:18.349 (383671444)|WF_EMAIL_SENT|Reference:emailSimple|Recipients:dasshankarjay97363107@gmail.com |CcEmails:
15:01:18.349 (384769008)|FLOW_START_INTERVIEWS_END|1
15:01:18.349 (385033347)|FLOW_INTERVIEW_FINISHED|876912eca7fe16035d6920b66b601a03e94aa29-1494|Appointment Reminder Flow1
15:01:18.0 (389564512)|CODE_UNIT_FINISHED|Flow:01IgK0000060uOX
15:01:18.0 (389610434)|EXECUTION_FINISHED
