67.0 APEX_CODE,FINEST;APEX_PROFILING,INFO;CALLOUT,INFO;DATA_ACCESS,INFO;DB,INFO;NBA,INFO;SYSTEM,DEBUG;VALIDATION,INFO;VISUALFORCE,INFO;WAVE,INFO;WORKFLOW,INFO
06:24:49.1 (1782275)|USER_INFO|[EXTERNAL]|005gK00004LjKI1|dasshankarjay97363107.1be822b813f1@agentforce.com|(GMT-07:00) Pacific Daylight Time (America/Los_Angeles)|GMT-07:00
06:24:49.1 (1854197)|EXECUTION_STARTED
06:24:49.1 (1896958)|CODE_UNIT_STARTED|[EXTERNAL]|01pgK00000FU8qj|AccountManagerTest.testGetAccount()
06:24:49.1 (2440763)|HEAP_ALLOCATE|[95]|Bytes:3
06:24:49.1 (2670444)|HEAP_ALLOCATE|[100]|Bytes:152
06:24:49.1 (2703242)|HEAP_ALLOCATE|[417]|Bytes:408
06:24:49.1 (2723912)|HEAP_ALLOCATE|[430]|Bytes:408
06:24:49.1 (2764984)|HEAP_ALLOCATE|[317]|Bytes:6
06:24:49.1 (2788317)|HEAP_ALLOCATE|[EXTERNAL]|Bytes:63
06:24:49.1 (2820250)|METHOD_ENTRY|[2]|01pgK00000FU8qj|AccountManagerTest.AccountManagerTest()
06:24:49.1 (2835096)|STATEMENT_EXECUTE|[2]
06:24:49.1 (2846121)|STATEMENT_EXECUTE|[2]
06:24:49.1 (2888761)|HEAP_ALLOCATE|[68]|Bytes:5
06:24:49.1 (2961704)|HEAP_ALLOCATE|[74]|Bytes:5
06:24:49.1 (2971514)|HEAP_ALLOCATE|[82]|Bytes:7
06:24:49.1 (4235303)|SYSTEM_MODE_ENTER|false
06:24:49.1 (4290911)|HEAP_ALLOCATE|[EXTERNAL]|Bytes:5
06:24:49.1 (4313738)|SYSTEM_MODE_EXIT|false
06:24:49.1 (4337116)|METHOD_EXIT|[2]|AccountManagerTest
06:24:49.1 (4452560)|SYSTEM_MODE_ENTER|false
06:24:49.1 (4457942)|HEAP_ALLOCATE|[7]|Bytes:5
06:24:49.1 (4462958)|STATEMENT_EXECUTE|[5]
06:24:49.1 (4465127)|STATEMENT_EXECUTE|[7]
06:24:49.1 (4582962)|HEAP_ALLOCATE|[7]|Bytes:4
06:24:49.1 (4796262)|HEAP_ALLOCATE|[8]|Bytes:12
06:24:49.1 (4988023)|VARIABLE_ASSIGNMENT|[7]|this.Name|"Test Account"|0x29956ecb
06:24:49.1 (5050576)|VARIABLE_SCOPE_BEGIN|[7]|acc|Account|true|false
06:24:49.1 (5083027)|VARIABLE_ASSIGNMENT|[7]|acc|{"Name":"Test Account"}|0x29956ecb
06:24:49.1 (5088456)|STATEMENT_EXECUTE|[10]
06:24:49.1 (5158767)|HEAP_ALLOCATE|[10]|Bytes:8
06:24:49.1 (5219857)|DML_BEGIN|[10]|Op:Insert|Type:Account|Rows:1
06:24:49.1 (5459668)|HEAP_ALLOCATE|[EXTERNAL]|Bytes:8
06:24:49.1 (23153636)|CODE_UNIT_STARTED|[EXTERNAL]|Flow:Account
06:24:49.1 (23218742)|CODE_UNIT_FINISHED|Flow:Account
06:24:49.1 (24748026)|CODE_UNIT_STARTED|[EXTERNAL]|01qgK000005lwTt|AccountAddressTrigger on Account trigger event BeforeInsert|__sfdc_trigger/AccountAddressTrigger
06:24:49.1 (24814739)|HEAP_ALLOCATE|[EXTERNAL]|Bytes:8
06:24:49.1 (25006941)|HEAP_ALLOCATE|[EXTERNAL]|Bytes:4
06:24:49.1 (25023013)|VARIABLE_SCOPE_BEGIN|[1]|this|AccountAddressTrigger|true|false
06:24:49.1 (25151897)|VARIABLE_ASSIGNMENT|[1]|this|{}|0x68f3d06a
06:24:49.1 (25221129)|HEAP_ALLOCATE|[EXTERNAL]|Bytes:4
06:24:49.1 (25228989)|VARIABLE_SCOPE_BEGIN|[1]|this|AccountAddressTrigger|true|false
06:24:49.1 (25256617)|VARIABLE_ASSIGNMENT|[1]|this|{}|0x68f3d06a
06:24:49.1 (25265378)|STATEMENT_EXECUTE|[1]
06:24:49.1 (25753692)|HEAP_ALLOCATE|[3]|Bytes:5
06:24:49.1 (25815713)|HEAP_ALLOCATE|[3]|Bytes:4
06:24:49.1 (25837427)|VARIABLE_SCOPE_BEGIN|[3]|acc|Account|true|false
06:24:49.1 (27669593)|VARIABLE_ASSIGNMENT|[3]|acc|{"IsDeleted":false,"OwnerId":"005gK00004LjKI1QAN","Match_Billing_Address__c":false,"BillingCountryCode":"US","isAvaible__c":false,"Name":"Test Account","ShippingCountryCode":"US"}|0x3fefab63
06:24:49.1 (27702772)|STATEMENT_EXECUTE|[3]
06:24:49.1 (27778530)|STATEMENT_EXECUTE|[4]
06:24:49.1 (27807002)|HEAP_ALLOCATE|[3]|Bytes:5
06:24:49.1 (27829837)|VARIABLE_ASSIGNMENT|[3]|acc|null|
06:24:49.27 (27851814)|CUMULATIVE_LIMIT_USAGE
06:24:49.27 (27851814)|LIMIT_USAGE_FOR_NS|(default)|
  Number of SOQL queries: 0 out of 100
  Number of query rows: 0 out of 50000
  Number of SOSL queries: 0 out of 20
  Number of DML statements: 1 out of 150
  Number of Publish Immediate DML: 0 out of 150
  Number of DML rows: 1 out of 10000
  Maximum CPU time: 0 out of 10000
  Maximum heap size: 0 out of 6000000
  Number of callouts: 0 out of 100
  Number of Email Invocations: 0 out of 10
  Number of future calls: 0 out of 50
  Number of queueable jobs added to the queue: 0 out of 50
  Number of Mobile Apex push calls: 0 out of 10

06:24:49.27 (27851814)|CUMULATIVE_LIMIT_USAGE_END

06:24:49.1 (28107898)|CODE_UNIT_FINISHED|AccountAddressTrigger on Account trigger event BeforeInsert|__sfdc_trigger/AccountAddressTrigger
06:24:49.1 (39820920)|CODE_UNIT_STARTED|[EXTERNAL]|DuplicateDetector
06:24:49.1 (39844116)|DUPLICATE_DETECTION_BEGIN
06:24:49.1 (41034402)|DUPLICATE_DETECTION_RULE_INVOCATION|DuplicateRuleId:0BmgK0000076XRt|DuplicateRuleName:Standard Account Duplicate Rule|DmlType:INSERT
06:24:49.1 (106600006)|DUPLICATE_DETECTION_MATCH_INVOCATION_DETAILS|EntityType:Account|ActionTaken:Allow_[Alert,Report]|DuplicateRecordIds:
06:24:49.1 (106630018)|DUPLICATE_DETECTION_MATCH_INVOCATION_SUMMARY|EntityType:Account|NumRecordsToBeSaved:1|NumRecordsToBeSavedWithDuplicates:0|NumDuplicateRecordsFound:0
06:24:49.1 (106882712)|DUPLICATE_DETECTION_END
06:24:49.1 (106890659)|CODE_UNIT_FINISHED|DuplicateDetector
06:24:49.1 (160715762)|CODE_UNIT_STARTED|[EXTERNAL]|01qgK000005jVG5|AccountTrigger on Account trigger event AfterInsert|__sfdc_trigger/AccountTrigger
06:24:49.1 (160794659)|HEAP_ALLOCATE|[EXTERNAL]|Bytes:8
06:24:49.1 (161076152)|HEAP_ALLOCATE|[EXTERNAL]|Bytes:8
06:24:49.1 (161094273)|VARIABLE_SCOPE_BEGIN|[1]|this|AccountTrigger|true|false
06:24:49.1 (161259687)|VARIABLE_ASSIGNMENT|[1]|this|{}|0x7643311a
06:24:49.1 (161327632)|HEAP_ALLOCATE|[EXTERNAL]|Bytes:8
06:24:49.1 (161336832)|VARIABLE_SCOPE_BEGIN|[1]|this|AccountTrigger|true|false
06:24:49.1 (161359260)|VARIABLE_ASSIGNMENT|[1]|this|{}|0x7643311a
06:24:49.1 (161369111)|STATEMENT_EXECUTE|[1]
06:24:49.1 (161370731)|STATEMENT_EXECUTE|[3]
06:24:49.1 (161385838)|HEAP_ALLOCATE|[3]|Bytes:4
06:24:49.1 (161518469)|HEAP_ALLOCATE|[EXTERNAL]|Bytes:4
06:24:49.1 (161538176)|VARIABLE_ASSIGNMENT|[3]|this.contactToInsert|[]|0x7643311a
06:24:49.1 (161615186)|HEAP_ALLOCATE|[5]|Bytes:5
06:24:49.1 (161639794)|VARIABLE_SCOPE_BEGIN|[5]|acc|Account|true|false
06:24:49.1 (162706070)|VARIABLE_ASSIGNMENT|[5]|acc|{"LastModifiedDate":"2026-08-25T13:24:50.000Z","IsDeleted":false,"BillingCountryCode":"US","isAvaible__c":false,"SystemModstamp":"2026-08-25T13:24:50.000Z","Name":"Test Account","ShippingCountryCode":"US","CleanStatus":"Pending","BillingCountry":"United States","OwnerId":"005gK00004LjKI1QAN","CreatedById":"005gK00004LjKI1QAN","Match_Billing_Address__c":false,"CreatedDate":"2026-08-25T13:24:50.000Z","ShippingCountry":"United States","Id":"001gK00001OZKLkQAP","LastModifiedById":"005gK00004LjKI1QAN"}|0x6b0ec1d8
06:24:49.1 (162719693)|STATEMENT_EXECUTE|[5]
06:24:49.1 (162721468)|STATEMENT_EXECUTE|[7]
06:24:49.1 (162744616)|HEAP_ALLOCATE|[7]|Bytes:4
06:24:49.1 (162827817)|VARIABLE_SCOPE_BEGIN|[7]|con|Contact|true|false
06:24:49.1 (162839731)|VARIABLE_ASSIGNMENT|[7]|con|{}|0x42af642
06:24:49.1 (162842388)|STATEMENT_EXECUTE|[9]
06:24:49.1 (162845606)|HEAP_ALLOCATE|[9]|Bytes:7
06:24:49.1 (162931193)|VARIABLE_ASSIGNMENT|[9]|this.FirstName|"default"|0x42af642
06:24:49.1 (162934317)|STATEMENT_EXECUTE|[10]
06:24:49.1 (162953467)|HEAP_ALLOCATE|[10]|Bytes:7
06:24:49.1 (162975108)|HEAP_ALLOCATE|[10]|Bytes:19
06:24:49.1 (162990829)|VARIABLE_ASSIGNMENT|[10]|this.LastName|"Test Accountcontact"|0x42af642
06:24:49.1 (162993757)|STATEMENT_EXECUTE|[11]
06:24:49.1 (163032347)|VARIABLE_ASSIGNMENT|[11]|this.AccountId|"001gK00001OZKLkQAP"|0x42af642
06:24:49.1 (163035355)|STATEMENT_EXECUTE|[13]
06:24:49.1 (163091667)|HEAP_ALLOCATE|[EXTERNAL]|Bytes:4
06:24:49.1 (163104398)|HEAP_ALLOCATE|[5]|Bytes:5
06:24:49.1 (163114117)|VARIABLE_ASSIGNMENT|[5]|acc|null|
06:24:49.1 (163133486)|STATEMENT_EXECUTE|[16]
06:24:49.1 (163134199)|STATEMENT_EXECUTE|[17]
06:24:49.1 (163195252)|DML_BEGIN|[17]|Op:Insert|Type:Contact|Rows:1
06:24:49.1 (163246322)|HEAP_ALLOCATE|[EXTERNAL]|Bytes:8
06:24:49.1 (172499102)|CODE_UNIT_STARTED|[EXTERNAL]|Flow:Contact
06:24:49.1 (172528573)|CODE_UNIT_FINISHED|Flow:Contact
06:24:49.1 (173600513)|CODE_UNIT_STARTED|[EXTERNAL]|01qgK000005m0Sf|RestrictContactByName on Contact trigger event BeforeInsert|__sfdc_trigger/RestrictContactByName
06:24:49.1 (173651220)|HEAP_ALLOCATE|[EXTERNAL]|Bytes:8
06:24:49.1 (173766802)|HEAP_ALLOCATE|[EXTERNAL]|Bytes:4
06:24:49.1 (173791087)|VARIABLE_SCOPE_BEGIN|[1]|this|RestrictContactByName|true|false
06:24:49.1 (173883811)|VARIABLE_ASSIGNMENT|[1]|this|{}|0x4323c363
06:24:49.1 (173940596)|HEAP_ALLOCATE|[EXTERNAL]|Bytes:4
06:24:49.1 (173948305)|VARIABLE_SCOPE_BEGIN|[1]|this|RestrictContactByName|true|false
06:24:49.1 (173963116)|VARIABLE_ASSIGNMENT|[1]|this|{}|0x4323c363
06:24:49.1 (173970608)|STATEMENT_EXECUTE|[1]
06:24:49.1 (174152302)|HEAP_ALLOCATE|[3]|Bytes:5
06:24:49.1 (174176036)|HEAP_ALLOCATE|[3]|Bytes:4
06:24:49.1 (174186168)|VARIABLE_SCOPE_BEGIN|[3]|c|Contact|true|false
06:24:49.1 (178211335)|VARIABLE_ASSIGNMENT|[3]|c|{"IsDeleted":false,"AccountId":"001gK00001OZKLkQAP","IsEmailBounced":false,"DoNotCall":false,"OtherCountryCode":"US","FirstName":"default","HasOptedOutOfEmail":false,"HasOptedOutOfFax":false,"Content_Fullname__c":"default Test Account (7 more) ...","Missing_Data__c":false,"OwnerId":"005gK00004LjKI1QAN","Full_Name__c":"default Test Account (7 more) ...","MailingCountryCode":"US","LastName":"Test Accountcontact","IsPriorityRecord":false,"Active__c":false}|0x138d4d69
06:24:49.1 (178232928)|STATEMENT_EXECUTE|[3]
06:24:49.1 (178267922)|HEAP_ALLOCATE|[4]|Bytes:11
06:24:49.1 (178307634)|STATEMENT_EXECUTE|[4]
06:24:49.1 (178331902)|HEAP_ALLOCATE|[3]|Bytes:5
06:24:49.1 (178353499)|VARIABLE_ASSIGNMENT|[3]|c|null|
06:24:49.178 (178365398)|CUMULATIVE_LIMIT_USAGE
06:24:49.178 (178365398)|LIMIT_USAGE_FOR_NS|(default)|
  Number of SOQL queries: 0 out of 100
  Number of query rows: 0 out of 50000
  Number of SOSL queries: 0 out of 20
  Number of DML statements: 2 out of 150
  Number of Publish Immediate DML: 0 out of 150
  Number of DML rows: 2 out of 10000
  Maximum CPU time: 0 out of 10000
  Maximum heap size: 0 out of 6000000
  Number of callouts: 0 out of 100
  Number of Email Invocations: 0 out of 10
  Number of future calls: 0 out of 50
  Number of queueable jobs added to the queue: 0 out of 50
  Number of Mobile Apex push calls: 0 out of 10

06:24:49.178 (178365398)|CUMULATIVE_LIMIT_USAGE_END

06:24:49.1 (178596962)|CODE_UNIT_FINISHED|RestrictContactByName on Contact trigger event BeforeInsert|__sfdc_trigger/RestrictContactByName
06:24:49.1 (185753603)|CODE_UNIT_STARTED|[EXTERNAL]|DuplicateDetector
06:24:49.1 (185773291)|DUPLICATE_DETECTION_BEGIN
06:24:49.1 (185887617)|DUPLICATE_DETECTION_RULE_INVOCATION|DuplicateRuleId:0BmgK0000076XRu|DuplicateRuleName:Standard Contact Duplicate Rule|DmlType:INSERT
06:24:49.1 (249515846)|DUPLICATE_DETECTION_MATCH_INVOCATION_DETAILS|EntityType:Contact|ActionTaken:Allow_[Alert,Report]|DuplicateRecordIds:
06:24:49.1 (249538903)|DUPLICATE_DETECTION_MATCH_INVOCATION_SUMMARY|EntityType:Contact|NumRecordsToBeSaved:1|NumRecordsToBeSavedWithDuplicates:0|NumDuplicateRecordsFound:0
06:24:49.1 (249544297)|DUPLICATE_DETECTION_MATCH_INVOCATION_DETAILS|EntityType:Contact|ActionTaken:Allow_[Alert,Report]|DuplicateRecordIds:
06:24:49.1 (249547244)|DUPLICATE_DETECTION_MATCH_INVOCATION_SUMMARY|EntityType:Contact|NumRecordsToBeSaved:1|NumRecordsToBeSavedWithDuplicates:0|NumDuplicateRecordsFound:0
06:24:49.1 (249740237)|DUPLICATE_DETECTION_END
06:24:49.1 (249747024)|CODE_UNIT_FINISHED|DuplicateDetector
06:24:49.1 (275880363)|CODE_UNIT_STARTED|[EXTERNAL]|Flow:Contact
06:24:49.1 (275904929)|CODE_UNIT_FINISHED|Flow:Contact
06:24:49.1 (275960583)|CODE_UNIT_STARTED|[EXTERNAL]|Flow:Contact
06:24:49.1 (275969938)|CODE_UNIT_FINISHED|Flow:Contact
06:24:49.1 (283945005)|DML_END|[17]
06:24:49.1 (284583176)|HEAP_ALLOCATE|[EXTERNAL]|Bytes:8
06:24:49.284 (284621824)|CUMULATIVE_LIMIT_USAGE
06:24:49.284 (284621824)|LIMIT_USAGE_FOR_NS|(default)|
  Number of SOQL queries: 0 out of 100
  Number of query rows: 0 out of 50000
  Number of SOSL queries: 0 out of 20
  Number of DML statements: 2 out of 150
  Number of Publish Immediate DML: 0 out of 150
  Number of DML rows: 2 out of 10000
  Maximum CPU time: 0 out of 10000
  Maximum heap size: 0 out of 6000000
  Number of callouts: 0 out of 100
  Number of Email Invocations: 0 out of 10
  Number of future calls: 0 out of 50
  Number of queueable jobs added to the queue: 0 out of 50
  Number of Mobile Apex push calls: 0 out of 10

06:24:49.284 (284621824)|CUMULATIVE_LIMIT_USAGE_END

06:24:49.1 (284802507)|CODE_UNIT_FINISHED|AccountTrigger on Account trigger event AfterInsert|__sfdc_trigger/AccountTrigger
06:24:49.1 (286430509)|CODE_UNIT_STARTED|[EXTERNAL]|Flow:Account
06:24:49.291 (291479738)|FLOW_CREATE_INTERVIEW_BEGIN|00DgK00000Q0VhZ|300gK000012w6BT|301gK00001CCf81
06:24:49.291 (291759262)|FLOW_CREATE_INTERVIEW_END|35200f044b5bba1254db5c8ea0151a036a14961-571a|Account Email Notification Flow
06:24:49.293 (293361969)|FLOW_START_INTERVIEWS_BEGIN|1
06:24:49.293 (293507443)|FLOW_START_INTERVIEW_BEGIN|35200f044b5bba1254db5c8ea0151a036a14961-571a|Account Email Notification Flow
06:24:49.293 (294243597)|FLOW_START_INTERVIEW_END|35200f044b5bba1254db5c8ea0151a036a14961-571a|Account Email Notification Flow
06:24:49.293 (338644660)|WF_EMAIL_SENT|Reference:emailSimple|Recipients:dasshankarjay97363107@gmail.com |CcEmails:
06:24:49.293 (340644767)|FLOW_START_INTERVIEWS_END|1
06:24:49.293 (343600956)|FLOW_INTERVIEW_FINISHED|35200f044b5bba1254db5c8ea0151a036a14961-571a|Account Email Notification Flow
06:24:49.346 (346844746)|FLOW_CREATE_INTERVIEW_BEGIN|00DgK00000Q0VhZ|300gK000012wYnd|301gK00001CCLSg
06:24:49.346 (346933839)|FLOW_CREATE_INTERVIEW_END|35210f044b5bba1254db5c8ea0151a036a14961-571b|Account Email Notification
06:24:49.347 (347921745)|FLOW_START_INTERVIEWS_BEGIN|1
06:24:49.347 (348007751)|FLOW_START_INTERVIEW_BEGIN|35210f044b5bba1254db5c8ea0151a036a14961-571b|Account Email Notification
06:24:49.347 (348194529)|FLOW_START_INTERVIEW_END|35210f044b5bba1254db5c8ea0151a036a14961-571b|Account Email Notification
06:24:49.347 (374188733)|WF_EMAIL_SENT|Reference:emailSimple|Recipients:dasshankarjay97363107@gmail.com |CcEmails:
06:24:49.347 (374990029)|FLOW_START_INTERVIEWS_END|1
06:24:49.347 (376262463)|FLOW_INTERVIEW_FINISHED|35210f044b5bba1254db5c8ea0151a036a14961-571b|Account Email Notification
06:24:49.379 (379411202)|FLOW_CREATE_INTERVIEW_BEGIN|00DgK00000Q0VhZ|300gK000012wblX|301gK00001CCnNJ
06:24:49.379 (379504147)|FLOW_CREATE_INTERVIEW_END|35220f044b5bba1254db5c8ea0151a036a14961-571c|Account Contact Opportunity Flow
06:24:49.380 (380320263)|FLOW_START_INTERVIEWS_BEGIN|1
06:24:49.380 (380386322)|FLOW_START_INTERVIEW_BEGIN|35220f044b5bba1254db5c8ea0151a036a14961-571c|Account Contact Opportunity Flow
06:24:49.380 (380590877)|FLOW_START_INTERVIEW_END|35220f044b5bba1254db5c8ea0151a036a14961-571c|Account Contact Opportunity Flow
06:24:49.384 (384078191)|CODE_UNIT_STARTED|[EXTERNAL]|Flow:Contact
06:24:49.384 (384099867)|CODE_UNIT_FINISHED|Flow:Contact
06:24:49.384 (384804019)|CODE_UNIT_STARTED|[EXTERNAL]|01qgK000005m0Sf|RestrictContactByName on Contact trigger event BeforeInsert|__sfdc_trigger/RestrictContactByName
06:24:49.384 (384853691)|HEAP_ALLOCATE|[EXTERNAL]|Bytes:8
06:24:49.384 (384908579)|HEAP_ALLOCATE|[EXTERNAL]|Bytes:4
06:24:49.384 (384919696)|VARIABLE_SCOPE_BEGIN|[1]|this|RestrictContactByName|true|false
06:24:49.384 (384981751)|VARIABLE_ASSIGNMENT|[1]|this|{}|0x76bc73be
06:24:49.384 (385009287)|HEAP_ALLOCATE|[EXTERNAL]|Bytes:4
06:24:49.384 (385014168)|VARIABLE_SCOPE_BEGIN|[1]|this|RestrictContactByName|true|false
06:24:49.384 (385021205)|VARIABLE_ASSIGNMENT|[1]|this|{}|0x76bc73be
06:24:49.384 (385026952)|STATEMENT_EXECUTE|[1]
06:24:49.384 (385099958)|HEAP_ALLOCATE|[3]|Bytes:5
06:24:49.384 (385118477)|HEAP_ALLOCATE|[3]|Bytes:4
06:24:49.384 (385127033)|VARIABLE_SCOPE_BEGIN|[3]|c|Contact|true|false
06:24:49.384 (386256641)|VARIABLE_ASSIGNMENT|[3]|c|{"IsDeleted":false,"IsEmailBounced":false,"DoNotCall":false,"OtherCountryCode":"US","HasOptedOutOfEmail":false,"HasOptedOutOfFax":false,"Content_Fullname__c":" Test Account","Missing_Data__c":false,"OwnerId":"005gK00004LjKI1QAN","Full_Name__c":" Test Account","MailingCountryCode":"US","LastName":"Test Account","IsPriorityRecord":false,"Active__c":false}|0xbcd9862
06:24:49.384 (386268035)|STATEMENT_EXECUTE|[3]
06:24:49.384 (386297601)|STATEMENT_EXECUTE|[4]
06:24:49.384 (386310999)|HEAP_ALLOCATE|[3]|Bytes:5
06:24:49.384 (386323398)|VARIABLE_ASSIGNMENT|[3]|c|null|
06:24:49.386 (386331335)|CUMULATIVE_LIMIT_USAGE
06:24:49.386 (386331335)|LIMIT_USAGE_FOR_NS|(default)|
  Number of SOQL queries: 0 out of 100
  Number of query rows: 0 out of 50000
  Number of SOSL queries: 0 out of 20
  Number of DML statements: 3 out of 150
  Number of Publish Immediate DML: 0 out of 150
  Number of DML rows: 3 out of 10000
  Maximum CPU time: 130 out of 10000
  Maximum heap size: 0 out of 6000000
  Number of callouts: 0 out of 100
  Number of Email Invocations: 0 out of 10
  Number of future calls: 0 out of 50
  Number of queueable jobs added to the queue: 0 out of 50
  Number of Mobile Apex push calls: 0 out of 10

06:24:49.386 (386331335)|CUMULATIVE_LIMIT_USAGE_END

06:24:49.384 (386476149)|CODE_UNIT_FINISHED|RestrictContactByName on Contact trigger event BeforeInsert|__sfdc_trigger/RestrictContactByName
06:24:49.387 (387011258)|CODE_UNIT_STARTED|[EXTERNAL]|DuplicateDetector
06:24:49.387 (387021333)|DUPLICATE_DETECTION_BEGIN
06:24:49.387 (387063154)|DUPLICATE_DETECTION_RULE_INVOCATION|DuplicateRuleId:0BmgK0000076XRu|DuplicateRuleName:Standard Contact Duplicate Rule|DmlType:INSERT
06:24:49.387 (411699398)|DUPLICATE_DETECTION_MATCH_INVOCATION_DETAILS|EntityType:Contact|ActionTaken:Allow_[Alert,Report]|DuplicateRecordIds:
06:24:49.387 (411739323)|DUPLICATE_DETECTION_MATCH_INVOCATION_SUMMARY|EntityType:Contact|NumRecordsToBeSaved:1|NumRecordsToBeSavedWithDuplicates:0|NumDuplicateRecordsFound:0
06:24:49.387 (411746507)|DUPLICATE_DETECTION_MATCH_INVOCATION_DETAILS|EntityType:Contact|ActionTaken:Allow_[Alert,Report]|DuplicateRecordIds:
06:24:49.387 (411749944)|DUPLICATE_DETECTION_MATCH_INVOCATION_SUMMARY|EntityType:Contact|NumRecordsToBeSaved:1|NumRecordsToBeSavedWithDuplicates:0|NumDuplicateRecordsFound:0
06:24:49.387 (411920391)|DUPLICATE_DETECTION_END
06:24:49.387 (411926713)|CODE_UNIT_FINISHED|DuplicateDetector
06:24:49.435 (435123196)|CODE_UNIT_STARTED|[EXTERNAL]|Flow:Contact
06:24:49.435 (435153859)|CODE_UNIT_FINISHED|Flow:Contact
06:24:49.435 (435204139)|CODE_UNIT_STARTED|[EXTERNAL]|Flow:Contact
06:24:49.435 (435212163)|CODE_UNIT_FINISHED|Flow:Contact
06:24:49.453 (453362769)|CODE_UNIT_STARTED|[EXTERNAL]|Flow:Opportunity
06:24:49.453 (453394134)|CODE_UNIT_FINISHED|Flow:Opportunity
06:24:49.459 (459219804)|CODE_UNIT_STARTED|[EXTERNAL]|Validation:Opportunity:new
06:24:49.459 (459255426)|VALIDATION_RULE|03dgK000000wiqH|Opportunity_Name_Lock
06:24:49.459 (459474242)|VALIDATION_FORMULA|AND(
OR(
ISPICKVAL(StageName,"Closed Won"),
ISPICKVAL(StageName,"Closed Lost")
),
ISCHANGED(Name)
)|StageName=Prospecting , Name=Test Account
06:24:49.459 (459482640)|VALIDATION_PASS
06:24:49.459 (459491507)|CODE_UNIT_FINISHED|Validation:Opportunity:new
06:24:49.512 (512023731)|CODE_UNIT_STARTED|[EXTERNAL]|01qgK000005lwor|ClosedOpportunityTrigger on Opportunity trigger event AfterInsert|__sfdc_trigger/ClosedOpportunityTrigger
06:24:49.512 (512094765)|HEAP_ALLOCATE|[EXTERNAL]|Bytes:8
06:24:49.512 (512321123)|HEAP_ALLOCATE|[EXTERNAL]|Bytes:8
06:24:49.512 (512334188)|VARIABLE_SCOPE_BEGIN|[1]|this|ClosedOpportunityTrigger|true|false
06:24:49.512 (512451407)|VARIABLE_ASSIGNMENT|[1]|this|{}|0x2f11bcdf
06:24:49.512 (512495348)|HEAP_ALLOCATE|[EXTERNAL]|Bytes:8
06:24:49.512 (512500617)|VARIABLE_SCOPE_BEGIN|[1]|this|ClosedOpportunityTrigger|true|false
06:24:49.512 (512509164)|VARIABLE_ASSIGNMENT|[1]|this|{}|0x2f11bcdf
06:24:49.512 (512515134)|STATEMENT_EXECUTE|[1]
06:24:49.512 (512516349)|STATEMENT_EXECUTE|[3]
06:24:49.512 (512528057)|HEAP_ALLOCATE|[3]|Bytes:4
06:24:49.512 (512623532)|HEAP_ALLOCATE|[EXTERNAL]|Bytes:4
06:24:49.512 (512633064)|VARIABLE_ASSIGNMENT|[3]|this.tasksToCreate|[]|0x2f11bcdf
06:24:49.512 (512795360)|HEAP_ALLOCATE|[5]|Bytes:5
06:24:49.512 (512828669)|VARIABLE_SCOPE_BEGIN|[5]|opp|Opportunity|true|false
06:24:49.512 (514212398)|VARIABLE_ASSIGNMENT|[5]|opp|{"Text__c":"Normal Priority","LastModifiedDate":"2026-08-25T13:24:50.000Z","IsDeleted":false,"AccountId":"001gK00001OZKLkQAP","HasOpportunityLineItem":false,"StageName":"Prospecting","Probability":10,"ForecastCategory":"Pipeline","IsClosed":false,"CloseDate":"2026-02-07T00:00:00.000Z","Name":"Test Account","SystemModstamp":"2026-08-25T13:24:50.000Z","HasOpenActivity":false,"Priority__c":"Test Account","CreatedById":"005gK00004LjKI1QAN","OwnerId":"005gK00004LjKI1QAN","IsWon":false,"CreatedDate":"2026-08-25T13:24:50.000Z","HasOverdueTask":false,"Id":"006gK00000NIEosQAH","ForecastCategoryName":"Pipeline","IsPrivate":false,"LastModifiedById":"005gK00004LjKI1QAN"}|0x326a9e8b
06:24:49.512 (514227805)|STATEMENT_EXECUTE|[5]
06:24:49.512 (514255411)|HEAP_ALLOCATE|[6]|Bytes:10
06:24:49.512 (514281517)|STATEMENT_EXECUTE|[6]
06:24:49.512 (514299520)|HEAP_ALLOCATE|[5]|Bytes:5
06:24:49.512 (514314429)|VARIABLE_ASSIGNMENT|[5]|opp|null|
06:24:49.512 (514350786)|STATEMENT_EXECUTE|[14]
06:24:49.514 (514357332)|CUMULATIVE_LIMIT_USAGE
06:24:49.514 (514357332)|LIMIT_USAGE_FOR_NS|(default)|
  Number of SOQL queries: 0 out of 100
  Number of query rows: 0 out of 50000
  Number of SOSL queries: 0 out of 20
  Number of DML statements: 4 out of 150
  Number of Publish Immediate DML: 0 out of 150
  Number of DML rows: 4 out of 10000
  Maximum CPU time: 147 out of 10000
  Maximum heap size: 0 out of 6000000
  Number of callouts: 0 out of 100
  Number of Email Invocations: 0 out of 10
  Number of future calls: 0 out of 50
  Number of queueable jobs added to the queue: 0 out of 50
  Number of Mobile Apex push calls: 0 out of 10

06:24:49.514 (514357332)|CUMULATIVE_LIMIT_USAGE_END

06:24:49.512 (514529494)|CODE_UNIT_FINISHED|ClosedOpportunityTrigger on Opportunity trigger event AfterInsert|__sfdc_trigger/ClosedOpportunityTrigger
06:24:49.515 (515489846)|CODE_UNIT_STARTED|[EXTERNAL]|Flow:Opportunity
06:24:49.515 (515635221)|CODE_UNIT_FINISHED|Flow:Opportunity
06:24:49.515 (515686977)|CODE_UNIT_STARTED|[EXTERNAL]|Flow:Opportunity
06:24:49.515 (518990397)|CODE_UNIT_FINISHED|Flow:Opportunity
06:24:49.380 (522891010)|FLOW_START_INTERVIEWS_END|1
06:24:49.380 (524212760)|FLOW_INTERVIEW_FINISHED|35220f044b5bba1254db5c8ea0151a036a14961-571c|Account Contact Opportunity Flow
06:24:49.1 (525692530)|CODE_UNIT_FINISHED|Flow:Account
06:24:49.1 (526690215)|CODE_UNIT_STARTED|[EXTERNAL]|Flow:Account
06:24:49.1 (526705437)|CODE_UNIT_FINISHED|Flow:Account
06:24:49.1 (529466830)|DML_END|[10]
06:24:49.1 (529962126)|STATEMENT_EXECUTE|[12]
06:24:49.1 (529992816)|HEAP_ALLOCATE|[12]|Bytes:4
06:24:49.1 (530019845)|HEAP_ALLOCATE|[13]|Bytes:4
06:24:49.1 (530083419)|VARIABLE_ASSIGNMENT|[12]|this.FirstName|"John"|0x1bb62431
06:24:49.1 (530088349)|HEAP_ALLOCATE|[14]|Bytes:3
06:24:49.1 (530100401)|VARIABLE_ASSIGNMENT|[12]|this.LastName|"Doe"|0x1bb62431
06:24:49.1 (530143306)|VARIABLE_ASSIGNMENT|[12]|this.AccountId|"001gK00001OZKLkQAP"|0x1bb62431
06:24:49.1 (530174807)|VARIABLE_SCOPE_BEGIN|[12]|con1|Contact|true|false
06:24:49.1 (530198791)|VARIABLE_ASSIGNMENT|[12]|con1|{"FirstName":"John","LastName":"Doe","AccountId":"001gK00001OZKLkQAP"}|0x1bb62431
06:24:49.1 (530202261)|STATEMENT_EXECUTE|[18]
06:24:49.1 (530207551)|HEAP_ALLOCATE|[18]|Bytes:4
06:24:49.1 (530211653)|HEAP_ALLOCATE|[19]|Bytes:4
06:24:49.1 (530221240)|VARIABLE_ASSIGNMENT|[18]|this.FirstName|"Jane"|0x1ed37f21
06:24:49.1 (530230978)|VARIABLE_ASSIGNMENT|[18]|this.LastName|"Doe"|0x1ed37f21
06:24:49.1 (530242848)|VARIABLE_ASSIGNMENT|[18]|this.AccountId|"001gK00001OZKLkQAP"|0x1ed37f21
06:24:49.1 (530250268)|VARIABLE_SCOPE_BEGIN|[18]|con2|Contact|true|false
06:24:49.1 (530257441)|VARIABLE_ASSIGNMENT|[18]|con2|{"FirstName":"Jane","LastName":"Doe","AccountId":"001gK00001OZKLkQAP"}|0x1ed37f21
06:24:49.1 (530260475)|STATEMENT_EXECUTE|[24]
06:24:49.1 (530271097)|HEAP_ALLOCATE|[24]|Bytes:4
06:24:49.1 (530324454)|HEAP_ALLOCATE|[EXTERNAL]|Bytes:12
06:24:49.1 (530384579)|DML_BEGIN|[24]|Op:Insert|Type:Contact|Rows:2
06:24:49.1 (530425333)|HEAP_ALLOCATE|[EXTERNAL]|Bytes:12
06:24:49.1 (533639952)|CODE_UNIT_STARTED|[EXTERNAL]|Flow:Contact
06:24:49.1 (533655310)|CODE_UNIT_FINISHED|Flow:Contact
06:24:49.1 (534964177)|CODE_UNIT_STARTED|[EXTERNAL]|01qgK000005m0Sf|RestrictContactByName on Contact trigger event BeforeInsert|__sfdc_trigger/RestrictContactByName
06:24:49.1 (535010432)|HEAP_ALLOCATE|[EXTERNAL]|Bytes:12
06:24:49.1 (535075924)|HEAP_ALLOCATE|[EXTERNAL]|Bytes:4
06:24:49.1 (535086392)|VARIABLE_SCOPE_BEGIN|[1]|this|RestrictContactByName|true|false
06:24:49.1 (535122974)|VARIABLE_ASSIGNMENT|[1]|this|{}|0x4ec2a5e0
06:24:49.1 (535147361)|HEAP_ALLOCATE|[EXTERNAL]|Bytes:4
06:24:49.1 (535151898)|VARIABLE_SCOPE_BEGIN|[1]|this|RestrictContactByName|true|false
06:24:49.1 (535158877)|VARIABLE_ASSIGNMENT|[1]|this|{}|0x4ec2a5e0
06:24:49.1 (535164053)|STATEMENT_EXECUTE|[1]
06:24:49.1 (535229638)|HEAP_ALLOCATE|[3]|Bytes:5
06:24:49.1 (535248571)|HEAP_ALLOCATE|[3]|Bytes:4
06:24:49.1 (535256736)|VARIABLE_SCOPE_BEGIN|[3]|c|Contact|true|false
06:24:49.1 (536278568)|VARIABLE_ASSIGNMENT|[3]|c|{"IsDeleted":false,"AccountId":"001gK00001OZKLkQAP","IsEmailBounced":false,"DoNotCall":false,"OtherCountryCode":"US","FirstName":"John","HasOptedOutOfEmail":false,"HasOptedOutOfFax":false,"Content_Fullname__c":"John Doe","Missing_Data__c":false,"OwnerId":"005gK00004LjKI1QAN","Full_Name__c":"John Doe","MailingCountryCode":"US","LastName":"Doe","IsPriorityRecord":false,"Active__c":false}|0x50f6e756
06:24:49.1 (536288295)|STATEMENT_EXECUTE|[3]
06:24:49.1 (536316866)|STATEMENT_EXECUTE|[4]
06:24:49.1 (536328159)|HEAP_ALLOCATE|[3]|Bytes:5
06:24:49.1 (536339017)|HEAP_ALLOCATE|[3]|Bytes:4
06:24:49.1 (536345016)|VARIABLE_SCOPE_BEGIN|[3]|c|Contact|true|false
06:24:49.1 (536982832)|VARIABLE_ASSIGNMENT|[3]|c|{"IsDeleted":false,"AccountId":"001gK00001OZKLkQAP","IsEmailBounced":false,"DoNotCall":false,"OtherCountryCode":"US","FirstName":"Jane","HasOptedOutOfEmail":false,"HasOptedOutOfFax":false,"Content_Fullname__c":"Jane Doe","Missing_Data__c":false,"OwnerId":"005gK00004LjKI1QAN","Full_Name__c":"Jane Doe","MailingCountryCode":"US","LastName":"Doe","IsPriorityRecord":false,"Active__c":false}|0x782538b3
06:24:49.1 (536988974)|STATEMENT_EXECUTE|[3]
06:24:49.1 (536997935)|STATEMENT_EXECUTE|[4]
06:24:49.1 (537003812)|HEAP_ALLOCATE|[3]|Bytes:5
06:24:49.1 (537013191)|VARIABLE_ASSIGNMENT|[3]|c|null|
06:24:49.537 (537020819)|CUMULATIVE_LIMIT_USAGE
06:24:49.537 (537020819)|LIMIT_USAGE_FOR_NS|(default)|
  Number of SOQL queries: 0 out of 100
  Number of query rows: 0 out of 50000
  Number of SOSL queries: 0 out of 20
  Number of DML statements: 5 out of 150
  Number of Publish Immediate DML: 0 out of 150
  Number of DML rows: 6 out of 10000
  Maximum CPU time: 157 out of 10000
  Maximum heap size: 0 out of 6000000
  Number of callouts: 0 out of 100
  Number of Email Invocations: 0 out of 10
  Number of future calls: 0 out of 50
  Number of queueable jobs added to the queue: 0 out of 50
  Number of Mobile Apex push calls: 0 out of 10

06:24:49.537 (537020819)|CUMULATIVE_LIMIT_USAGE_END

06:24:49.1 (537224083)|CODE_UNIT_FINISHED|RestrictContactByName on Contact trigger event BeforeInsert|__sfdc_trigger/RestrictContactByName
06:24:49.1 (540837681)|CODE_UNIT_STARTED|[EXTERNAL]|DuplicateDetector
06:24:49.1 (540849162)|DUPLICATE_DETECTION_BEGIN
06:24:49.1 (540896583)|DUPLICATE_DETECTION_RULE_INVOCATION|DuplicateRuleId:0BmgK0000076XRu|DuplicateRuleName:Standard Contact Duplicate Rule|DmlType:INSERT
06:24:49.1 (697563723)|DUPLICATE_DETECTION_MATCH_INVOCATION_DETAILS|EntityType:Contact|ActionTaken:Allow_[Alert,Report]|DuplicateRecordIds:
06:24:49.1 (697582927)|DUPLICATE_DETECTION_MATCH_INVOCATION_DETAILS|EntityType:Contact|ActionTaken:Allow_[Alert,Report]|DuplicateRecordIds:
06:24:49.1 (697597942)|DUPLICATE_DETECTION_MATCH_INVOCATION_SUMMARY|EntityType:Contact|NumRecordsToBeSaved:2|NumRecordsToBeSavedWithDuplicates:0|NumDuplicateRecordsFound:0
06:24:49.1 (697603685)|DUPLICATE_DETECTION_MATCH_INVOCATION_DETAILS|EntityType:Contact|ActionTaken:Allow_[Alert,Report]|DuplicateRecordIds:
06:24:49.1 (697607001)|DUPLICATE_DETECTION_MATCH_INVOCATION_DETAILS|EntityType:Contact|ActionTaken:Allow_[Alert,Report]|DuplicateRecordIds:
06:24:49.1 (697610678)|DUPLICATE_DETECTION_MATCH_INVOCATION_SUMMARY|EntityType:Contact|NumRecordsToBeSaved:2|NumRecordsToBeSavedWithDuplicates:0|NumDuplicateRecordsFound:0
06:24:49.1 (697801861)|DUPLICATE_DETECTION_END
06:24:49.1 (697809532)|CODE_UNIT_FINISHED|DuplicateDetector
06:24:49.1 (731109507)|CODE_UNIT_STARTED|[EXTERNAL]|Flow:Contact
06:24:49.1 (731141157)|CODE_UNIT_FINISHED|Flow:Contact
06:24:49.1 (731235145)|CODE_UNIT_STARTED|[EXTERNAL]|Flow:Contact
06:24:49.1 (731243622)|CODE_UNIT_FINISHED|Flow:Contact
06:24:49.1 (734330705)|DML_END|[24]
06:24:49.1 (734903431)|HEAP_ALLOCATE|[EXTERNAL]|Bytes:12
06:24:49.1 (734931263)|STATEMENT_EXECUTE|[26]
06:24:49.1 (735004548)|HEAP_ALLOCATE|[26]|Bytes:252
06:24:49.1 (735013673)|HEAP_ALLOCATE|[26]|Bytes:25
06:24:49.1 (735032874)|SYSTEM_METHOD_ENTRY|[1]|RestRequest.RestRequest()
06:24:49.1 (735036125)|STATEMENT_EXECUTE|[1]
06:24:49.1 (735048548)|SYSTEM_METHOD_EXIT|[1]|RestRequest
06:24:49.1 (735059199)|HEAP_ALLOCATE|[26]|Bytes:32
06:24:49.1 (735250590)|VARIABLE_SCOPE_BEGIN|[26]|request|System.RestRequest|true|false
06:24:49.1 (735322341)|VARIABLE_ASSIGNMENT|[26]|request|{"headers":"0xb7deab8","params":"0x3b0e96c1"}|0x679b91e1
06:24:49.1 (735325800)|STATEMENT_EXECUTE|[27]
06:24:49.1 (735328692)|HEAP_ALLOCATE|[27]|Bytes:28
06:24:49.1 (735409321)|HEAP_ALLOCATE|[27]|Bytes:18
06:24:49.1 (735415459)|HEAP_ALLOCATE|[27]|Bytes:9
06:24:49.1 (735431933)|HEAP_ALLOCATE|[27]|Bytes:55
06:24:49.1 (735445709)|STATEMENT_EXECUTE|[28]
06:24:49.1 (735447021)|HEAP_ALLOCATE|[28]|Bytes:3
06:24:49.1 (735461111)|STATEMENT_EXECUTE|[30]
06:24:49.1 (735488505)|VARIABLE_SCOPE_BEGIN|[3]|System.RestContext.request|System.RestRequest|true|true
06:24:49.1 (735492493)|VARIABLE_SCOPE_BEGIN|[4]|System.RestContext.response|System.RestResponse|true|true
06:24:49.1 (735504375)|HEAP_ALLOCATE|[30]|Bytes:112
06:24:49.1 (735507700)|HEAP_ALLOCATE|[30]|Bytes:5
06:24:49.1 (735523377)|SYSTEM_METHOD_ENTRY|[1]|RestContext.RestContext()
06:24:49.1 (735525348)|STATEMENT_EXECUTE|[1]
06:24:49.1 (735528226)|SYSTEM_METHOD_EXIT|[1]|RestContext
06:24:49.1 (735555962)|STATEMENT_EXECUTE|[32]
06:24:49.1 (735569469)|HEAP_ALLOCATE|[32]|Bytes:118
06:24:49.1 (735572849)|SYSTEM_METHOD_ENTRY|[1]|Test.Test()
06:24:49.1 (735574368)|STATEMENT_EXECUTE|[1]
06:24:49.1 (735576501)|SYSTEM_METHOD_EXIT|[1]|Test
06:24:49.1 (735582961)|METHOD_ENTRY|[32]||System.Test.startTest()
06:24:49.1 (736990634)|METHOD_EXIT|[32]||System.Test.startTest()
06:24:49.1 (737005939)|STATEMENT_EXECUTE|[34]
06:24:49.1 (778131077)|HEAP_ALLOCATE|[34]|Bytes:1
06:24:49.1 (778176315)|METHOD_ENTRY|[2]|01pgK00000FU8nV|AccountManager.AccountManager()
06:24:49.1 (778182466)|STATEMENT_EXECUTE|[2]
06:24:49.1 (778194154)|STATEMENT_EXECUTE|[2]
06:24:49.1 (778208098)|HEAP_ALLOCATE|[34]|Bytes:5
06:24:49.1 (778222805)|METHOD_EXIT|[2]|AccountManager
06:24:49.1 (778271005)|METHOD_ENTRY|[34]|01pgK00000FU8nV|AccountManager.getAccount()
06:24:49.1 (778339255)|HEAP_ALLOCATE|[6]|Bytes:5
06:24:49.1 (778345125)|STATEMENT_EXECUTE|[5]
06:24:49.1 (778346047)|STATEMENT_EXECUTE|[6]
06:24:49.1 (778385863)|VARIABLE_SCOPE_BEGIN|[6]|request|System.RestRequest|true|false
06:24:49.1 (778464089)|VARIABLE_ASSIGNMENT|[6]|request|{"headers":"0xb7deab8","httpMethod":"GET","params":"0x3b0e96c1","requestURI":"/services/apexrest/A (35 more) ..."}|0x679b91e1
06:24:49.1 (778467773)|STATEMENT_EXECUTE|[8]
06:24:49.1 (778491007)|HEAP_ALLOCATE|[8]|Bytes:10
06:24:49.1 (778554508)|HEAP_ALLOCATE|[8]|Bytes:18
06:24:49.1 (778562475)|VARIABLE_SCOPE_BEGIN|[8]|accountId|String|false|false
06:24:49.1 (778569090)|VARIABLE_ASSIGNMENT|[8]|accountId|"001gK00001OZKLkQAP"
06:24:49.1 (778571610)|STATEMENT_EXECUTE|[10]
06:24:49.1 (778573214)|HEAP_ALLOCATE|[10]|Bytes:89
06:24:49.1 (778603023)|HEAP_ALLOCATE|[10]|Bytes:4
06:24:49.1 (778613803)|HEAP_ALLOCATE|[10]|Bytes:7
06:24:49.1 (779344033)|SOQL_EXECUTE_BEGIN|[10]|Aggregations:1|SELECT Id, Name, (SELECT Id, Name FROM Contacts) FROM Account WHERE Id = :tmpVar1 LIMIT 1
06:24:49.1 (796827080)|SOQL_EXECUTE_END|[10]|Rows:1
06:24:49.1 (796867371)|HEAP_ALLOCATE|[10]|Bytes:8
06:24:49.1 (796894798)|HEAP_ALLOCATE|[10]|Bytes:308
06:24:49.1 (796957041)|HEAP_ALLOCATE|[10]|Bytes:8
06:24:49.1 (796976950)|HEAP_ALLOCATE|[10]|Bytes:33
06:24:49.1 (797015655)|HEAP_ALLOCATE|[10]|Bytes:16
06:24:49.1 (797025966)|VARIABLE_SCOPE_BEGIN|[10]|account|Account|true|false
06:24:49.1 (797358162)|VARIABLE_ASSIGNMENT|[10]|account|{"Contacts":[{"AccountId":"001gK00001OZKLkQAP","Id":"003gK000011KAyDQAW","Name":"default Test Account (7 more) ..."},{"AccountId":"001gK00001OZKLkQAP","Id":"003gK000011KAyFQAW","Name":"John Doe"},{"AccountId":"001gK00001OZKLkQAP","Id":"003gK000011KAyGQAW","Name":"Jane Doe"}],"Id":"001gK00001OZKLkQAP","Name":"Test Account"}|0x3518863b
06:24:49.1 (797365928)|STATEMENT_EXECUTE|[18]
06:24:49.1 (797381250)|METHOD_EXIT|[34]|01pgK00000FU8nV|AccountManager.getAccount()
06:24:49.1 (797386723)|VARIABLE_SCOPE_BEGIN|[34]|result|Account|true|false
06:24:49.1 (797429545)|VARIABLE_ASSIGNMENT|[34]|result|{"Contacts":[{"AccountId":"001gK00001OZKLkQAP","Id":"003gK000011KAyDQAW","Name":"default Test Account (7 more) ..."},{"AccountId":"001gK00001OZKLkQAP","Id":"003gK000011KAyFQAW","Name":"John Doe"},{"AccountId":"001gK00001OZKLkQAP","Id":"003gK000011KAyGQAW","Name":"Jane Doe"}],"Id":"001gK00001OZKLkQAP","Name":"Test Account"}|0x3518863b
06:24:49.1 (797433623)|STATEMENT_EXECUTE|[36]
06:24:49.1 (797446396)|METHOD_ENTRY|[36]||System.Test.stopTest()
06:24:49.1 (797621005)|METHOD_EXIT|[36]||System.Test.stopTest()
06:24:49.1 (797623434)|STATEMENT_EXECUTE|[38]
06:24:49.1 (797708467)|STATEMENT_EXECUTE|[39]
06:24:49.1 (797729442)|STATEMENT_EXECUTE|[40]
06:24:49.1 (797737071)|HEAP_ALLOCATE|[40]|Bytes:8
06:24:49.1 (797741357)|HEAP_ALLOCATE|[40]|Bytes:7
06:24:49.1 (797798297)|HEAP_ALLOCATE|[EXTERNAL]|Bytes:16
06:24:49.1 (797828863)|HEAP_ALLOCATE|[40]|Bytes:16
06:24:49.1 (797930661)|EXCEPTION_THROWN|[40]|System.AssertException: Assertion Failed: Expected: 2, Actual: 3
06:24:49.1 (798065532)|HEAP_ALLOCATE|[40]|Bytes:44
06:24:49.1 (798092261)|SYSTEM_MODE_EXIT|false
06:24:49.1 (798192728)|FATAL_ERROR|System.AssertException: Assertion Failed: Expected: 2, Actual: 3

Class.AccountManagerTest.testGetAccount: line 40, column 1
06:24:49.1 (798205119)|FATAL_ERROR|System.AssertException: Assertion Failed: Expected: 2, Actual: 3

Class.AccountManagerTest.testGetAccount: line 40, column 1
06:24:49.798 (798214165)|CUMULATIVE_LIMIT_USAGE
06:24:49.798 (798214165)|LIMIT_USAGE_FOR_NS|(default)|
  Number of SOQL queries: 0 out of 100
  Number of query rows: 0 out of 50000
  Number of SOSL queries: 0 out of 20
  Number of DML statements: 5 out of 150
  Number of Publish Immediate DML: 0 out of 150
  Number of DML rows: 6 out of 10000
  Maximum CPU time: 157 out of 10000
  Maximum heap size: 0 out of 6000000
  Number of callouts: 0 out of 100
  Number of Email Invocations: 0 out of 10
  Number of future calls: 0 out of 50
  Number of queueable jobs added to the queue: 0 out of 50
  Number of Mobile Apex push calls: 0 out of 10

06:24:49.798 (798214165)|TESTING_LIMITS
06:24:49.798 (798214165)|LIMIT_USAGE_FOR_NS|(default)|
  Number of SOQL queries: 1 out of 100
  Number of query rows: 4 out of 50000
  Number of SOSL queries: 0 out of 20
  Number of DML statements: 0 out of 150
  Number of Publish Immediate DML: 0 out of 150
  Number of DML rows: 0 out of 10000
  Maximum CPU time: 0 out of 10000
  Maximum heap size: 0 out of 6000000
  Number of callouts: 0 out of 100
  Number of Email Invocations: 0 out of 10
  Number of future calls: 0 out of 50
  Number of queueable jobs added to the queue: 0 out of 50
  Number of Mobile Apex push calls: 0 out of 10

06:24:49.798 (798214165)|CUMULATIVE_LIMIT_USAGE_END

06:24:49.1 (798261864)|CODE_UNIT_FINISHED|AccountManagerTest.testGetAccount()
06:24:49.1 (798269762)|EXECUTION_FINISHED
06:24:50.617 (1617825790)|USER_INFO|[EXTERNAL]|005gK00004LjKI1|dasshankarjay97363107.1be822b813f1@agentforce.com|(GMT-07:00) Pacific Daylight Time (America/Los_Angeles)|GMT-07:00
06:24:50.617 (1617849448)|EXECUTION_STARTED
06:24:50.617 (1617857967)|CODE_UNIT_STARTED|[EXTERNAL]|DuplicateDetector
06:24:50.617 (1617867911)|DUPLICATE_DETECTION_BEGIN
06:24:50.617 (1617920040)|DUPLICATE_DETECTION_RULE_INVOCATION|DuplicateRuleId:0BmgK0000076XRt|DuplicateRuleName:Standard Account Duplicate Rule|DmlType:INSERT
06:24:50.617 (1638369058)|DUPLICATE_DETECTION_END
06:24:50.617 (1638391627)|CODE_UNIT_FINISHED|DuplicateDetector
06:24:50.617 (1638407274)|EXECUTION_FINISHED
06:24:50.639 (1639654726)|USER_INFO|[EXTERNAL]|005gK00004LjKI1|dasshankarjay97363107.1be822b813f1@agentforce.com|(GMT-07:00) Pacific Daylight Time (America/Los_Angeles)|GMT-07:00
06:24:50.639 (1639676323)|EXECUTION_STARTED
06:24:50.639 (1639684794)|CODE_UNIT_STARTED|[EXTERNAL]|DuplicateDetector
06:24:50.639 (1639693235)|DUPLICATE_DETECTION_BEGIN
06:24:50.639 (1639764163)|DUPLICATE_DETECTION_RULE_INVOCATION|DuplicateRuleId:0BmgK0000076XRu|DuplicateRuleName:Standard Contact Duplicate Rule|DmlType:INSERT
06:24:50.639 (1663564399)|DUPLICATE_DETECTION_END
06:24:50.639 (1663581007)|CODE_UNIT_FINISHED|DuplicateDetector
06:24:50.639 (1663592543)|EXECUTION_FINISHED
