67.0 APEX_CODE,FINEST;APEX_PROFILING,INFO;CALLOUT,INFO;DATA_ACCESS,INFO;DB,INFO;NBA,INFO;SYSTEM,DEBUG;VALIDATION,INFO;VISUALFORCE,INFO;WAVE,INFO;WORKFLOW,INFO
15:05:52.0 (210471)|USER_INFO|[EXTERNAL]|005gK00004LjKI1|dasshankarjay97363107.1be822b813f1@agentforce.com|(GMT-07:00) Pacific Daylight Time (America/Los_Angeles)|GMT-07:00
15:05:52.0 (275803)|EXECUTION_STARTED
15:05:52.0 (283181)|CODE_UNIT_STARTED|[EXTERNAL]|TRIGGERS
15:05:52.0 (331380)|CODE_UNIT_STARTED|[EXTERNAL]|01qgK00000603or|AppointmentTrigger on Appointment trigger event BeforeUpdate|__sfdc_trigger/AppointmentTrigger
15:05:52.0 (397981)|HEAP_ALLOCATE|[EXTERNAL]|Bytes:8
15:05:52.0 (499437)|HEAP_ALLOCATE|[EXTERNAL]|Bytes:8
15:05:52.0 (2393602)|HEAP_ALLOCATE|[95]|Bytes:3
15:05:52.0 (2510297)|HEAP_ALLOCATE|[100]|Bytes:152
15:05:52.0 (2530951)|HEAP_ALLOCATE|[417]|Bytes:408
15:05:52.0 (2547136)|HEAP_ALLOCATE|[430]|Bytes:408
15:05:52.0 (2579315)|HEAP_ALLOCATE|[317]|Bytes:6
15:05:52.0 (2736999)|HEAP_ALLOCATE|[EXTERNAL]|Bytes:16
15:05:52.0 (2806620)|VARIABLE_SCOPE_BEGIN|[1]|this|AppointmentTrigger|true|false
15:05:52.0 (3065955)|VARIABLE_ASSIGNMENT|[1]|this|{}|0x160c40e8
15:05:52.0 (3167464)|HEAP_ALLOCATE|[EXTERNAL]|Bytes:16
15:05:52.0 (3191503)|VARIABLE_SCOPE_BEGIN|[1]|this|AppointmentTrigger|true|false
15:05:52.0 (3247425)|VARIABLE_ASSIGNMENT|[1]|this|{}|0x160c40e8
15:05:52.0 (3273617)|STATEMENT_EXECUTE|[1]
15:05:52.0 (3276380)|STATEMENT_EXECUTE|[3]
15:05:52.0 (3294830)|HEAP_ALLOCATE|[3]|Bytes:4
15:05:52.0 (3410358)|HEAP_ALLOCATE|[68]|Bytes:5
15:05:52.0 (3456657)|HEAP_ALLOCATE|[74]|Bytes:5
15:05:52.0 (3471413)|HEAP_ALLOCATE|[82]|Bytes:7
15:05:52.0 (3943274)|VARIABLE_ASSIGNMENT|[3]|this.doctorIds|[]|0x160c40e8
15:05:52.0 (3960793)|STATEMENT_EXECUTE|[4]
15:05:52.0 (3976291)|HEAP_ALLOCATE|[4]|Bytes:4
15:05:52.0 (4051220)|VARIABLE_ASSIGNMENT|[4]|this.appointmentDates|[]|0x160c40e8
15:05:52.0 (4408015)|HEAP_ALLOCATE|[6]|Bytes:5
15:05:52.0 (4450278)|HEAP_ALLOCATE|[6]|Bytes:4
15:05:52.0 (4484315)|VARIABLE_SCOPE_BEGIN|[6]|app|Appointment__c|true|false
15:05:52.0 (5914521)|VARIABLE_ASSIGNMENT|[6]|app|{"LastModifiedDate":"2026-08-26T22:05:24.000Z","Appointment_ID__c":"2026-08-30T19:00:00.000Z","IsDeleted":false,"Patient__c":"a0egK00000CiJfxQAF","Name":"APP-0104","SystemModstamp":"2026-08-26T22:05:24.000Z","Doctor_Name__c":"a0pgK000001rCTtQAM","OwnerId":"005gK00004LjKI1QAN","CreatedById":"005gK00004LjKI1QAN","Start_Time__c":36000000,"End_Time__c":7200000,"RecordTypeId":"012gK000004yJiDQAU","CreatedDate":"2026-08-26T21:59:22.000Z","Id":"a0fgK000003J8hhQAC","Appointment_Date__c":"2026-08-30T00:00:00.000Z","Status__c":"Booked","LastModifiedById":"005gK00004LjKI1QAN"}|0x2398b270
15:05:52.0 (5935568)|STATEMENT_EXECUTE|[6]
15:05:52.0 (5953406)|STATEMENT_EXECUTE|[7]
15:05:52.0 (5981522)|HEAP_ALLOCATE|[6]|Bytes:5
15:05:52.0 (6019438)|VARIABLE_ASSIGNMENT|[6]|app|null|
15:05:52.0 (6091971)|STATEMENT_EXECUTE|[13]
15:05:52.0 (6093985)|STATEMENT_EXECUTE|[14]
15:05:52.6 (6105342)|CUMULATIVE_LIMIT_USAGE
15:05:52.6 (6105342)|LIMIT_USAGE_FOR_NS|(default)|
  Number of SOQL queries: 0 out of 100
  Number of query rows: 0 out of 50000
  Number of SOSL queries: 0 out of 20
  Number of DML statements: 0 out of 150
  Number of Publish Immediate DML: 0 out of 150
  Number of DML rows: 0 out of 10000
  Maximum CPU time: 0 out of 10000
  Maximum heap size: 0 out of 6000000
  Number of callouts: 0 out of 100
  Number of Email Invocations: 0 out of 10
  Number of future calls: 0 out of 50
  Number of queueable jobs added to the queue: 0 out of 50
  Number of Mobile Apex push calls: 0 out of 10

15:05:52.6 (6105342)|CUMULATIVE_LIMIT_USAGE_END

15:05:52.0 (6327761)|CODE_UNIT_FINISHED|AppointmentTrigger on Appointment trigger event BeforeUpdate|__sfdc_trigger/AppointmentTrigger
15:05:52.0 (24589589)|CODE_UNIT_STARTED|[EXTERNAL]|Flow:01IgK0000060uOX
15:05:52.32 (32786449)|FLOW_CREATE_INTERVIEW_BEGIN|00DgK00000Q0VhZ|300gK000013L74K|301gK00001CUm6E
15:05:52.32 (33012847)|FLOW_CREATE_INTERVIEW_END|97736ce1dea9dc9074f86bb1fea41a03e8753a-7a8a|Appointment Reminder
15:05:52.33 (33914413)|FLOW_START_INTERVIEWS_BEGIN|1
15:05:52.33 (34020687)|FLOW_START_INTERVIEW_BEGIN|97736ce1dea9dc9074f86bb1fea41a03e8753a-7a8a|Appointment Reminder
15:05:52.33 (34427585)|FLOW_START_INTERVIEW_END|97736ce1dea9dc9074f86bb1fea41a03e8753a-7a8a|Appointment Reminder
15:05:52.33 (74325253)|WF_EMAIL_SENT|Reference:emailSimple|Recipients:ram9650456@gmail.com erjay8797@gmail.com |CcEmails:
15:05:52.33 (76326885)|FLOW_START_INTERVIEWS_END|1
15:05:52.33 (76743249)|FLOW_INTERVIEW_FINISHED|97736ce1dea9dc9074f86bb1fea41a03e8753a-7a8a|Appointment Reminder
15:05:52.79 (79497661)|FLOW_CREATE_INTERVIEW_BEGIN|00DgK00000Q0VhZ|300gK000013Ljcb|301gK00001EdYCZ
15:05:52.79 (79573471)|FLOW_CREATE_INTERVIEW_END|97746ce1dea9dc9074f86bb1fea41a03e8753a-7a8b|Appointment Reminder Flow1
15:05:52.79 (79979968)|FLOW_START_INTERVIEWS_BEGIN|1
15:05:52.79 (80020098)|FLOW_START_INTERVIEW_BEGIN|97746ce1dea9dc9074f86bb1fea41a03e8753a-7a8b|Appointment Reminder Flow1
15:05:52.79 (80191416)|FLOW_START_INTERVIEW_END|97746ce1dea9dc9074f86bb1fea41a03e8753a-7a8b|Appointment Reminder Flow1
15:05:52.79 (102746463)|WF_EMAIL_SENT|Reference:emailSimple|Recipients:dasshankarjay97363107@gmail.com |CcEmails:
15:05:52.79 (103955256)|FLOW_START_INTERVIEWS_END|1
15:05:52.79 (104181017)|FLOW_INTERVIEW_FINISHED|97746ce1dea9dc9074f86bb1fea41a03e8753a-7a8b|Appointment Reminder Flow1
15:05:52.0 (105326807)|CODE_UNIT_FINISHED|Flow:01IgK0000060uOX
15:05:52.0 (107789258)|CODE_UNIT_STARTED|[EXTERNAL]|Flow:01IgK0000060uOX
15:05:52.0 (107811637)|CODE_UNIT_FINISHED|Flow:01IgK0000060uOX
15:05:52.0 (272765479)|CODE_UNIT_FINISHED|TRIGGERS
15:05:52.0 (272782186)|EXECUTION_FINISHED
