64.0 APEX_CODE,FINEST;APEX_PROFILING,INFO;CALLOUT,INFO;DATA_ACCESS,INFO;DB,INFO;NBA,INFO;SYSTEM,DEBUG;VALIDATION,INFO;VISUALFORCE,INFO;WAVE,INFO;WORKFLOW,INFO
Execute Anonymous: Assert.areEqual(ParkLocator.country('Salesforce').size(), 3);
06:19:14.1 (1991516)|USER_INFO|[EXTERNAL]|005gK00004LjKI1|dasshankarjay97363107.1be822b813f1@agentforce.com|(GMT-07:00) Pacific Daylight Time (America/Los_Angeles)|GMT-07:00
06:19:14.1 (2026688)|EXECUTION_STARTED
06:19:14.1 (2047939)|CODE_UNIT_STARTED|[EXTERNAL]|execute_anonymous_apex
06:19:14.1 (2319363)|HEAP_ALLOCATE|[95]|Bytes:3
06:19:14.1 (2372467)|HEAP_ALLOCATE|[100]|Bytes:152
06:19:14.1 (2385725)|HEAP_ALLOCATE|[417]|Bytes:408
06:19:14.1 (2396375)|HEAP_ALLOCATE|[430]|Bytes:408
06:19:14.1 (2415654)|HEAP_ALLOCATE|[317]|Bytes:6
06:19:14.1 (2446399)|HEAP_ALLOCATE|[EXTERNAL]|Bytes:1
06:19:14.1 (2644990)|STATEMENT_EXECUTE|[1]
06:19:14.1 (2646453)|STATEMENT_EXECUTE|[1]
06:19:14.1 (2648774)|HEAP_ALLOCATE|[1]|Bytes:10
06:19:14.1 (2708909)|HEAP_ALLOCATE|[68]|Bytes:5
06:19:14.1 (2739101)|HEAP_ALLOCATE|[74]|Bytes:5
06:19:14.1 (2745631)|HEAP_ALLOCATE|[82]|Bytes:7
06:19:14.1 (2772294)|SYSTEM_MODE_ENTER|false
06:19:14.1 (2799096)|HEAP_ALLOCATE|[1]|Bytes:5
06:19:14.1 (15595893)|HEAP_ALLOCATE|[1]|Bytes:1
06:19:14.1 (15648399)|METHOD_ENTRY|[1]|01pgK00000FTusb|ParkLocator.ParkLocator()
06:19:14.1 (15654991)|STATEMENT_EXECUTE|[1]
06:19:14.1 (15661808)|STATEMENT_EXECUTE|[1]
06:19:14.1 (15676495)|HEAP_ALLOCATE|[1]|Bytes:5
06:19:14.1 (15691672)|METHOD_EXIT|[1]|ParkLocator
06:19:14.1 (15735945)|METHOD_ENTRY|[1]|01pgK00000FTusb|ParkLocator.country(String)
06:19:14.1 (15786153)|VARIABLE_SCOPE_BEGIN|[2]|country|String|false|false
06:19:14.1 (15872834)|VARIABLE_ASSIGNMENT|[2]|country|"Salesforce"
06:19:14.1 (15882621)|HEAP_ALLOCATE|[4]|Bytes:5
06:19:14.1 (15885848)|STATEMENT_EXECUTE|[2]
06:19:14.1 (15886609)|STATEMENT_EXECUTE|[3]
06:19:14.1 (24894796)|HEAP_ALLOCATE|[4]|Bytes:2
06:19:14.1 (24956450)|HEAP_ALLOCATE|[4]|Bytes:36
06:19:14.1 (25088627)|CONSTRUCTOR_ENTRY|[4]|01pgK00000FU4IT|<init>()|ParkService.ParksImplPort
06:19:14.1 (25148655)|VARIABLE_SCOPE_BEGIN|[16]|this|ParkService.ParksImplPort|true|false
06:19:14.1 (25228946)|VARIABLE_ASSIGNMENT|[16]|this|{}|0x3e4716f8
06:19:14.1 (25240833)|HEAP_ALLOCATE|[17]|Bytes:5
06:19:14.1 (25247399)|HEAP_ALLOCATE|[17]|Bytes:6
06:19:14.1 (26194809)|STATEMENT_EXECUTE|[16]
06:19:14.1 (26206594)|HEAP_ALLOCATE|[17]|Bytes:5
06:19:14.1 (26213987)|STATEMENT_EXECUTE|[17]
06:19:14.1 (26218432)|HEAP_ALLOCATE|[17]|Bytes:56
06:19:14.1 (26252201)|VARIABLE_ASSIGNMENT|[17]|this.endpoint_x|"https://th-apex-soap (36 more) ..."|0x3e4716f8
06:19:14.1 (26257081)|STATEMENT_EXECUTE|[18]
06:19:14.1 (26258607)|STATEMENT_EXECUTE|[19]
06:19:14.1 (26259880)|STATEMENT_EXECUTE|[20]
06:19:14.1 (26260917)|STATEMENT_EXECUTE|[21]
06:19:14.1 (26262629)|STATEMENT_EXECUTE|[22]
06:19:14.1 (26265085)|STATEMENT_EXECUTE|[23]
06:19:14.1 (26266703)|STATEMENT_EXECUTE|[24]
06:19:14.1 (26282762)|HEAP_ALLOCATE|[24]|Bytes:4
06:19:14.1 (26348760)|HEAP_ALLOCATE|[24]|Bytes:22
06:19:14.1 (26361139)|HEAP_ALLOCATE|[24]|Bytes:11
06:19:14.1 (26407217)|HEAP_ALLOCATE|[EXTERNAL]|Bytes:12
06:19:14.1 (26441463)|VARIABLE_ASSIGNMENT|[24]|this.ns_map_type_info|["http://parks.service (2 more) ...","ParkService"]|0x3e4716f8
06:19:14.1 (26496795)|CONSTRUCTOR_EXIT|[4]|01pgK00000FU4IT|<init>()|ParkService.ParksImplPort
06:19:14.1 (26507346)|VARIABLE_SCOPE_BEGIN|[3]|parkService|ParkService.ParksImplPort|true|false
06:19:14.1 (26553234)|VARIABLE_ASSIGNMENT|[3]|parkService|{"endpoint_x":"https://th-apex-soap (36 more) ...","ns_map_type_info":"0x5fb1f853"}|0x3e4716f8
06:19:14.1 (26558435)|STATEMENT_EXECUTE|[6]
06:19:14.1 (26597241)|METHOD_ENTRY|[6]|01pgK00000FU4IT|ParkService.ParksImplPort.byCountry(String)
06:19:14.1 (26618374)|VARIABLE_SCOPE_BEGIN|[25]|this|ParkService.ParksImplPort|true|false
06:19:14.1 (26636742)|VARIABLE_ASSIGNMENT|[25]|this|{"endpoint_x":"https://th-apex-soap (36 more) ...","ns_map_type_info":"0x5fb1f853"}|0x3e4716f8
06:19:14.1 (26642488)|VARIABLE_SCOPE_BEGIN|[25]|arg0|String|false|false
06:19:14.1 (26650808)|VARIABLE_ASSIGNMENT|[25]|arg0|"Salesforce"
06:19:14.1 (26663802)|HEAP_ALLOCATE|[26]|Bytes:5
06:19:14.1 (26667150)|STATEMENT_EXECUTE|[25]
06:19:14.1 (26668556)|STATEMENT_EXECUTE|[26]
06:19:14.1 (26926283)|HEAP_ALLOCATE|[26]|Bytes:20
06:19:14.1 (26949232)|CONSTRUCTOR_ENTRY|[26]|01pgK00000FU4IT|<init>()|ParkService.byCountry
06:19:14.1 (26968827)|VARIABLE_SCOPE_BEGIN|[10]|this|ParkService.byCountry|true|false
06:19:14.1 (27003721)|VARIABLE_ASSIGNMENT|[10]|this|{}|0x13767788
06:19:14.1 (27012732)|HEAP_ALLOCATE|[12]|Bytes:5
06:19:14.1 (27030485)|STATEMENT_EXECUTE|[10]
06:19:14.1 (27033217)|HEAP_ALLOCATE|[12]|Bytes:5
06:19:14.1 (27035837)|STATEMENT_EXECUTE|[11]
06:19:14.1 (27036885)|STATEMENT_EXECUTE|[12]
06:19:14.1 (27044024)|HEAP_ALLOCATE|[12]|Bytes:4
06:19:14.1 (27066294)|HEAP_ALLOCATE|[12]|Bytes:4
06:19:14.1 (27076413)|HEAP_ALLOCATE|[12]|Bytes:1
06:19:14.1 (27080122)|HEAP_ALLOCATE|[12]|Bytes:1
06:19:14.1 (27083689)|HEAP_ALLOCATE|[12]|Bytes:5
06:19:14.1 (27109373)|HEAP_ALLOCATE|[EXTERNAL]|Bytes:28
06:19:14.1 (27118713)|VARIABLE_ASSIGNMENT|[12]|this.arg0_type_info|"List of size 6 too large to display"|0x13767788
06:19:14.1 (27123429)|STATEMENT_EXECUTE|[13]
06:19:14.1 (27127789)|HEAP_ALLOCATE|[13]|Bytes:4
06:19:14.1 (27149204)|HEAP_ALLOCATE|[EXTERNAL]|Bytes:16
06:19:14.1 (27158304)|VARIABLE_ASSIGNMENT|[13]|this.apex_schema_type_info|["http://parks.service (2 more) ...","false","false"]|0x13767788
06:19:14.1 (27162427)|STATEMENT_EXECUTE|[14]
06:19:14.1 (27165664)|HEAP_ALLOCATE|[14]|Bytes:4
06:19:14.1 (27181487)|HEAP_ALLOCATE|[EXTERNAL]|Bytes:8
06:19:14.1 (27186444)|VARIABLE_ASSIGNMENT|[14]|this.field_order_type_info|["arg0"]|0x13767788
06:19:14.1 (27193207)|CONSTRUCTOR_EXIT|[26]|01pgK00000FU4IT|<init>()|ParkService.byCountry
06:19:14.1 (27198463)|VARIABLE_SCOPE_BEGIN|[26]|request_x|ParkService.byCountry|true|false
06:19:14.1 (27219788)|VARIABLE_ASSIGNMENT|[26]|request_x|{"apex_schema_type_info":"0x2719704f","arg0_type_info":"0x4fc2b399","field_order_type_info":"0x6fa847de"}|0x13767788
06:19:14.1 (27224205)|STATEMENT_EXECUTE|[27]
06:19:14.1 (27229764)|VARIABLE_ASSIGNMENT|[27]|this.arg0|"Salesforce"|0x13767788
06:19:14.1 (27233808)|STATEMENT_EXECUTE|[28]
06:19:14.1 (27388171)|VARIABLE_SCOPE_BEGIN|[28]|response_x|ParkService.byCountryResponse|true|false
06:19:14.1 (27541627)|VARIABLE_ASSIGNMENT|[28]|response_x|null|
06:19:14.1 (27544242)|STATEMENT_EXECUTE|[29]
06:19:14.1 (27576518)|HEAP_ALLOCATE|[29]|Bytes:4
06:19:14.1 (27606911)|VARIABLE_SCOPE_BEGIN|[29]|response_map_x|Map<String,ParkService.byCountryResponse>|true|false
06:19:14.1 (27624200)|VARIABLE_ASSIGNMENT|[29]|response_map_x|{}|0x233a18f3
06:19:14.1 (27627059)|STATEMENT_EXECUTE|[30]
06:19:14.1 (27629164)|HEAP_ALLOCATE|[30]|Bytes:10
06:19:14.1 (27671336)|HEAP_ALLOCATE|[EXTERNAL]|Bytes:-4
06:19:14.1 (27682725)|STATEMENT_EXECUTE|[31]
06:19:14.1 (27687317)|HEAP_ALLOCATE|[35]|Bytes:4
06:19:14.1 (27703590)|HEAP_ALLOCATE|[38]|Bytes:9
06:19:14.1 (27707812)|HEAP_ALLOCATE|[40]|Bytes:17
06:19:14.1 (27711325)|HEAP_ALLOCATE|[41]|Bytes:29
06:19:14.1 (27740455)|HEAP_ALLOCATE|[EXTERNAL]|Bytes:32
06:19:14.1 (98379895)|CALLOUT_REQUEST|[31]|<?xml version="1.0" encoding="UTF-8"?><env:Envelope xmlns:env="http://schemas.xmlsoap.org/soap/envelope/" xmlns:xsd="http://www.w3.org/2001/XMLSchema" xmlns:xsi="http://www.w3.org/2001/XMLSchema-instance"><env:Header /><env:Body><m:byCountry xmlns:m="http://parks.services/"><arg0>Salesforce</arg0></m:byCountry></env:Body></env:Envelope>
06:19:14.1 (98481360)|CALLOUT_REQUEST|[31]|byCountry:[apex_schema_type_info=(http://parks.services/, false, false), arg0=Salesforce, arg0_type_info=(arg0, http://parks.services/, null, 0, 1, false), field_order_type_info=(arg0)]::SOAPAction="" Accept=text/xml User-Agent=SFDC-Callout/67.0 SFDC_STACK_DEPTH=1 Content-Type=text/xml; charset=UTF-8 
06:19:14.1 (118307322)|CALLOUT_RESPONSE|[31]|<?xml version="1.0" encoding="utf-8"?><soap:Envelope xmlns:soap="http://schemas.xmlsoap.org/soap/envelope/"  xmlns:tns="http://parks.services/"><soap:Body><tns:byCountryResponse><return>Trailhead</return><return>is</return><return>awesome!</return></tns:byCountryResponse></soap:Body></soap:Envelope>
06:19:14.1 (118976665)|HEAP_ALLOCATE|[31]|Bytes:20
06:19:14.1 (119002957)|VARIABLE_SCOPE_BEGIN|[4]|this|ParkService.byCountryResponse|true|false
06:19:14.1 (119091097)|VARIABLE_ASSIGNMENT|[4]|this|{}|0xd9a823b
06:19:14.1 (119120457)|HEAP_ALLOCATE|[6]|Bytes:5
06:19:14.1 (119163374)|STATEMENT_EXECUTE|[4]
06:19:14.1 (119167068)|HEAP_ALLOCATE|[6]|Bytes:5
06:19:14.1 (119169773)|STATEMENT_EXECUTE|[5]
06:19:14.1 (119171417)|STATEMENT_EXECUTE|[6]
06:19:14.1 (119186080)|HEAP_ALLOCATE|[6]|Bytes:4
06:19:14.1 (119256372)|HEAP_ALLOCATE|[6]|Bytes:6
06:19:14.1 (119277196)|HEAP_ALLOCATE|[6]|Bytes:2
06:19:14.1 (119327761)|HEAP_ALLOCATE|[EXTERNAL]|Bytes:28
06:19:14.1 (119348673)|VARIABLE_ASSIGNMENT|[6]|this.return_x_type_info|"List of size 6 too large to display"|0xd9a823b
06:19:14.1 (119354773)|STATEMENT_EXECUTE|[7]
06:19:14.1 (119360617)|HEAP_ALLOCATE|[7]|Bytes:4
06:19:14.1 (119386436)|HEAP_ALLOCATE|[EXTERNAL]|Bytes:16
06:19:14.1 (119401824)|VARIABLE_ASSIGNMENT|[7]|this.apex_schema_type_info|["http://parks.service (2 more) ...","false","false"]|0xd9a823b
06:19:14.1 (119406905)|STATEMENT_EXECUTE|[8]
06:19:14.1 (119410614)|HEAP_ALLOCATE|[8]|Bytes:4
06:19:14.1 (119421065)|HEAP_ALLOCATE|[8]|Bytes:8
06:19:14.1 (119438656)|HEAP_ALLOCATE|[EXTERNAL]|Bytes:8
06:19:14.1 (119444984)|VARIABLE_ASSIGNMENT|[8]|this.field_order_type_info|["return_x"]|0xd9a823b
06:19:14.1 (119756707)|HEAP_ALLOCATE|[EXTERNAL]|Bytes:4
06:19:14.1 (119811567)|HEAP_ALLOCATE|[31]|Bytes:4
06:19:14.1 (119816087)|HEAP_ALLOCATE|[31]|Bytes:20
06:19:14.1 (119826756)|VARIABLE_ASSIGNMENT|[31]|this.return_x|[]|0xd9a823b
06:19:14.1 (119835134)|HEAP_ALLOCATE|[31]|Bytes:4
06:19:14.1 (119849123)|HEAP_ALLOCATE|[31]|Bytes:4
06:19:14.1 (119855364)|HEAP_ALLOCATE|[31]|Bytes:4
06:19:14.1 (119873050)|CALLOUT_RESPONSE|[31]|
06:19:14.1 (122525097)|STATEMENT_EXECUTE|[43]
06:19:14.1 (122655205)|VARIABLE_ASSIGNMENT|[43]|response_x|{"apex_schema_type_info":"0x3e415e00","field_order_type_info":"0x562c1a0d","return_x":"0x46274379","return_x_type_info":"0x3d53df35"}|0xd9a823b
06:19:14.1 (122663964)|STATEMENT_EXECUTE|[44]
06:19:14.1 (122679961)|METHOD_EXIT|[6]|01pgK00000FU4IT|ParkService.ParksImplPort.byCountry(String)
06:19:14.1 (122694217)|METHOD_EXIT|[1]|01pgK00000FTusb|ParkLocator.country(String)
06:19:14.1 (122703687)|SYSTEM_MODE_EXIT|false
06:19:14.1 (122794310)|SYSTEM_MODE_ENTER|false
06:19:14.1 (122814681)|HEAP_ALLOCATE|[1]|Bytes:5
06:19:14.1 (122914149)|HEAP_ALLOCATE|[1]|Bytes:51
06:19:14.1 (122957572)|SYSTEM_METHOD_ENTRY|[4]|Assert.Assert()
06:19:14.1 (122961132)|STATEMENT_EXECUTE|[4]
06:19:14.1 (122979685)|SYSTEM_METHOD_EXIT|[4]|Assert
06:19:14.1 (123033472)|METHOD_ENTRY|[1]||System.Assert.areEqual(Object, Object)
06:19:14.1 (123137472)|METHOD_EXIT|[1]||System.Assert.areEqual(Object, Object)
06:19:14.1 (123144533)|SYSTEM_MODE_EXIT|false
06:19:14.123 (123237212)|CUMULATIVE_LIMIT_USAGE
06:19:14.123 (123237212)|LIMIT_USAGE_FOR_NS|(default)|
  Number of SOQL queries: 0 out of 100
  Number of query rows: 0 out of 50000
  Number of SOSL queries: 0 out of 20
  Number of DML statements: 0 out of 150
  Number of Publish Immediate DML: 0 out of 150
  Number of DML rows: 0 out of 10000
  Maximum CPU time: 0 out of 10000
  Maximum heap size: 0 out of 6000000
  Number of callouts: 1 out of 100
  Number of Email Invocations: 0 out of 10
  Number of future calls: 0 out of 50
  Number of queueable jobs added to the queue: 0 out of 50
  Number of Mobile Apex push calls: 0 out of 10

06:19:14.123 (123237212)|CUMULATIVE_LIMIT_USAGE_END

06:19:14.1 (123325826)|CODE_UNIT_FINISHED|execute_anonymous_apex
06:19:14.1 (123342188)|EXECUTION_FINISHED
