67.0 APEX_CODE,FINEST;APEX_PROFILING,INFO;CALLOUT,INFO;DATA_ACCESS,INFO;DB,INFO;NBA,INFO;SYSTEM,DEBUG;VALIDATION,INFO;VISUALFORCE,INFO;WAVE,INFO;WORKFLOW,INFO
01:07:32.0 (303244)|USER_INFO|[EXTERNAL]|005gK00004LjKI1|dasshankarjay97363107.1be822b813f1@agentforce.com|(GMT-07:00) Pacific Daylight Time (America/Los_Angeles)|GMT-07:00
01:07:32.0 (388146)|EXECUTION_STARTED
01:07:32.0 (400247)|CODE_UNIT_STARTED|[EXTERNAL]|TRIGGERS
01:07:32.0 (516343)|CODE_UNIT_STARTED|[EXTERNAL]|01qgK000005lwTt|AccountAddressTrigger on Account trigger event BeforeInsert|__sfdc_trigger/AccountAddressTrigger
01:07:32.0 (607925)|HEAP_ALLOCATE|[EXTERNAL]|Bytes:8
01:07:32.0 (1974862)|HEAP_ALLOCATE|[95]|Bytes:3
01:07:32.0 (2102250)|HEAP_ALLOCATE|[100]|Bytes:152
01:07:32.0 (2133268)|HEAP_ALLOCATE|[417]|Bytes:408
01:07:32.0 (2153569)|HEAP_ALLOCATE|[430]|Bytes:408
01:07:32.0 (2186831)|HEAP_ALLOCATE|[317]|Bytes:6
01:07:32.0 (2216645)|HEAP_ALLOCATE|[EXTERNAL]|Bytes:4
01:07:32.0 (2264453)|VARIABLE_SCOPE_BEGIN|[1]|this|AccountAddressTrigger|true|false
01:07:32.0 (2456942)|VARIABLE_ASSIGNMENT|[1]|this|{}|0x5369d0e7
01:07:32.0 (2537634)|HEAP_ALLOCATE|[EXTERNAL]|Bytes:4
01:07:32.0 (2556450)|VARIABLE_SCOPE_BEGIN|[1]|this|AccountAddressTrigger|true|false
01:07:32.0 (2577343)|VARIABLE_ASSIGNMENT|[1]|this|{}|0x5369d0e7
01:07:32.0 (2606175)|STATEMENT_EXECUTE|[1]
01:07:32.0 (2637032)|HEAP_ALLOCATE|[68]|Bytes:5
01:07:32.0 (2671618)|HEAP_ALLOCATE|[74]|Bytes:5
01:07:32.0 (2682323)|HEAP_ALLOCATE|[82]|Bytes:7
01:07:32.0 (3522628)|HEAP_ALLOCATE|[3]|Bytes:5
01:07:32.0 (3604531)|HEAP_ALLOCATE|[3]|Bytes:4
01:07:32.0 (3621190)|VARIABLE_SCOPE_BEGIN|[3]|acc|Account|true|false
01:07:32.0 (5675624)|VARIABLE_ASSIGNMENT|[3]|acc|{"IsDeleted":false,"OwnerId":"005gK00004LjKI1QAN","Match_Billing_Address__c":false,"BillingCountryCode":"US","isAvaible__c":false,"Name":"Cloud","ShippingCountryCode":"US"}|0x671bc3a7
01:07:32.0 (5694801)|STATEMENT_EXECUTE|[3]
01:07:32.0 (5731761)|STATEMENT_EXECUTE|[4]
01:07:32.0 (5756267)|HEAP_ALLOCATE|[3]|Bytes:5
01:07:32.0 (5782791)|VARIABLE_ASSIGNMENT|[3]|acc|null|
01:07:32.5 (5809818)|CUMULATIVE_LIMIT_USAGE
01:07:32.5 (5809818)|LIMIT_USAGE_FOR_NS|(default)|
  Number of SOQL queries: 0 out of 100
  Number of query rows: 0 out of 50000
  Number of SOSL queries: 0 out of 20
  Number of DML statements: 0 out of 150
  Number of Publish Immediate DML: 0 out of 150
  Number of DML rows: 0 out of 10000
  Maximum CPU time: 0 out of 10000
  Maximum heap size: 0 out of 6000000
  Number of callouts: 0 out of 100
  Number of Email Invocations: 0 out of 10
  Number of future calls: 0 out of 50
  Number of queueable jobs added to the queue: 0 out of 50
  Number of Mobile Apex push calls: 0 out of 10

01:07:32.5 (5809818)|CUMULATIVE_LIMIT_USAGE_END

01:07:32.0 (6129526)|CODE_UNIT_FINISHED|AccountAddressTrigger on Account trigger event BeforeInsert|__sfdc_trigger/AccountAddressTrigger
01:07:32.0 (17245710)|CODE_UNIT_STARTED|[EXTERNAL]|DuplicateDetector
01:07:32.0 (17275759)|DUPLICATE_DETECTION_BEGIN
01:07:32.0 (18659858)|DUPLICATE_DETECTION_RULE_INVOCATION|DuplicateRuleId:0BmgK0000076XRt|DuplicateRuleName:Standard Account Duplicate Rule|DmlType:INSERT
01:07:32.0 (59959266)|DUPLICATE_DETECTION_MATCH_INVOCATION_DETAILS|EntityType:Account|ActionTaken:Allow_[Alert,Report]|DuplicateRecordIds:
01:07:32.0 (59986659)|DUPLICATE_DETECTION_MATCH_INVOCATION_SUMMARY|EntityType:Account|NumRecordsToBeSaved:1|NumRecordsToBeSavedWithDuplicates:0|NumDuplicateRecordsFound:0
01:07:32.0 (60249970)|DUPLICATE_DETECTION_END
01:07:32.0 (60261704)|CODE_UNIT_FINISHED|DuplicateDetector
01:07:32.0 (100063901)|CODE_UNIT_STARTED|[EXTERNAL]|01qgK000005jVG5|AccountTrigger on Account trigger event AfterInsert|__sfdc_trigger/AccountTrigger
01:07:32.0 (100147602)|HEAP_ALLOCATE|[EXTERNAL]|Bytes:8
01:07:32.0 (100403240)|HEAP_ALLOCATE|[EXTERNAL]|Bytes:4
01:07:32.0 (100423013)|VARIABLE_SCOPE_BEGIN|[1]|this|AccountTrigger|true|false
01:07:32.0 (100490261)|VARIABLE_ASSIGNMENT|[1]|this|{}|0x19ce86f3
01:07:32.0 (100552973)|HEAP_ALLOCATE|[EXTERNAL]|Bytes:4
01:07:32.0 (100575149)|VARIABLE_SCOPE_BEGIN|[1]|this|AccountTrigger|true|false
01:07:32.0 (100595125)|VARIABLE_ASSIGNMENT|[1]|this|{}|0x19ce86f3
01:07:32.0 (100603217)|STATEMENT_EXECUTE|[1]
01:07:32.0 (100604809)|STATEMENT_EXECUTE|[2]
01:07:32.0 (102881865)|HEAP_ALLOCATE|[2]|Bytes:1
01:07:32.0 (102940963)|METHOD_ENTRY|[1]|01pgK00000FdX8L|AccountTaskCreator.AccountTaskCreator()
01:07:32.0 (102949063)|STATEMENT_EXECUTE|[1]
01:07:32.0 (102955390)|STATEMENT_EXECUTE|[1]
01:07:32.0 (102976697)|SYSTEM_MODE_ENTER|false
01:07:32.0 (102993662)|HEAP_ALLOCATE|[2]|Bytes:5
01:07:32.0 (103003931)|SYSTEM_MODE_EXIT|false
01:07:32.0 (103019965)|METHOD_EXIT|[1]|AccountTaskCreator
01:07:32.0 (103057500)|METHOD_ENTRY|[2]|01pgK00000FdX8L|AccountTaskCreator.createTaskForAccountOwner(List<Account>)
01:07:32.0 (103093201)|VARIABLE_SCOPE_BEGIN|[3]|accounts|List<Account>|true|false
01:07:32.0 (104416092)|VARIABLE_ASSIGNMENT|[3]|accounts|[{"LastModifiedDate":"2026-08-27T08:07:32.000Z","IsDeleted":false,"BillingCountryCode":"US","isAvaible__c":false,"SystemModstamp":"2026-08-27T08:07:32.000Z","Name":"Cloud","ShippingCountryCode":"US","CleanStatus":"Pending","BillingCountry":"United States","OwnerId":"005gK00004LjKI1QAN","CreatedById":"005gK00004LjKI1QAN","Match_Billing_Address__c":false,"CreatedDate":"2026-08-27T08:07:32.000Z","ShippingCountry":"United States","Id":"001gK00001PNSkgQAH","LastModifiedById":"005gK00004LjKI1QAN"}]|0x63f289f9
01:07:32.0 (104449696)|SYSTEM_MODE_ENTER|false
01:07:32.0 (104463950)|HEAP_ALLOCATE|[5]|Bytes:5
01:07:32.0 (104471248)|STATEMENT_EXECUTE|[3]
01:07:32.0 (104472219)|STATEMENT_EXECUTE|[5]
01:07:32.0 (104556565)|HEAP_ALLOCATE|[5]|Bytes:4
01:07:32.0 (104671855)|VARIABLE_SCOPE_BEGIN|[5]|tasks|List<Task>|true|false
01:07:32.0 (104680355)|HEAP_ALLOCATE|[EXTERNAL]|Bytes:4
01:07:32.0 (104692385)|VARIABLE_ASSIGNMENT|[5]|tasks|[]|0x59aa0c38
01:07:32.0 (104741514)|HEAP_ALLOCATE|[7]|Bytes:5
01:07:32.0 (104768401)|VARIABLE_SCOPE_BEGIN|[7]|acc|Account|true|false
01:07:32.0 (106171108)|VARIABLE_ASSIGNMENT|[7]|acc|{"LastModifiedDate":"2026-08-27T08:07:32.000Z","IsDeleted":false,"BillingCountryCode":"US","isAvaible__c":false,"SystemModstamp":"2026-08-27T08:07:32.000Z","Name":"Cloud","ShippingCountryCode":"US","CleanStatus":"Pending","BillingCountry":"United States","OwnerId":"005gK00004LjKI1QAN","CreatedById":"005gK00004LjKI1QAN","Match_Billing_Address__c":false,"CreatedDate":"2026-08-27T08:07:32.000Z","ShippingCountry":"United States","Id":"001gK00001PNSkgQAH","LastModifiedById":"005gK00004LjKI1QAN"}|0x296b75f0
01:07:32.0 (106190194)|STATEMENT_EXECUTE|[7]
01:07:32.0 (106191861)|STATEMENT_EXECUTE|[8]
01:07:32.0 (106221769)|HEAP_ALLOCATE|[8]|Bytes:4
01:07:32.0 (106331760)|HEAP_ALLOCATE|[9]|Bytes:26
01:07:32.0 (107774834)|VARIABLE_ASSIGNMENT|[8]|this.Subject|"Follow up with new A (6 more) ..."|0x562b0b0a
01:07:32.0 (112623762)|VARIABLE_ASSIGNMENT|[8]|this.WhatId|"001gK00001PNSkgQAH"|0x562b0b0a
01:07:32.0 (112713385)|VARIABLE_ASSIGNMENT|[8]|this.OwnerId|"005gK00004LjKI1QAN"|0x562b0b0a
01:07:32.0 (112722078)|HEAP_ALLOCATE|[12]|Bytes:11
01:07:32.0 (112741523)|VARIABLE_ASSIGNMENT|[8]|this.Status|"Not Started"|0x562b0b0a
01:07:32.0 (112744835)|HEAP_ALLOCATE|[13]|Bytes:6
01:07:32.0 (112759009)|VARIABLE_ASSIGNMENT|[8]|this.Priority|"Normal"|0x562b0b0a
01:07:32.0 (112800131)|VARIABLE_SCOPE_BEGIN|[8]|t|Task|true|false
01:07:32.0 (112822802)|VARIABLE_ASSIGNMENT|[8]|t|{"Subject":"Follow up with new A (6 more) ...","WhatId":"001gK00001PNSkgQAH","OwnerId":"005gK00004LjKI1QAN","Status":"Not Started","Priority":"Normal"}|0x562b0b0a
01:07:32.0 (112828042)|STATEMENT_EXECUTE|[16]
01:07:32.0 (112896054)|HEAP_ALLOCATE|[EXTERNAL]|Bytes:4
01:07:32.0 (112918642)|HEAP_ALLOCATE|[7]|Bytes:5
01:07:32.0 (112930909)|VARIABLE_ASSIGNMENT|[7]|acc|null|
01:07:32.0 (112953797)|STATEMENT_EXECUTE|[19]
01:07:32.0 (112954787)|STATEMENT_EXECUTE|[20]
01:07:32.0 (113064224)|DML_BEGIN|[20]|Op:Insert|Type:Task|Rows:1
01:07:32.0 (113119013)|HEAP_ALLOCATE|[EXTERNAL]|Bytes:8
01:07:32.0 (193239967)|DML_END|[20]
01:07:32.0 (193612614)|HEAP_ALLOCATE|[EXTERNAL]|Bytes:8
01:07:32.0 (193672532)|SYSTEM_MODE_EXIT|false
01:07:32.0 (193694163)|METHOD_EXIT|[2]|01pgK00000FdX8L|AccountTaskCreator.createTaskForAccountOwner(List<Account>)
01:07:32.193 (193713845)|CUMULATIVE_LIMIT_USAGE
01:07:32.193 (193713845)|LIMIT_USAGE_FOR_NS|(default)|
  Number of SOQL queries: 0 out of 100
  Number of query rows: 0 out of 50000
  Number of SOSL queries: 0 out of 20
  Number of DML statements: 1 out of 150
  Number of Publish Immediate DML: 0 out of 150
  Number of DML rows: 1 out of 10000
  Maximum CPU time: 0 out of 10000
  Maximum heap size: 0 out of 6000000
  Number of callouts: 0 out of 100
  Number of Email Invocations: 0 out of 10
  Number of future calls: 0 out of 50
  Number of queueable jobs added to the queue: 0 out of 50
  Number of Mobile Apex push calls: 0 out of 10

01:07:32.193 (193713845)|CUMULATIVE_LIMIT_USAGE_END

01:07:32.0 (193948725)|CODE_UNIT_FINISHED|AccountTrigger on Account trigger event AfterInsert|__sfdc_trigger/AccountTrigger
01:07:32.0 (194876155)|CODE_UNIT_STARTED|[EXTERNAL]|Flow:Account
01:07:32.199 (199125037)|FLOW_CREATE_INTERVIEW_BEGIN|00DgK00000Q0VhZ|300gK000012w6BT|301gK00001CCf81
01:07:32.199 (199384057)|FLOW_CREATE_INTERVIEW_END|44484dfac1c821d71a31520ce5a71a041a405be-509a|Account Email Notification Flow
01:07:32.200 (200511732)|FLOW_START_INTERVIEWS_BEGIN|1
01:07:32.200 (200651136)|FLOW_START_INTERVIEW_BEGIN|44484dfac1c821d71a31520ce5a71a041a405be-509a|Account Email Notification Flow
01:07:32.200 (201267838)|FLOW_START_INTERVIEW_END|44484dfac1c821d71a31520ce5a71a041a405be-509a|Account Email Notification Flow
01:07:32.200 (250222411)|WF_EMAIL_SENT|Reference:emailSimple|Recipients:dasshankarjay97363107@gmail.com |CcEmails:
01:07:32.200 (252479979)|FLOW_START_INTERVIEWS_END|1
01:07:32.200 (253052173)|FLOW_INTERVIEW_FINISHED|44484dfac1c821d71a31520ce5a71a041a405be-509a|Account Email Notification Flow
01:07:32.258 (258159925)|FLOW_CREATE_INTERVIEW_BEGIN|00DgK00000Q0VhZ|300gK000012wYnd|301gK00001CCLSg
01:07:32.258 (258284479)|FLOW_CREATE_INTERVIEW_END|44494dfac1c821d71a31520ce5a71a041a405be-5099|Account Email Notification
01:07:32.259 (259082118)|FLOW_START_INTERVIEWS_BEGIN|1
01:07:32.259 (259183692)|FLOW_START_INTERVIEW_BEGIN|44494dfac1c821d71a31520ce5a71a041a405be-5099|Account Email Notification
01:07:32.259 (259509994)|FLOW_START_INTERVIEW_END|44494dfac1c821d71a31520ce5a71a041a405be-5099|Account Email Notification
01:07:32.259 (290413229)|WF_EMAIL_SENT|Reference:emailSimple|Recipients:dasshankarjay97363107@gmail.com |CcEmails:
01:07:32.259 (291649978)|FLOW_START_INTERVIEWS_END|1
01:07:32.259 (291977262)|FLOW_INTERVIEW_FINISHED|44494dfac1c821d71a31520ce5a71a041a405be-5099|Account Email Notification
01:07:32.296 (296967581)|FLOW_CREATE_INTERVIEW_BEGIN|00DgK00000Q0VhZ|300gK000012wblX|301gK00001CCnNJ
01:07:32.296 (297085740)|FLOW_CREATE_INTERVIEW_END|44504dfac1c821d71a31520ce5a71a041a405be-5098|Account Contact Opportunity Flow
01:07:32.297 (297922979)|FLOW_START_INTERVIEWS_BEGIN|1
01:07:32.297 (298004929)|FLOW_START_INTERVIEW_BEGIN|44504dfac1c821d71a31520ce5a71a041a405be-5098|Account Contact Opportunity Flow
01:07:32.297 (298295654)|FLOW_START_INTERVIEW_END|44504dfac1c821d71a31520ce5a71a041a405be-5098|Account Contact Opportunity Flow
01:07:32.306 (306325140)|CODE_UNIT_STARTED|[EXTERNAL]|Flow:Contact
01:07:32.306 (306365289)|CODE_UNIT_FINISHED|Flow:Contact
01:07:32.311 (311160423)|CODE_UNIT_STARTED|[EXTERNAL]|01qgK000005m0Sf|RestrictContactByName on Contact trigger event BeforeInsert|__sfdc_trigger/RestrictContactByName
01:07:32.311 (311233555)|HEAP_ALLOCATE|[EXTERNAL]|Bytes:8
01:07:32.311 (311402173)|HEAP_ALLOCATE|[EXTERNAL]|Bytes:4
01:07:32.311 (311419281)|VARIABLE_SCOPE_BEGIN|[1]|this|RestrictContactByName|true|false
01:07:32.311 (311523264)|VARIABLE_ASSIGNMENT|[1]|this|{}|0x7f6710b2
01:07:32.311 (311575924)|HEAP_ALLOCATE|[EXTERNAL]|Bytes:4
01:07:32.311 (311582418)|VARIABLE_SCOPE_BEGIN|[1]|this|RestrictContactByName|true|false
01:07:32.311 (311596252)|VARIABLE_ASSIGNMENT|[1]|this|{}|0x7f6710b2
01:07:32.311 (311605739)|STATEMENT_EXECUTE|[1]
01:07:32.311 (311868724)|HEAP_ALLOCATE|[3]|Bytes:5
01:07:32.311 (311908035)|HEAP_ALLOCATE|[3]|Bytes:4
01:07:32.311 (311918663)|VARIABLE_SCOPE_BEGIN|[3]|c|Contact|true|false
01:07:32.311 (315930515)|VARIABLE_ASSIGNMENT|[3]|c|{"IsDeleted":false,"IsEmailBounced":false,"DoNotCall":false,"OtherCountryCode":"US","HasOptedOutOfEmail":false,"HasOptedOutOfFax":false,"Content_Fullname__c":" Cloud","Missing_Data__c":false,"OwnerId":"005gK00004LjKI1QAN","Full_Name__c":" Cloud","MailingCountryCode":"US","LastName":"Cloud","IsPriorityRecord":false,"Active__c":false}|0x2195a796
01:07:32.311 (315952539)|STATEMENT_EXECUTE|[3]
01:07:32.311 (315986029)|HEAP_ALLOCATE|[4]|Bytes:11
01:07:32.311 (316028453)|STATEMENT_EXECUTE|[4]
01:07:32.311 (316054211)|HEAP_ALLOCATE|[3]|Bytes:5
01:07:32.311 (316081254)|VARIABLE_ASSIGNMENT|[3]|c|null|
01:07:32.316 (316100101)|CUMULATIVE_LIMIT_USAGE
01:07:32.316 (316100101)|LIMIT_USAGE_FOR_NS|(default)|
  Number of SOQL queries: 0 out of 100
  Number of query rows: 0 out of 50000
  Number of SOSL queries: 0 out of 20
  Number of DML statements: 2 out of 150
  Number of Publish Immediate DML: 0 out of 150
  Number of DML rows: 2 out of 10000
  Maximum CPU time: 122 out of 10000
  Maximum heap size: 0 out of 6000000
  Number of callouts: 0 out of 100
  Number of Email Invocations: 0 out of 10
  Number of future calls: 0 out of 50
  Number of queueable jobs added to the queue: 0 out of 50
  Number of Mobile Apex push calls: 0 out of 10

01:07:32.316 (316100101)|CUMULATIVE_LIMIT_USAGE_END

01:07:32.311 (316366833)|CODE_UNIT_FINISHED|RestrictContactByName on Contact trigger event BeforeInsert|__sfdc_trigger/RestrictContactByName
01:07:32.320 (320510491)|CODE_UNIT_STARTED|[EXTERNAL]|DuplicateDetector
01:07:32.320 (320545442)|DUPLICATE_DETECTION_BEGIN
01:07:32.320 (320619711)|DUPLICATE_DETECTION_RULE_INVOCATION|DuplicateRuleId:0BmgK0000076XRu|DuplicateRuleName:Standard Contact Duplicate Rule|DmlType:INSERT
01:07:32.320 (358067660)|DUPLICATE_DETECTION_MATCH_INVOCATION_DETAILS|EntityType:Contact|ActionTaken:Allow_[Alert,Report]|DuplicateRecordIds:
01:07:32.320 (358093069)|DUPLICATE_DETECTION_MATCH_INVOCATION_SUMMARY|EntityType:Contact|NumRecordsToBeSaved:1|NumRecordsToBeSavedWithDuplicates:0|NumDuplicateRecordsFound:0
01:07:32.320 (358102072)|DUPLICATE_DETECTION_MATCH_INVOCATION_DETAILS|EntityType:Contact|ActionTaken:Allow_[Alert,Report]|DuplicateRecordIds:
01:07:32.320 (358105287)|DUPLICATE_DETECTION_MATCH_INVOCATION_SUMMARY|EntityType:Contact|NumRecordsToBeSaved:1|NumRecordsToBeSavedWithDuplicates:0|NumDuplicateRecordsFound:0
01:07:32.320 (358258391)|DUPLICATE_DETECTION_END
01:07:32.320 (358266277)|CODE_UNIT_FINISHED|DuplicateDetector
01:07:32.396 (396886526)|CODE_UNIT_STARTED|[EXTERNAL]|Flow:Contact
01:07:32.396 (396928052)|CODE_UNIT_FINISHED|Flow:Contact
01:07:32.397 (397026762)|CODE_UNIT_STARTED|[EXTERNAL]|Flow:Contact
01:07:32.397 (397043667)|CODE_UNIT_FINISHED|Flow:Contact
01:07:32.419 (419140793)|CODE_UNIT_STARTED|[EXTERNAL]|Flow:Opportunity
01:07:32.419 (419192821)|CODE_UNIT_FINISHED|Flow:Opportunity
01:07:32.436 (436359644)|CODE_UNIT_STARTED|[EXTERNAL]|Validation:Opportunity:new
01:07:32.436 (436431064)|VALIDATION_RULE|03dgK000000wiqH|Opportunity_Name_Lock
01:07:32.436 (436690286)|VALIDATION_FORMULA|AND(
OR(
ISPICKVAL(StageName,"Closed Won"),
ISPICKVAL(StageName,"Closed Lost")
),
ISCHANGED(Name)
)|StageName=Prospecting , Name=Cloud
01:07:32.436 (436704189)|VALIDATION_PASS
01:07:32.436 (436717314)|CODE_UNIT_FINISHED|Validation:Opportunity:new
01:07:32.488 (488655165)|CODE_UNIT_STARTED|[EXTERNAL]|01qgK000005lwor|ClosedOpportunityTrigger on Opportunity trigger event AfterInsert|__sfdc_trigger/ClosedOpportunityTrigger
01:07:32.488 (488748336)|HEAP_ALLOCATE|[EXTERNAL]|Bytes:8
01:07:32.488 (489002426)|HEAP_ALLOCATE|[EXTERNAL]|Bytes:8
01:07:32.488 (489022164)|VARIABLE_SCOPE_BEGIN|[1]|this|ClosedOpportunityTrigger|true|false
01:07:32.488 (489166270)|VARIABLE_ASSIGNMENT|[1]|this|{}|0x584c36a1
01:07:32.488 (489231127)|HEAP_ALLOCATE|[EXTERNAL]|Bytes:8
01:07:32.488 (489241006)|VARIABLE_SCOPE_BEGIN|[1]|this|ClosedOpportunityTrigger|true|false
01:07:32.488 (489262828)|VARIABLE_ASSIGNMENT|[1]|this|{}|0x584c36a1
01:07:32.488 (489280809)|STATEMENT_EXECUTE|[1]
01:07:32.488 (489282819)|STATEMENT_EXECUTE|[3]
01:07:32.488 (489306426)|HEAP_ALLOCATE|[3]|Bytes:4
01:07:32.488 (489402350)|HEAP_ALLOCATE|[EXTERNAL]|Bytes:4
01:07:32.488 (489429663)|VARIABLE_ASSIGNMENT|[3]|this.tasksToCreate|[]|0x584c36a1
01:07:32.488 (489758339)|HEAP_ALLOCATE|[5]|Bytes:5
01:07:32.488 (489811445)|VARIABLE_SCOPE_BEGIN|[5]|opp|Opportunity|true|false
01:07:32.488 (492033196)|VARIABLE_ASSIGNMENT|[5]|opp|{"Text__c":"Normal Priority","LastModifiedDate":"2026-08-27T08:07:32.000Z","IsDeleted":false,"AccountId":"001gK00001PNSkgQAH","HasOpportunityLineItem":false,"StageName":"Prospecting","Probability":10,"ForecastCategory":"Pipeline","IsClosed":false,"CloseDate":"2026-02-07T00:00:00.000Z","Name":"Cloud","SystemModstamp":"2026-08-27T08:07:32.000Z","HasOpenActivity":false,"Priority__c":"Cloud","CreatedById":"005gK00004LjKI1QAN","OwnerId":"005gK00004LjKI1QAN","IsWon":false,"CreatedDate":"2026-08-27T08:07:32.000Z","HasOverdueTask":false,"Id":"006gK00000NPS8jQAH","ForecastCategoryName":"Pipeline","IsPrivate":false,"LastModifiedById":"005gK00004LjKI1QAN"}|0x25abc33d
01:07:32.488 (492092253)|STATEMENT_EXECUTE|[5]
01:07:32.488 (492133540)|HEAP_ALLOCATE|[6]|Bytes:10
01:07:32.488 (492184164)|STATEMENT_EXECUTE|[6]
01:07:32.488 (492212775)|HEAP_ALLOCATE|[5]|Bytes:5
01:07:32.488 (492241379)|VARIABLE_ASSIGNMENT|[5]|opp|null|
01:07:32.488 (492295548)|STATEMENT_EXECUTE|[14]
01:07:32.492 (492310293)|CUMULATIVE_LIMIT_USAGE
01:07:32.492 (492310293)|LIMIT_USAGE_FOR_NS|(default)|
  Number of SOQL queries: 0 out of 100
  Number of query rows: 0 out of 50000
  Number of SOSL queries: 0 out of 20
  Number of DML statements: 3 out of 150
  Number of Publish Immediate DML: 0 out of 150
  Number of DML rows: 3 out of 10000
  Maximum CPU time: 147 out of 10000
  Maximum heap size: 0 out of 6000000
  Number of callouts: 0 out of 100
  Number of Email Invocations: 0 out of 10
  Number of future calls: 0 out of 50
  Number of queueable jobs added to the queue: 0 out of 50
  Number of Mobile Apex push calls: 0 out of 10

01:07:32.492 (492310293)|CUMULATIVE_LIMIT_USAGE_END

01:07:32.488 (492549916)|CODE_UNIT_FINISHED|ClosedOpportunityTrigger on Opportunity trigger event AfterInsert|__sfdc_trigger/ClosedOpportunityTrigger
01:07:32.494 (494022308)|CODE_UNIT_STARTED|[EXTERNAL]|Flow:Opportunity
01:07:32.494 (494254582)|CODE_UNIT_FINISHED|Flow:Opportunity
01:07:32.494 (494365316)|CODE_UNIT_STARTED|[EXTERNAL]|Flow:Opportunity
01:07:32.494 (498309739)|CODE_UNIT_FINISHED|Flow:Opportunity
01:07:32.297 (502715594)|FLOW_START_INTERVIEWS_END|1
01:07:32.297 (503293732)|FLOW_INTERVIEW_FINISHED|44504dfac1c821d71a31520ce5a71a041a405be-5098|Account Contact Opportunity Flow
01:07:32.0 (504781091)|CODE_UNIT_FINISHED|Flow:Account
01:07:32.0 (505573868)|CODE_UNIT_STARTED|[EXTERNAL]|Flow:Account
01:07:32.0 (505600990)|CODE_UNIT_FINISHED|Flow:Account
01:07:32.0 (733451420)|CODE_UNIT_STARTED|[EXTERNAL]|DuplicateDetector
01:07:32.0 (733484005)|DUPLICATE_DETECTION_BEGIN
01:07:32.0 (733527743)|DUPLICATE_DETECTION_RULE_INVOCATION|DuplicateRuleId:0BmgK0000076XRt|DuplicateRuleName:Standard Account Duplicate Rule|DmlType:INSERT
01:07:32.0 (750509075)|DUPLICATE_DETECTION_END
01:07:32.0 (750526528)|CODE_UNIT_FINISHED|DuplicateDetector
01:07:32.0 (750706550)|CODE_UNIT_STARTED|[EXTERNAL]|DuplicateDetector
01:07:32.0 (750721273)|DUPLICATE_DETECTION_BEGIN
01:07:32.0 (750846424)|DUPLICATE_DETECTION_RULE_INVOCATION|DuplicateRuleId:0BmgK0000076XRu|DuplicateRuleName:Standard Contact Duplicate Rule|DmlType:INSERT
01:07:32.0 (766050485)|DUPLICATE_DETECTION_END
01:07:32.0 (766070983)|CODE_UNIT_FINISHED|DuplicateDetector
01:07:32.0 (766589327)|CODE_UNIT_FINISHED|TRIGGERS
01:07:32.0 (766611219)|EXECUTION_FINISHED
