67.0 APEX_CODE,FINEST;APEX_PROFILING,INFO;CALLOUT,INFO;DATA_ACCESS,INFO;DB,INFO;NBA,INFO;SYSTEM,DEBUG;VALIDATION,INFO;VISUALFORCE,INFO;WAVE,INFO;WORKFLOW,INFO
14:59:22.0 (235587)|USER_INFO|[EXTERNAL]|005gK00004LjKI1|dasshankarjay97363107.1be822b813f1@agentforce.com|(GMT-07:00) Pacific Daylight Time (America/Los_Angeles)|GMT-07:00
14:59:22.0 (301114)|EXECUTION_STARTED
14:59:22.0 (311470)|CODE_UNIT_STARTED|[EXTERNAL]|TRIGGERS
14:59:22.0 (372800)|CODE_UNIT_STARTED|[EXTERNAL]|01qgK00000603or|AppointmentTrigger on Appointment trigger event BeforeInsert|__sfdc_trigger/AppointmentTrigger
14:59:22.0 (443187)|HEAP_ALLOCATE|[EXTERNAL]|Bytes:8
14:59:22.0 (1349954)|HEAP_ALLOCATE|[95]|Bytes:3
14:59:22.0 (1432375)|HEAP_ALLOCATE|[100]|Bytes:152
14:59:22.0 (1446000)|HEAP_ALLOCATE|[417]|Bytes:408
14:59:22.0 (1458036)|HEAP_ALLOCATE|[430]|Bytes:408
14:59:22.0 (1481655)|HEAP_ALLOCATE|[317]|Bytes:6
14:59:22.0 (1639048)|HEAP_ALLOCATE|[EXTERNAL]|Bytes:16
14:59:22.0 (1695558)|VARIABLE_SCOPE_BEGIN|[1]|this|AppointmentTrigger|true|false
14:59:22.0 (1925355)|VARIABLE_ASSIGNMENT|[1]|this|{}|0x32278a55
14:59:22.0 (1977668)|HEAP_ALLOCATE|[EXTERNAL]|Bytes:16
14:59:22.0 (2155261)|VARIABLE_SCOPE_BEGIN|[1]|this|AppointmentTrigger|true|false
14:59:22.0 (2210768)|VARIABLE_ASSIGNMENT|[1]|this|{}|0x32278a55
14:59:22.0 (2230345)|STATEMENT_EXECUTE|[1]
14:59:22.0 (2232559)|STATEMENT_EXECUTE|[4]
14:59:22.0 (2246875)|HEAP_ALLOCATE|[4]|Bytes:4
14:59:22.0 (2345070)|HEAP_ALLOCATE|[68]|Bytes:5
14:59:22.0 (2381983)|HEAP_ALLOCATE|[74]|Bytes:5
14:59:22.0 (2407653)|HEAP_ALLOCATE|[82]|Bytes:7
14:59:22.0 (2528206)|VARIABLE_ASSIGNMENT|[4]|this.doctorIds|[]|0x32278a55
14:59:22.0 (2534236)|STATEMENT_EXECUTE|[5]
14:59:22.0 (2539645)|HEAP_ALLOCATE|[5]|Bytes:4
14:59:22.0 (2572516)|VARIABLE_ASSIGNMENT|[5]|this.appointmentDates|[]|0x32278a55
14:59:22.0 (2881011)|HEAP_ALLOCATE|[7]|Bytes:5
14:59:22.0 (2918418)|HEAP_ALLOCATE|[7]|Bytes:4
14:59:22.0 (2963760)|VARIABLE_SCOPE_BEGIN|[7]|app|Appointment__c|true|false
14:59:22.0 (4057932)|VARIABLE_ASSIGNMENT|[7]|app|{"Doctor_Name__c":"a0pgK000001rCaLQAU","IsDeleted":false,"OwnerId":"005gK00004LjKI1QAN","Start_Time__c":7200000,"End_Time__c":14400000,"RecordTypeId":"012gK000004yJiDQAU","Patient__c":"a0egK00000ChzhFQAR","Appointment_Date__c":"2026-08-29T00:00:00.000Z","Status__c":"Booked"}|0x29e845aa
14:59:22.0 (4083472)|STATEMENT_EXECUTE|[7]
14:59:22.0 (4107722)|STATEMENT_EXECUTE|[8]
14:59:22.0 (4161646)|HEAP_ALLOCATE|[7]|Bytes:5
14:59:22.0 (4229826)|VARIABLE_ASSIGNMENT|[7]|app|null|
14:59:22.0 (4330909)|STATEMENT_EXECUTE|[14]
14:59:22.0 (4342993)|STATEMENT_EXECUTE|[15]
14:59:22.4 (4359988)|CUMULATIVE_LIMIT_USAGE
14:59:22.4 (4359988)|LIMIT_USAGE_FOR_NS|(default)|
  Number of SOQL queries: 0 out of 100
  Number of query rows: 0 out of 50000
  Number of SOSL queries: 0 out of 20
  Number of DML statements: 0 out of 150
  Number of Publish Immediate DML: 0 out of 150
  Number of DML rows: 0 out of 10000
  Maximum CPU time: 0 out of 10000
  Maximum heap size: 0 out of 6000000
  Number of callouts: 0 out of 100
  Number of Email Invocations: 0 out of 10
  Number of future calls: 0 out of 50
  Number of queueable jobs added to the queue: 0 out of 50
  Number of Mobile Apex push calls: 0 out of 10

14:59:22.4 (4359988)|CUMULATIVE_LIMIT_USAGE_END

14:59:22.0 (5008299)|CODE_UNIT_FINISHED|AppointmentTrigger on Appointment trigger event BeforeInsert|__sfdc_trigger/AppointmentTrigger
14:59:22.0 (56240967)|CODE_UNIT_STARTED|[EXTERNAL]|Flow:01IgK0000060uOX
14:59:22.0 (56264129)|CODE_UNIT_FINISHED|Flow:01IgK0000060uOX
14:59:22.0 (58154186)|CODE_UNIT_STARTED|[EXTERNAL]|Flow:01IgK0000060uOX
14:59:22.0 (58173931)|CODE_UNIT_FINISHED|Flow:01IgK0000060uOX
14:59:22.0 (84603732)|CODE_UNIT_FINISHED|TRIGGERS
14:59:22.0 (84619231)|EXECUTION_FINISHED
