67.0 APEX_CODE,FINEST;APEX_PROFILING,INFO;CALLOUT,INFO;DATA_ACCESS,INFO;DB,INFO;NBA,INFO;SYSTEM,DEBUG;VALIDATION,INFO;VISUALFORCE,INFO;WAVE,INFO;WORKFLOW,INFO
06:18:36.1 (1965075)|USER_INFO|[EXTERNAL]|005gK00004LjKI1|dasshankarjay97363107.1be822b813f1@agentforce.com|(GMT-07:00) Pacific Daylight Time (America/Los_Angeles)|GMT-07:00
06:18:36.1 (2020470)|EXECUTION_STARTED
06:18:36.1 (2047735)|CODE_UNIT_STARTED|[EXTERNAL]|01pgK00000FU8An|ParkLocatorTest.testParkLocator()
06:18:36.1 (2328595)|HEAP_ALLOCATE|[95]|Bytes:3
06:18:36.1 (2412887)|HEAP_ALLOCATE|[100]|Bytes:152
06:18:36.1 (2427106)|HEAP_ALLOCATE|[417]|Bytes:408
06:18:36.1 (2439351)|HEAP_ALLOCATE|[430]|Bytes:408
06:18:36.1 (2459888)|HEAP_ALLOCATE|[317]|Bytes:6
06:18:36.1 (2481956)|HEAP_ALLOCATE|[EXTERNAL]|Bytes:26
06:18:36.1 (2502856)|METHOD_ENTRY|[2]|01pgK00000FU8An|ParkLocatorTest.ParkLocatorTest()
06:18:36.1 (2513303)|STATEMENT_EXECUTE|[2]
06:18:36.1 (2517831)|STATEMENT_EXECUTE|[2]
06:18:36.1 (2536884)|HEAP_ALLOCATE|[68]|Bytes:5
06:18:36.1 (2569541)|HEAP_ALLOCATE|[74]|Bytes:5
06:18:36.1 (2574051)|HEAP_ALLOCATE|[82]|Bytes:7
06:18:36.1 (3220759)|SYSTEM_MODE_ENTER|false
06:18:36.1 (3240197)|HEAP_ALLOCATE|[EXTERNAL]|Bytes:5
06:18:36.1 (3251937)|SYSTEM_MODE_EXIT|false
06:18:36.1 (3262811)|METHOD_EXIT|[2]|ParkLocatorTest
06:18:36.1 (3313770)|SYSTEM_MODE_ENTER|false
06:18:36.1 (3316425)|HEAP_ALLOCATE|[8]|Bytes:5
06:18:36.1 (3319171)|STATEMENT_EXECUTE|[5]
06:18:36.1 (3320211)|STATEMENT_EXECUTE|[7]
06:18:36.1 (3322600)|HEAP_ALLOCATE|[8]|Bytes:21
06:18:36.1 (3453971)|HEAP_ALLOCATE|[8]|Bytes:33
06:18:36.1 (3461149)|SYSTEM_METHOD_ENTRY|[1]|Type.Type()
06:18:36.1 (3463033)|STATEMENT_EXECUTE|[1]
06:18:36.1 (3467278)|SYSTEM_METHOD_EXIT|[1]|Type
06:18:36.1 (3471970)|HEAP_ALLOCATE|[8]|Bytes:8
06:18:36.1 (3484863)|HEAP_ALLOCATE|[8]|Bytes:8
06:18:36.1 (3489571)|VARIABLE_SCOPE_BEGIN|[4]|this|System.Type|true|false
06:18:36.1 (3611047)|VARIABLE_ASSIGNMENT|[4]|this|{}|0x783cd29d
06:18:36.1 (3614713)|VARIABLE_SCOPE_BEGIN|[4]|apextype|java:common.apex.runtime.ApexObjectType|true|false
06:18:36.1 (3769372)|VARIABLE_ASSIGNMENT|[4]|apextype|"System.WebServiceMock"|0x27e71e4
06:18:36.1 (4811475)|HEAP_ALLOCATE|[8]|Bytes:8
06:18:36.1 (7112959)|HEAP_ALLOCATE|[9]|Bytes:1
06:18:36.1 (7145895)|METHOD_ENTRY|[2]|01pgK00000FU84L|ParkServiceMock.ParkServiceMock()
06:18:36.1 (7151670)|STATEMENT_EXECUTE|[2]
06:18:36.1 (7157281)|STATEMENT_EXECUTE|[2]
06:18:36.1 (7170873)|HEAP_ALLOCATE|[9]|Bytes:5
06:18:36.1 (7182958)|METHOD_EXIT|[2]|ParkServiceMock
06:18:36.1 (7223701)|HEAP_ALLOCATE|[9]|Bytes:4
06:18:36.1 (7251283)|CONSTRUCTOR_ENTRY|[9]|01pgK00000FU84L|<init>()|ParkServiceMock
06:18:36.1 (7303425)|VARIABLE_SCOPE_BEGIN|[2]|this|ParkServiceMock|true|false
06:18:36.1 (7343575)|VARIABLE_ASSIGNMENT|[2]|this|{}|0x4dd59c2f
06:18:36.1 (7355142)|HEAP_ALLOCATE|[EXTERNAL]|Bytes:5
06:18:36.1 (7375774)|STATEMENT_EXECUTE|[2]
06:18:36.1 (7379115)|HEAP_ALLOCATE|[EXTERNAL]|Bytes:5
06:18:36.1 (7391442)|CONSTRUCTOR_EXIT|[9]|01pgK00000FU84L|<init>()|ParkServiceMock
06:18:36.1 (7437296)|HEAP_ALLOCATE|[7]|Bytes:118
06:18:36.1 (7444979)|SYSTEM_METHOD_ENTRY|[1]|Test.Test()
06:18:36.1 (7447375)|STATEMENT_EXECUTE|[1]
06:18:36.1 (7451936)|SYSTEM_METHOD_EXIT|[1]|Test
06:18:36.1 (7472575)|METHOD_ENTRY|[7]||System.Test.setMock(System.Type, Object)
06:18:36.1 (7666025)|METHOD_EXIT|[7]||System.Test.setMock(System.Type, Object)
06:18:36.1 (7671071)|STATEMENT_EXECUTE|[12]
06:18:36.1 (7677018)|METHOD_ENTRY|[12]||System.Test.startTest()
06:18:36.1 (10208806)|METHOD_EXIT|[12]||System.Test.startTest()
06:18:36.1 (10221628)|STATEMENT_EXECUTE|[14]
06:18:36.1 (10228144)|HEAP_ALLOCATE|[14]|Bytes:5
06:18:36.1 (12502234)|HEAP_ALLOCATE|[14]|Bytes:1
06:18:36.1 (12530253)|METHOD_ENTRY|[1]|01pgK00000FTusb|ParkLocator.ParkLocator()
06:18:36.1 (12535801)|STATEMENT_EXECUTE|[1]
06:18:36.1 (12539308)|STATEMENT_EXECUTE|[1]
06:18:36.1 (12550516)|HEAP_ALLOCATE|[14]|Bytes:5
06:18:36.1 (12560104)|METHOD_EXIT|[1]|ParkLocator
06:18:36.1 (12589726)|METHOD_ENTRY|[14]|01pgK00000FTusb|ParkLocator.country(String)
06:18:36.1 (12651615)|VARIABLE_SCOPE_BEGIN|[2]|country|String|false|false
06:18:36.1 (12671608)|VARIABLE_ASSIGNMENT|[2]|country|"India"
06:18:36.1 (12689468)|HEAP_ALLOCATE|[4]|Bytes:5
06:18:36.1 (12693926)|STATEMENT_EXECUTE|[2]
06:18:36.1 (12695062)|STATEMENT_EXECUTE|[3]
06:18:36.1 (14312215)|HEAP_ALLOCATE|[4]|Bytes:2
06:18:36.1 (14349752)|HEAP_ALLOCATE|[4]|Bytes:36
06:18:36.1 (14369287)|CONSTRUCTOR_ENTRY|[4]|01pgK00000FU4IT|<init>()|ParkService.ParksImplPort
06:18:36.1 (14401227)|VARIABLE_SCOPE_BEGIN|[16]|this|ParkService.ParksImplPort|true|false
06:18:36.1 (14445946)|VARIABLE_ASSIGNMENT|[16]|this|{}|0x50e2feb7
06:18:36.1 (14457204)|HEAP_ALLOCATE|[17]|Bytes:5
06:18:36.1 (14488207)|STATEMENT_EXECUTE|[16]
06:18:36.1 (14490497)|HEAP_ALLOCATE|[17]|Bytes:5
06:18:36.1 (14492198)|STATEMENT_EXECUTE|[17]
06:18:36.1 (14494326)|HEAP_ALLOCATE|[17]|Bytes:56
06:18:36.1 (14507924)|VARIABLE_ASSIGNMENT|[17]|this.endpoint_x|"https://th-apex-soap (36 more) ..."|0x50e2feb7
06:18:36.1 (14510862)|STATEMENT_EXECUTE|[18]
06:18:36.1 (14511619)|STATEMENT_EXECUTE|[19]
06:18:36.1 (14512280)|STATEMENT_EXECUTE|[20]
06:18:36.1 (14512892)|STATEMENT_EXECUTE|[21]
06:18:36.1 (14513640)|STATEMENT_EXECUTE|[22]
06:18:36.1 (14514252)|STATEMENT_EXECUTE|[23]
06:18:36.1 (14514865)|STATEMENT_EXECUTE|[24]
06:18:36.1 (14527644)|HEAP_ALLOCATE|[24]|Bytes:4
06:18:36.1 (14556639)|HEAP_ALLOCATE|[24]|Bytes:22
06:18:36.1 (14565441)|HEAP_ALLOCATE|[24]|Bytes:11
06:18:36.1 (14599774)|HEAP_ALLOCATE|[EXTERNAL]|Bytes:12
06:18:36.1 (14616332)|VARIABLE_ASSIGNMENT|[24]|this.ns_map_type_info|["http://parks.service (2 more) ...","ParkService"]|0x50e2feb7
06:18:36.1 (14622036)|CONSTRUCTOR_EXIT|[4]|01pgK00000FU4IT|<init>()|ParkService.ParksImplPort
06:18:36.1 (14625619)|VARIABLE_SCOPE_BEGIN|[3]|parkService|ParkService.ParksImplPort|true|false
06:18:36.1 (14645534)|VARIABLE_ASSIGNMENT|[3]|parkService|{"endpoint_x":"https://th-apex-soap (36 more) ...","ns_map_type_info":"0x501eeb92"}|0x50e2feb7
06:18:36.1 (14648914)|STATEMENT_EXECUTE|[6]
06:18:36.1 (14675039)|METHOD_ENTRY|[6]|01pgK00000FU4IT|ParkService.ParksImplPort.byCountry(String)
06:18:36.1 (14684969)|VARIABLE_SCOPE_BEGIN|[25]|this|ParkService.ParksImplPort|true|false
06:18:36.1 (14694880)|VARIABLE_ASSIGNMENT|[25]|this|{"endpoint_x":"https://th-apex-soap (36 more) ...","ns_map_type_info":"0x501eeb92"}|0x50e2feb7
06:18:36.1 (14698486)|VARIABLE_SCOPE_BEGIN|[25]|arg0|String|false|false
06:18:36.1 (14702586)|VARIABLE_ASSIGNMENT|[25]|arg0|"India"
06:18:36.1 (14714219)|HEAP_ALLOCATE|[26]|Bytes:5
06:18:36.1 (14716159)|STATEMENT_EXECUTE|[25]
06:18:36.1 (14716931)|STATEMENT_EXECUTE|[26]
06:18:36.1 (16047982)|HEAP_ALLOCATE|[26]|Bytes:20
06:18:36.1 (16068163)|CONSTRUCTOR_ENTRY|[26]|01pgK00000FU4IT|<init>()|ParkService.byCountry
06:18:36.1 (16087519)|VARIABLE_SCOPE_BEGIN|[10]|this|ParkService.byCountry|true|false
06:18:36.1 (16124102)|VARIABLE_ASSIGNMENT|[10]|this|{}|0xcc28209
06:18:36.1 (16132191)|HEAP_ALLOCATE|[12]|Bytes:5
06:18:36.1 (16148123)|STATEMENT_EXECUTE|[10]
06:18:36.1 (16150462)|HEAP_ALLOCATE|[12]|Bytes:5
06:18:36.1 (16152364)|STATEMENT_EXECUTE|[11]
06:18:36.1 (16153371)|STATEMENT_EXECUTE|[12]
06:18:36.1 (16162163)|HEAP_ALLOCATE|[12]|Bytes:4
06:18:36.1 (16181491)|HEAP_ALLOCATE|[12]|Bytes:4
06:18:36.1 (16190943)|HEAP_ALLOCATE|[12]|Bytes:1
06:18:36.1 (16193591)|HEAP_ALLOCATE|[12]|Bytes:1
06:18:36.1 (16196352)|HEAP_ALLOCATE|[12]|Bytes:5
06:18:36.1 (16219303)|HEAP_ALLOCATE|[EXTERNAL]|Bytes:28
06:18:36.1 (16229054)|VARIABLE_ASSIGNMENT|[12]|this.arg0_type_info|"List of size 6 too large to display"|0xcc28209
06:18:36.1 (16232161)|STATEMENT_EXECUTE|[13]
06:18:36.1 (16234822)|HEAP_ALLOCATE|[13]|Bytes:4
06:18:36.1 (16247885)|HEAP_ALLOCATE|[EXTERNAL]|Bytes:16
06:18:36.1 (16255235)|VARIABLE_ASSIGNMENT|[13]|this.apex_schema_type_info|["http://parks.service (2 more) ...","false","false"]|0xcc28209
06:18:36.1 (16258289)|STATEMENT_EXECUTE|[14]
06:18:36.1 (16260383)|HEAP_ALLOCATE|[14]|Bytes:4
06:18:36.1 (16271134)|HEAP_ALLOCATE|[EXTERNAL]|Bytes:8
06:18:36.1 (16274792)|VARIABLE_ASSIGNMENT|[14]|this.field_order_type_info|["arg0"]|0xcc28209
06:18:36.1 (16279658)|CONSTRUCTOR_EXIT|[26]|01pgK00000FU4IT|<init>()|ParkService.byCountry
06:18:36.1 (16288520)|VARIABLE_SCOPE_BEGIN|[26]|request_x|ParkService.byCountry|true|false
06:18:36.1 (16304073)|VARIABLE_ASSIGNMENT|[26]|request_x|{"apex_schema_type_info":"0x25ea490","arg0_type_info":"0x59116b47","field_order_type_info":"0x41db68a6"}|0xcc28209
06:18:36.1 (16307681)|STATEMENT_EXECUTE|[27]
06:18:36.1 (16312588)|VARIABLE_ASSIGNMENT|[27]|this.arg0|"India"|0xcc28209
06:18:36.1 (16315245)|STATEMENT_EXECUTE|[28]
06:18:36.1 (17607188)|VARIABLE_SCOPE_BEGIN|[28]|response_x|ParkService.byCountryResponse|true|false
06:18:36.1 (17620436)|VARIABLE_ASSIGNMENT|[28]|response_x|null|
06:18:36.1 (17623926)|STATEMENT_EXECUTE|[29]
06:18:36.1 (17657480)|HEAP_ALLOCATE|[29]|Bytes:4
06:18:36.1 (17687224)|VARIABLE_SCOPE_BEGIN|[29]|response_map_x|Map<String,ParkService.byCountryResponse>|true|false
06:18:36.1 (17704267)|VARIABLE_ASSIGNMENT|[29]|response_map_x|{}|0x1dba3116
06:18:36.1 (17707609)|STATEMENT_EXECUTE|[30]
06:18:36.1 (17710288)|HEAP_ALLOCATE|[30]|Bytes:10
06:18:36.1 (17760881)|HEAP_ALLOCATE|[EXTERNAL]|Bytes:-4
06:18:36.1 (17766987)|STATEMENT_EXECUTE|[31]
06:18:36.1 (17773606)|HEAP_ALLOCATE|[35]|Bytes:4
06:18:36.1 (17791740)|HEAP_ALLOCATE|[38]|Bytes:9
06:18:36.1 (17795311)|HEAP_ALLOCATE|[40]|Bytes:17
06:18:36.1 (17797998)|HEAP_ALLOCATE|[41]|Bytes:29
06:18:36.1 (17825206)|HEAP_ALLOCATE|[EXTERNAL]|Bytes:32
06:18:36.1 (18126827)|HEAP_ALLOCATE|[31]|Bytes:4
06:18:36.1 (18130479)|HEAP_ALLOCATE|[31]|Bytes:36
06:18:36.1 (18132574)|HEAP_ALLOCATE|[31]|Bytes:20
06:18:36.1 (18143951)|HEAP_ALLOCATE|[31]|Bytes:8
06:18:36.1 (18146047)|HEAP_ALLOCATE|[31]|Bytes:56
06:18:36.1 (18147929)|HEAP_ALLOCATE|[31]|Bytes:9
06:18:36.1 (18149687)|HEAP_ALLOCATE|[31]|Bytes:22
06:18:36.1 (18151430)|HEAP_ALLOCATE|[31]|Bytes:17
06:18:36.1 (18153195)|HEAP_ALLOCATE|[31]|Bytes:29
06:18:36.1 (18160311)|VARIABLE_SCOPE_BEGIN|[4]|this|ParkServiceMock|true|false
06:18:36.1 (18173494)|VARIABLE_ASSIGNMENT|[4]|this|{}|0x4dd59c2f
06:18:36.1 (18180629)|VARIABLE_SCOPE_BEGIN|[4]|stub|Object|false|false
06:18:36.1 (18199276)|VARIABLE_ASSIGNMENT|[4]|stub|{"endpoint_x":"https://th-apex-soap (36 more) ...","ns_map_type_info":"0x501eeb92"}
06:18:36.1 (18203708)|VARIABLE_SCOPE_BEGIN|[4]|request|Object|false|false
06:18:36.1 (18219412)|VARIABLE_ASSIGNMENT|[4]|request|{"apex_schema_type_info":"0x25ea490","arg0":"India","arg0_type_info":"0x59116b47","field_order_type_info":"0x41db68a6"}
06:18:36.1 (18222947)|VARIABLE_SCOPE_BEGIN|[4]|response|Map<String,ANY>|true|false
06:18:36.1 (18230662)|VARIABLE_ASSIGNMENT|[4]|response|{}|0x1dba3116
06:18:36.1 (18234133)|VARIABLE_SCOPE_BEGIN|[4]|endpoint|String|false|false
06:18:36.1 (18239288)|VARIABLE_ASSIGNMENT|[4]|endpoint|"https://th-apex-soap (36 more) ..."
06:18:36.1 (18241835)|VARIABLE_SCOPE_BEGIN|[4]|soapAction|String|false|false
06:18:36.1 (18245974)|VARIABLE_ASSIGNMENT|[4]|soapAction|""
06:18:36.1 (18248554)|VARIABLE_SCOPE_BEGIN|[4]|requestName|String|false|false
06:18:36.1 (18253274)|VARIABLE_ASSIGNMENT|[4]|requestName|"byCountry"
06:18:36.1 (18255689)|VARIABLE_SCOPE_BEGIN|[4]|responseNS|String|false|false
06:18:36.1 (18260165)|VARIABLE_ASSIGNMENT|[4]|responseNS|"http://parks.service (2 more) ..."
06:18:36.1 (18262659)|VARIABLE_SCOPE_BEGIN|[4]|responseName|String|false|false
06:18:36.1 (18266857)|VARIABLE_ASSIGNMENT|[4]|responseName|"byCountryResponse"
06:18:36.1 (18269344)|VARIABLE_SCOPE_BEGIN|[4]|responseType|String|false|false
06:18:36.1 (18274358)|VARIABLE_ASSIGNMENT|[4]|responseType|"ParkService.byCountr (9 more) ..."
06:18:36.1 (18301962)|HEAP_ALLOCATE|[16]|Bytes:5
06:18:36.1 (18304795)|STATEMENT_EXECUTE|[14]
06:18:36.1 (18305773)|STATEMENT_EXECUTE|[15]
06:18:36.1 (18314066)|HEAP_ALLOCATE|[16]|Bytes:20
06:18:36.1 (18325172)|CONSTRUCTOR_ENTRY|[16]|01pgK00000FU4IT|<init>()|ParkService.byCountryResponse
06:18:36.1 (18335806)|VARIABLE_SCOPE_BEGIN|[4]|this|ParkService.byCountryResponse|true|false
06:18:36.1 (18354672)|VARIABLE_ASSIGNMENT|[4]|this|{}|0x157b32c1
06:18:36.1 (18359133)|HEAP_ALLOCATE|[6]|Bytes:5
06:18:36.1 (18372699)|STATEMENT_EXECUTE|[4]
06:18:36.1 (18374696)|HEAP_ALLOCATE|[6]|Bytes:5
06:18:36.1 (18376646)|STATEMENT_EXECUTE|[5]
06:18:36.1 (18377326)|STATEMENT_EXECUTE|[6]
06:18:36.1 (18381558)|HEAP_ALLOCATE|[6]|Bytes:4
06:18:36.1 (18395001)|HEAP_ALLOCATE|[6]|Bytes:6
06:18:36.1 (18401106)|HEAP_ALLOCATE|[6]|Bytes:2
06:18:36.1 (18413479)|HEAP_ALLOCATE|[EXTERNAL]|Bytes:28
06:18:36.1 (18419859)|VARIABLE_ASSIGNMENT|[6]|this.return_x_type_info|"List of size 6 too large to display"|0x157b32c1
06:18:36.1 (18422670)|STATEMENT_EXECUTE|[7]
06:18:36.1 (18425039)|HEAP_ALLOCATE|[7]|Bytes:4
06:18:36.1 (18436955)|HEAP_ALLOCATE|[EXTERNAL]|Bytes:16
06:18:36.1 (18442637)|VARIABLE_ASSIGNMENT|[7]|this.apex_schema_type_info|["http://parks.service (2 more) ...","false","false"]|0x157b32c1
06:18:36.1 (18445384)|STATEMENT_EXECUTE|[8]
06:18:36.1 (18447369)|HEAP_ALLOCATE|[8]|Bytes:4
06:18:36.1 (18453484)|HEAP_ALLOCATE|[8]|Bytes:8
06:18:36.1 (18459740)|HEAP_ALLOCATE|[EXTERNAL]|Bytes:8
06:18:36.1 (18477436)|VARIABLE_ASSIGNMENT|[8]|this.field_order_type_info|["return_x"]|0x157b32c1
06:18:36.1 (18483532)|CONSTRUCTOR_EXIT|[16]|01pgK00000FU4IT|<init>()|ParkService.byCountryResponse
06:18:36.1 (18486790)|VARIABLE_SCOPE_BEGIN|[15]|response_x|ParkService.byCountryResponse|true|false
06:18:36.1 (18497948)|VARIABLE_ASSIGNMENT|[15]|response_x|{"apex_schema_type_info":"0xdbc4039","field_order_type_info":"0x419d8675","return_x_type_info":"0x17977a2e"}|0x157b32c1
06:18:36.1 (18500861)|STATEMENT_EXECUTE|[18]
06:18:36.1 (18503564)|HEAP_ALLOCATE|[19]|Bytes:4
06:18:36.1 (18509912)|HEAP_ALLOCATE|[19]|Bytes:5
06:18:36.1 (18512974)|HEAP_ALLOCATE|[19]|Bytes:5
06:18:36.1 (18516667)|HEAP_ALLOCATE|[19]|Bytes:5
06:18:36.1 (18523245)|HEAP_ALLOCATE|[EXTERNAL]|Bytes:16
06:18:36.1 (18526760)|VARIABLE_ASSIGNMENT|[18]|this.return_x|["Park1","Park2","Park3"]|0x157b32c1
06:18:36.1 (18531703)|STATEMENT_EXECUTE|[21]
06:18:36.1 (18562883)|STATEMENT_EXECUTE|[43]
06:18:36.1 (18584509)|VARIABLE_ASSIGNMENT|[43]|response_x|{"apex_schema_type_info":"0xdbc4039","field_order_type_info":"0x419d8675","return_x":"0x44a07584","return_x_type_info":"0x17977a2e"}|0x157b32c1
06:18:36.1 (18588085)|STATEMENT_EXECUTE|[44]
06:18:36.1 (18595521)|METHOD_EXIT|[6]|01pgK00000FU4IT|ParkService.ParksImplPort.byCountry(String)
06:18:36.1 (18601704)|METHOD_EXIT|[14]|01pgK00000FTusb|ParkLocator.country(String)
06:18:36.1 (18605315)|VARIABLE_SCOPE_BEGIN|[14]|parks|List<String>|true|false
06:18:36.1 (18611104)|VARIABLE_ASSIGNMENT|[14]|parks|["Park1","Park2","Park3"]|0x44a07584
06:18:36.1 (18613833)|STATEMENT_EXECUTE|[16]
06:18:36.1 (18621231)|METHOD_ENTRY|[16]||System.Test.stopTest()
06:18:36.1 (18745941)|METHOD_EXIT|[16]||System.Test.stopTest()
06:18:36.1 (18748016)|STATEMENT_EXECUTE|[18]
06:18:36.1 (18788739)|STATEMENT_EXECUTE|[19]
06:18:36.1 (18799910)|HEAP_ALLOCATE|[19]|Bytes:5
06:18:36.1 (18812401)|STATEMENT_EXECUTE|[20]
06:18:36.1 (18815141)|HEAP_ALLOCATE|[20]|Bytes:5
06:18:36.1 (18821876)|STATEMENT_EXECUTE|[21]
06:18:36.1 (18824310)|HEAP_ALLOCATE|[21]|Bytes:5
06:18:36.1 (18832290)|SYSTEM_MODE_EXIT|false
06:18:36.18 (18850269)|CUMULATIVE_LIMIT_USAGE
06:18:36.18 (18850269)|LIMIT_USAGE_FOR_NS|(default)|
  Number of SOQL queries: 0 out of 100
  Number of query rows: 0 out of 50000
  Number of SOSL queries: 0 out of 20
  Number of DML statements: 0 out of 150
  Number of Publish Immediate DML: 0 out of 150
  Number of DML rows: 0 out of 10000
  Maximum CPU time: 0 out of 10000
  Maximum heap size: 0 out of 6000000
  Number of callouts: 0 out of 100
  Number of Email Invocations: 0 out of 10
  Number of future calls: 0 out of 50
  Number of queueable jobs added to the queue: 0 out of 50
  Number of Mobile Apex push calls: 0 out of 10

06:18:36.18 (18850269)|TESTING_LIMITS
06:18:36.18 (18850269)|LIMIT_USAGE_FOR_NS|(default)|
  Number of SOQL queries: 0 out of 100
  Number of query rows: 0 out of 50000
  Number of SOSL queries: 0 out of 20
  Number of DML statements: 0 out of 150
  Number of Publish Immediate DML: 0 out of 150
  Number of DML rows: 0 out of 10000
  Maximum CPU time: 0 out of 10000
  Maximum heap size: 0 out of 6000000
  Number of callouts: 1 out of 100
  Number of Email Invocations: 0 out of 10
  Number of future calls: 0 out of 50
  Number of queueable jobs added to the queue: 0 out of 50
  Number of Mobile Apex push calls: 0 out of 10

06:18:36.18 (18850269)|CUMULATIVE_LIMIT_USAGE_END

06:18:36.1 (18896874)|CODE_UNIT_FINISHED|ParkLocatorTest.testParkLocator()
06:18:36.1 (18908412)|EXECUTION_FINISHED
