67.0 APEX_CODE,FINEST;APEX_PROFILING,INFO;CALLOUT,INFO;DATA_ACCESS,INFO;DB,INFO;NBA,INFO;SYSTEM,DEBUG;VALIDATION,INFO;VISUALFORCE,INFO;WAVE,INFO;WORKFLOW,INFO
15:05:24.0 (386441)|USER_INFO|[EXTERNAL]|005gK00004LjKI1|dasshankarjay97363107.1be822b813f1@agentforce.com|(GMT-07:00) Pacific Daylight Time (America/Los_Angeles)|GMT-07:00
15:05:24.0 (487433)|EXECUTION_STARTED
15:05:24.0 (523475)|CODE_UNIT_STARTED|[EXTERNAL]|TRIGGERS
15:05:24.0 (624071)|CODE_UNIT_STARTED|[EXTERNAL]|01qgK00000603or|AppointmentTrigger on Appointment trigger event BeforeUpdate|__sfdc_trigger/AppointmentTrigger
15:05:24.0 (729101)|HEAP_ALLOCATE|[EXTERNAL]|Bytes:8
15:05:24.0 (859373)|HEAP_ALLOCATE|[EXTERNAL]|Bytes:8
15:05:24.0 (2085264)|HEAP_ALLOCATE|[95]|Bytes:3
15:05:24.0 (2217859)|HEAP_ALLOCATE|[100]|Bytes:152
15:05:24.0 (2254392)|HEAP_ALLOCATE|[417]|Bytes:408
15:05:24.0 (2277439)|HEAP_ALLOCATE|[430]|Bytes:408
15:05:24.0 (2330852)|HEAP_ALLOCATE|[317]|Bytes:6
15:05:24.0 (2509743)|HEAP_ALLOCATE|[EXTERNAL]|Bytes:16
15:05:24.0 (2564432)|VARIABLE_SCOPE_BEGIN|[1]|this|AppointmentTrigger|true|false
15:05:24.0 (2907440)|VARIABLE_ASSIGNMENT|[1]|this|{}|0xc1db831
15:05:24.0 (3030967)|HEAP_ALLOCATE|[EXTERNAL]|Bytes:16
15:05:24.0 (3050262)|VARIABLE_SCOPE_BEGIN|[1]|this|AppointmentTrigger|true|false
15:05:24.0 (3089275)|VARIABLE_ASSIGNMENT|[1]|this|{}|0xc1db831
15:05:24.0 (3118661)|STATEMENT_EXECUTE|[1]
15:05:24.0 (3123797)|STATEMENT_EXECUTE|[3]
15:05:24.0 (3145953)|HEAP_ALLOCATE|[3]|Bytes:4
15:05:24.0 (3344692)|HEAP_ALLOCATE|[68]|Bytes:5
15:05:24.0 (3409840)|HEAP_ALLOCATE|[74]|Bytes:5
15:05:24.0 (3429068)|HEAP_ALLOCATE|[82]|Bytes:7
15:05:24.0 (4034422)|VARIABLE_ASSIGNMENT|[3]|this.doctorIds|[]|0xc1db831
15:05:24.0 (4075671)|STATEMENT_EXECUTE|[4]
15:05:24.0 (4092688)|HEAP_ALLOCATE|[4]|Bytes:4
15:05:24.0 (4167454)|VARIABLE_ASSIGNMENT|[4]|this.appointmentDates|[]|0xc1db831
15:05:24.0 (4552802)|HEAP_ALLOCATE|[6]|Bytes:5
15:05:24.0 (4595576)|HEAP_ALLOCATE|[6]|Bytes:4
15:05:24.0 (4639748)|VARIABLE_SCOPE_BEGIN|[6]|app|Appointment__c|true|false
15:05:24.0 (6467794)|VARIABLE_ASSIGNMENT|[6]|app|{"LastModifiedDate":"2026-08-26T22:02:12.000Z","IsDeleted":false,"Patient__c":"a0egK00000CiJfxQAF","Name":"APP-0104","SystemModstamp":"2026-08-26T22:02:12.000Z","Doctor_Name__c":"a0pgK000001rCTtQAM","OwnerId":"005gK00004LjKI1QAN","CreatedById":"005gK00004LjKI1QAN","Start_Time__c":36000000,"End_Time__c":7200000,"RecordTypeId":"012gK000004yJiDQAU","CreatedDate":"2026-08-26T21:59:22.000Z","Id":"a0fgK000003J8hhQAC","Appointment_Date__c":"2026-08-30T00:00:00.000Z","Status__c":"Booked","LastModifiedById":"005gK00004LjKI1QAN"}|0x6fffb34e
15:05:24.0 (6512250)|STATEMENT_EXECUTE|[6]
15:05:24.0 (6761230)|STATEMENT_EXECUTE|[7]
15:05:24.0 (6820350)|HEAP_ALLOCATE|[6]|Bytes:5
15:05:24.0 (6925173)|VARIABLE_ASSIGNMENT|[6]|app|null|
15:05:24.0 (7003443)|STATEMENT_EXECUTE|[13]
15:05:24.0 (7014368)|STATEMENT_EXECUTE|[14]
15:05:24.7 (7049173)|CUMULATIVE_LIMIT_USAGE
15:05:24.7 (7049173)|LIMIT_USAGE_FOR_NS|(default)|
  Number of SOQL queries: 0 out of 100
  Number of query rows: 0 out of 50000
  Number of SOSL queries: 0 out of 20
  Number of DML statements: 0 out of 150
  Number of Publish Immediate DML: 0 out of 150
  Number of DML rows: 0 out of 10000
  Maximum CPU time: 0 out of 10000
  Maximum heap size: 0 out of 6000000
  Number of callouts: 0 out of 100
  Number of Email Invocations: 0 out of 10
  Number of future calls: 0 out of 50
  Number of queueable jobs added to the queue: 0 out of 50
  Number of Mobile Apex push calls: 0 out of 10

15:05:24.7 (7049173)|CUMULATIVE_LIMIT_USAGE_END

15:05:24.0 (7455398)|CODE_UNIT_FINISHED|AppointmentTrigger on Appointment trigger event BeforeUpdate|__sfdc_trigger/AppointmentTrigger
15:05:24.0 (25578890)|CODE_UNIT_STARTED|[EXTERNAL]|Flow:01IgK0000060uOX
15:05:24.32 (32242189)|FLOW_CREATE_INTERVIEW_BEGIN|00DgK00000Q0VhZ|300gK000013L74K|301gK00001CUm6E
15:05:24.32 (32672430)|FLOW_CREATE_INTERVIEW_END|6755e08404209929265e72f1b62f1a03ed82be9-1839|Appointment Reminder
15:05:24.34 (34243617)|FLOW_START_INTERVIEWS_BEGIN|1
15:05:24.34 (34388018)|FLOW_START_INTERVIEW_BEGIN|6755e08404209929265e72f1b62f1a03ed82be9-1839|Appointment Reminder
15:05:24.34 (34955559)|FLOW_START_INTERVIEW_END|6755e08404209929265e72f1b62f1a03ed82be9-1839|Appointment Reminder
15:05:24.34 (85990608)|WF_EMAIL_SENT|Reference:emailSimple|Recipients:ram9650456@gmail.com erjay8797@gmail.com |CcEmails:
15:05:24.34 (88162239)|FLOW_START_INTERVIEWS_END|1
15:05:24.34 (88665297)|FLOW_INTERVIEW_FINISHED|6755e08404209929265e72f1b62f1a03ed82be9-1839|Appointment Reminder
15:05:24.92 (92803822)|FLOW_CREATE_INTERVIEW_BEGIN|00DgK00000Q0VhZ|300gK000013Ljcb|301gK00001EdYCZ
15:05:24.92 (92935652)|FLOW_CREATE_INTERVIEW_END|6756e08404209929265e72f1b62f1a03ed82be9-1838|Appointment Reminder Flow1
15:05:24.94 (94060682)|FLOW_START_INTERVIEWS_BEGIN|1
15:05:24.94 (94173786)|FLOW_START_INTERVIEW_BEGIN|6756e08404209929265e72f1b62f1a03ed82be9-1838|Appointment Reminder Flow1
15:05:24.94 (94499304)|FLOW_START_INTERVIEW_END|6756e08404209929265e72f1b62f1a03ed82be9-1838|Appointment Reminder Flow1
15:05:24.94 (127275147)|WF_EMAIL_SENT|Reference:emailSimple|Recipients:dasshankarjay97363107@gmail.com |CcEmails:
15:05:24.94 (128641500)|FLOW_START_INTERVIEWS_END|1
15:05:24.94 (128949461)|FLOW_INTERVIEW_FINISHED|6756e08404209929265e72f1b62f1a03ed82be9-1838|Appointment Reminder Flow1
15:05:24.0 (131160533)|CODE_UNIT_FINISHED|Flow:01IgK0000060uOX
15:05:24.0 (134736337)|CODE_UNIT_STARTED|[EXTERNAL]|Flow:01IgK0000060uOX
15:05:24.0 (134800082)|CODE_UNIT_FINISHED|Flow:01IgK0000060uOX
15:05:24.0 (396035528)|CODE_UNIT_FINISHED|TRIGGERS
15:05:24.0 (396096715)|EXECUTION_FINISHED
