67.0 APEX_CODE,FINEST;APEX_PROFILING,INFO;CALLOUT,INFO;DATA_ACCESS,INFO;DB,INFO;NBA,INFO;SYSTEM,DEBUG;VALIDATION,INFO;VISUALFORCE,INFO;WAVE,INFO;WORKFLOW,INFO
11:03:53.1 (1374778)|USER_INFO|[EXTERNAL]|005gK00004LjKI1|dasshankarjay97363107.1be822b813f1@agentforce.com|(GMT-07:00) Pacific Daylight Time (America/Los_Angeles)|GMT-07:00
11:03:53.1 (1430833)|EXECUTION_STARTED
11:03:53.1 (1457592)|CODE_UNIT_STARTED|[EXTERNAL]|apex://AccountDataTableController/ACTION$getAccounts
11:03:53.1 (2913388)|CODE_UNIT_STARTED|[EXTERNAL]|01pgK00000H01dR|AccountDataTableController.getAccounts()
11:03:53.1 (5631949)|HEAP_ALLOCATE|[95]|Bytes:3
11:03:53.1 (5731644)|HEAP_ALLOCATE|[100]|Bytes:152
11:03:53.1 (5745619)|HEAP_ALLOCATE|[417]|Bytes:408
11:03:53.1 (5756857)|HEAP_ALLOCATE|[430]|Bytes:408
11:03:53.1 (5777280)|HEAP_ALLOCATE|[317]|Bytes:6
11:03:53.1 (5787908)|HEAP_ALLOCATE|[EXTERNAL]|Bytes:1
11:03:53.1 (5843961)|METHOD_ENTRY|[1]|01pgK00000H01dR|AccountDataTableController.AccountDataTableController()
11:03:53.1 (5898604)|STATEMENT_EXECUTE|[1]
11:03:53.1 (5924420)|STATEMENT_EXECUTE|[1]
11:03:53.1 (5944144)|HEAP_ALLOCATE|[68]|Bytes:5
11:03:53.1 (5980857)|HEAP_ALLOCATE|[74]|Bytes:5
11:03:53.1 (5987408)|HEAP_ALLOCATE|[82]|Bytes:7
11:03:53.1 (6281495)|HEAP_ALLOCATE|[EXTERNAL]|Bytes:5
11:03:53.1 (6316354)|METHOD_EXIT|[1]|AccountDataTableController
11:03:53.1 (6328045)|HEAP_ALLOCATE|[6]|Bytes:5
11:03:53.1 (6333800)|STATEMENT_EXECUTE|[4]
11:03:53.1 (6335586)|STATEMENT_EXECUTE|[6]
11:03:53.1 (6339079)|HEAP_ALLOCATE|[6]|Bytes:75
11:03:53.1 (6356026)|HEAP_ALLOCATE|[6]|Bytes:4
11:03:53.1 (11437187)|SOQL_EXECUTE_BEGIN|[6]|Aggregations:0|SELECT Id, Name, Phone, Industry FROM Account ORDER BY Name ASC NULLS FIRST
11:03:53.1 (17585457)|SOQL_EXECUTE_END|[6]|Rows:65
11:03:53.1 (17614252)|HEAP_ALLOCATE|[6]|Bytes:264
11:03:53.1 (17660615)|HEAP_ALLOCATE|[6]|Bytes:3968
11:03:53.1 (17714309)|HEAP_ALLOCATE|[6]|Bytes:264
11:03:53.17 (17820268)|CUMULATIVE_LIMIT_USAGE
11:03:53.17 (17820268)|LIMIT_USAGE_FOR_NS|(default)|
  Number of SOQL queries: 1 out of 100
  Number of query rows: 65 out of 50000
  Number of SOSL queries: 0 out of 20
  Number of DML statements: 0 out of 0
  Number of Publish Immediate DML: 0 out of 150
  Number of DML rows: 0 out of 10000
  Maximum CPU time: 0 out of 10000
  Maximum heap size: 0 out of 6000000
  Number of callouts: 0 out of 100
  Number of Email Invocations: 0 out of 10
  Number of future calls: 0 out of 50
  Number of queueable jobs added to the queue: 0 out of 50
  Number of Mobile Apex push calls: 0 out of 10

11:03:53.17 (17820268)|CUMULATIVE_LIMIT_USAGE_END

11:03:53.1 (17894570)|CODE_UNIT_FINISHED|AccountDataTableController.getAccounts()
11:03:53.1 (18276274)|CODE_UNIT_FINISHED|apex://AccountDataTableController/ACTION$getAccounts
11:03:53.1 (18286600)|EXECUTION_FINISHED
