67.0 APEX_CODE,FINEST;APEX_PROFILING,INFO;CALLOUT,INFO;DATA_ACCESS,INFO;DB,INFO;NBA,INFO;SYSTEM,DEBUG;VALIDATION,INFO;VISUALFORCE,INFO;WAVE,INFO;WORKFLOW,INFO
06:23:16.1 (1544543)|USER_INFO|[EXTERNAL]|005gK00004LjKI1|dasshankarjay97363107.1be822b813f1@agentforce.com|(GMT-07:00) Pacific Daylight Time (America/Los_Angeles)|GMT-07:00
06:23:16.1 (1594335)|EXECUTION_STARTED
06:23:16.1 (1618822)|CODE_UNIT_STARTED|[EXTERNAL]|01pgK00000FU8qj|AccountManagerTest.testGetAccount()
06:23:16.1 (1829632)|HEAP_ALLOCATE|[95]|Bytes:3
06:23:16.1 (1907076)|HEAP_ALLOCATE|[100]|Bytes:152
06:23:16.1 (1921543)|HEAP_ALLOCATE|[417]|Bytes:408
06:23:16.1 (1933412)|HEAP_ALLOCATE|[430]|Bytes:408
06:23:16.1 (1954719)|HEAP_ALLOCATE|[317]|Bytes:6
06:23:16.1 (1964205)|HEAP_ALLOCATE|[EXTERNAL]|Bytes:63
06:23:16.1 (1990263)|METHOD_ENTRY|[2]|01pgK00000FU8qj|AccountManagerTest.AccountManagerTest()
06:23:16.1 (2000312)|STATEMENT_EXECUTE|[2]
06:23:16.1 (2007983)|STATEMENT_EXECUTE|[2]
06:23:16.1 (2024296)|HEAP_ALLOCATE|[68]|Bytes:5
06:23:16.1 (2053150)|HEAP_ALLOCATE|[74]|Bytes:5
06:23:16.1 (2059505)|HEAP_ALLOCATE|[82]|Bytes:7
06:23:16.1 (3156324)|SYSTEM_MODE_ENTER|false
06:23:16.1 (3172582)|HEAP_ALLOCATE|[EXTERNAL]|Bytes:5
06:23:16.1 (3181653)|SYSTEM_MODE_EXIT|false
06:23:16.1 (3196540)|METHOD_EXIT|[2]|AccountManagerTest
06:23:16.1 (3247355)|SYSTEM_MODE_ENTER|false
06:23:16.1 (3250207)|HEAP_ALLOCATE|[7]|Bytes:5
06:23:16.1 (3252996)|STATEMENT_EXECUTE|[5]
06:23:16.1 (3254173)|STATEMENT_EXECUTE|[7]
06:23:16.1 (3302587)|HEAP_ALLOCATE|[7]|Bytes:4
06:23:16.1 (3376683)|HEAP_ALLOCATE|[8]|Bytes:12
06:23:16.1 (3578081)|VARIABLE_ASSIGNMENT|[7]|this.Name|"Test Account"|0x7f99f854
06:23:16.1 (3609233)|VARIABLE_SCOPE_BEGIN|[7]|acc|Account|true|false
06:23:16.1 (3630909)|VARIABLE_ASSIGNMENT|[7]|acc|{"Name":"Test Account"}|0x7f99f854
06:23:16.1 (3634213)|STATEMENT_EXECUTE|[10]
06:23:16.1 (3668724)|HEAP_ALLOCATE|[10]|Bytes:8
06:23:16.1 (3701254)|DML_BEGIN|[10]|Op:Insert|Type:Account|Rows:1
06:23:16.1 (3835491)|HEAP_ALLOCATE|[EXTERNAL]|Bytes:8
06:23:16.1 (285820532)|CODE_UNIT_STARTED|[EXTERNAL]|Flow:Account
06:23:16.1 (285849283)|CODE_UNIT_FINISHED|Flow:Account
06:23:16.1 (287792113)|CODE_UNIT_STARTED|[EXTERNAL]|01qgK000005lwTt|AccountAddressTrigger on Account trigger event BeforeInsert|__sfdc_trigger/AccountAddressTrigger
06:23:16.1 (287836324)|HEAP_ALLOCATE|[EXTERNAL]|Bytes:8
06:23:16.1 (287908232)|HEAP_ALLOCATE|[EXTERNAL]|Bytes:4
06:23:16.1 (287920372)|VARIABLE_SCOPE_BEGIN|[1]|this|AccountAddressTrigger|true|false
06:23:16.1 (287973474)|VARIABLE_ASSIGNMENT|[1]|this|{}|0x56eb4086
06:23:16.1 (288009269)|HEAP_ALLOCATE|[EXTERNAL]|Bytes:4
06:23:16.1 (288014097)|VARIABLE_SCOPE_BEGIN|[1]|this|AccountAddressTrigger|true|false
06:23:16.1 (288020921)|VARIABLE_ASSIGNMENT|[1]|this|{}|0x56eb4086
06:23:16.1 (288026230)|STATEMENT_EXECUTE|[1]
06:23:16.1 (288254842)|HEAP_ALLOCATE|[3]|Bytes:5
06:23:16.1 (288275542)|HEAP_ALLOCATE|[3]|Bytes:4
06:23:16.1 (288283452)|VARIABLE_SCOPE_BEGIN|[3]|acc|Account|true|false
06:23:16.1 (289670686)|VARIABLE_ASSIGNMENT|[3]|acc|{"IsDeleted":false,"OwnerId":"005gK00004LjKI1QAN","Match_Billing_Address__c":false,"BillingCountryCode":"US","isAvaible__c":false,"Name":"Test Account","ShippingCountryCode":"US"}|0xb5c7295
06:23:16.1 (289680864)|STATEMENT_EXECUTE|[3]
06:23:16.1 (289706463)|STATEMENT_EXECUTE|[4]
06:23:16.1 (289719202)|HEAP_ALLOCATE|[3]|Bytes:5
06:23:16.1 (289732762)|VARIABLE_ASSIGNMENT|[3]|acc|null|
06:23:16.289 (289750287)|CUMULATIVE_LIMIT_USAGE
06:23:16.289 (289750287)|LIMIT_USAGE_FOR_NS|(default)|
  Number of SOQL queries: 0 out of 100
  Number of query rows: 0 out of 50000
  Number of SOSL queries: 0 out of 20
  Number of DML statements: 1 out of 150
  Number of Publish Immediate DML: 0 out of 150
  Number of DML rows: 1 out of 10000
  Maximum CPU time: 0 out of 10000
  Maximum heap size: 0 out of 6000000
  Number of callouts: 0 out of 100
  Number of Email Invocations: 0 out of 10
  Number of future calls: 0 out of 50
  Number of queueable jobs added to the queue: 0 out of 50
  Number of Mobile Apex push calls: 0 out of 10

06:23:16.289 (289750287)|CUMULATIVE_LIMIT_USAGE_END

06:23:16.1 (289931069)|CODE_UNIT_FINISHED|AccountAddressTrigger on Account trigger event BeforeInsert|__sfdc_trigger/AccountAddressTrigger
06:23:16.1 (328640772)|CODE_UNIT_STARTED|[EXTERNAL]|DuplicateDetector
06:23:16.1 (328669212)|DUPLICATE_DETECTION_BEGIN
06:23:16.1 (333101170)|DUPLICATE_DETECTION_RULE_INVOCATION|DuplicateRuleId:0BmgK0000076XRt|DuplicateRuleName:Standard Account Duplicate Rule|DmlType:INSERT
06:23:16.1 (376130701)|DUPLICATE_DETECTION_MATCH_INVOCATION_DETAILS|EntityType:Account|ActionTaken:Allow_[Alert,Report]|DuplicateRecordIds:
06:23:16.1 (376152600)|DUPLICATE_DETECTION_MATCH_INVOCATION_SUMMARY|EntityType:Account|NumRecordsToBeSaved:1|NumRecordsToBeSavedWithDuplicates:0|NumDuplicateRecordsFound:0
06:23:16.1 (376322111)|DUPLICATE_DETECTION_END
06:23:16.1 (376328165)|CODE_UNIT_FINISHED|DuplicateDetector
06:23:16.1 (401212930)|CODE_UNIT_STARTED|[EXTERNAL]|01qgK000005jVG5|AccountTrigger on Account trigger event AfterInsert|__sfdc_trigger/AccountTrigger
06:23:16.1 (401258387)|HEAP_ALLOCATE|[EXTERNAL]|Bytes:8
06:23:16.1 (401461523)|HEAP_ALLOCATE|[EXTERNAL]|Bytes:8
06:23:16.1 (401475609)|VARIABLE_SCOPE_BEGIN|[1]|this|AccountTrigger|true|false
06:23:16.1 (401538888)|VARIABLE_ASSIGNMENT|[1]|this|{}|0x6fed2062
06:23:16.1 (401571806)|HEAP_ALLOCATE|[EXTERNAL]|Bytes:8
06:23:16.1 (401576801)|VARIABLE_SCOPE_BEGIN|[1]|this|AccountTrigger|true|false
06:23:16.1 (401586459)|VARIABLE_ASSIGNMENT|[1]|this|{}|0x6fed2062
06:23:16.1 (401593337)|STATEMENT_EXECUTE|[1]
06:23:16.1 (401594773)|STATEMENT_EXECUTE|[3]
06:23:16.1 (401605766)|HEAP_ALLOCATE|[3]|Bytes:4
06:23:16.1 (401717116)|HEAP_ALLOCATE|[EXTERNAL]|Bytes:4
06:23:16.1 (401725876)|VARIABLE_ASSIGNMENT|[3]|this.contactToInsert|[]|0x6fed2062
06:23:16.1 (401779004)|HEAP_ALLOCATE|[5]|Bytes:5
06:23:16.1 (401797811)|VARIABLE_SCOPE_BEGIN|[5]|acc|Account|true|false
06:23:16.1 (402727086)|VARIABLE_ASSIGNMENT|[5]|acc|{"LastModifiedDate":"2026-08-25T13:23:17.000Z","IsDeleted":false,"BillingCountryCode":"US","isAvaible__c":false,"SystemModstamp":"2026-08-25T13:23:17.000Z","Name":"Test Account","ShippingCountryCode":"US","CleanStatus":"Pending","BillingCountry":"United States","OwnerId":"005gK00004LjKI1QAN","CreatedById":"005gK00004LjKI1QAN","Match_Billing_Address__c":false,"CreatedDate":"2026-08-25T13:23:17.000Z","ShippingCountry":"United States","Id":"001gK00001OaReTQAV","LastModifiedById":"005gK00004LjKI1QAN"}|0xe9d49cf
06:23:16.1 (402736864)|STATEMENT_EXECUTE|[5]
06:23:16.1 (402738043)|STATEMENT_EXECUTE|[7]
06:23:16.1 (402754645)|HEAP_ALLOCATE|[7]|Bytes:4
06:23:16.1 (402816981)|VARIABLE_SCOPE_BEGIN|[7]|con|Contact|true|false
06:23:16.1 (402825731)|VARIABLE_ASSIGNMENT|[7]|con|{}|0x875864e
06:23:16.1 (402828399)|STATEMENT_EXECUTE|[9]
06:23:16.1 (402831468)|HEAP_ALLOCATE|[9]|Bytes:7
06:23:16.1 (402903641)|VARIABLE_ASSIGNMENT|[9]|this.FirstName|"default"|0x875864e
06:23:16.1 (402906566)|STATEMENT_EXECUTE|[10]
06:23:16.1 (402922145)|HEAP_ALLOCATE|[10]|Bytes:7
06:23:16.1 (402932387)|HEAP_ALLOCATE|[10]|Bytes:19
06:23:16.1 (402948282)|VARIABLE_ASSIGNMENT|[10]|this.LastName|"Test Accountcontact"|0x875864e
06:23:16.1 (402951037)|STATEMENT_EXECUTE|[11]
06:23:16.1 (402988649)|VARIABLE_ASSIGNMENT|[11]|this.AccountId|"001gK00001OaReTQAV"|0x875864e
06:23:16.1 (402991148)|STATEMENT_EXECUTE|[13]
06:23:16.1 (403034374)|HEAP_ALLOCATE|[EXTERNAL]|Bytes:4
06:23:16.1 (403046491)|HEAP_ALLOCATE|[5]|Bytes:5
06:23:16.1 (403055179)|VARIABLE_ASSIGNMENT|[5]|acc|null|
06:23:16.1 (403069203)|STATEMENT_EXECUTE|[16]
06:23:16.1 (403070079)|STATEMENT_EXECUTE|[17]
06:23:16.1 (403161456)|DML_BEGIN|[17]|Op:Insert|Type:Contact|Rows:1
06:23:16.1 (403200737)|HEAP_ALLOCATE|[EXTERNAL]|Bytes:8
06:23:16.1 (491223248)|CODE_UNIT_STARTED|[EXTERNAL]|Flow:Contact
06:23:16.1 (491254375)|CODE_UNIT_FINISHED|Flow:Contact
06:23:16.1 (493141137)|CODE_UNIT_STARTED|[EXTERNAL]|01qgK000005m0Sf|RestrictContactByName on Contact trigger event BeforeInsert|__sfdc_trigger/RestrictContactByName
06:23:16.1 (493209321)|HEAP_ALLOCATE|[EXTERNAL]|Bytes:8
06:23:16.1 (493388987)|HEAP_ALLOCATE|[EXTERNAL]|Bytes:4
06:23:16.1 (493408872)|VARIABLE_SCOPE_BEGIN|[1]|this|RestrictContactByName|true|false
06:23:16.1 (493457933)|VARIABLE_ASSIGNMENT|[1]|this|{}|0x68d69c21
06:23:16.1 (493494781)|HEAP_ALLOCATE|[EXTERNAL]|Bytes:4
06:23:16.1 (493501334)|VARIABLE_SCOPE_BEGIN|[1]|this|RestrictContactByName|true|false
06:23:16.1 (493512565)|VARIABLE_ASSIGNMENT|[1]|this|{}|0x68d69c21
06:23:16.1 (493519956)|STATEMENT_EXECUTE|[1]
06:23:16.1 (493724551)|HEAP_ALLOCATE|[3]|Bytes:5
06:23:16.1 (493746104)|HEAP_ALLOCATE|[3]|Bytes:4
06:23:16.1 (493757971)|VARIABLE_SCOPE_BEGIN|[3]|c|Contact|true|false
06:23:16.1 (600993197)|VARIABLE_ASSIGNMENT|[3]|c|{"IsDeleted":false,"AccountId":"001gK00001OaReTQAV","IsEmailBounced":false,"DoNotCall":false,"OtherCountryCode":"US","FirstName":"default","HasOptedOutOfEmail":false,"HasOptedOutOfFax":false,"Content_Fullname__c":"default Test Account (7 more) ...","Missing_Data__c":false,"OwnerId":"005gK00004LjKI1QAN","Full_Name__c":"default Test Account (7 more) ...","MailingCountryCode":"US","LastName":"Test Accountcontact","IsPriorityRecord":false,"Active__c":false}|0x2f298cff
06:23:16.1 (601017771)|STATEMENT_EXECUTE|[3]
06:23:16.1 (601059985)|HEAP_ALLOCATE|[4]|Bytes:11
06:23:16.1 (601116152)|STATEMENT_EXECUTE|[4]
06:23:16.1 (601152019)|HEAP_ALLOCATE|[3]|Bytes:5
06:23:16.1 (601180316)|VARIABLE_ASSIGNMENT|[3]|c|null|
06:23:16.601 (601196233)|CUMULATIVE_LIMIT_USAGE
06:23:16.601 (601196233)|LIMIT_USAGE_FOR_NS|(default)|
  Number of SOQL queries: 0 out of 100
  Number of query rows: 0 out of 50000
  Number of SOSL queries: 0 out of 20
  Number of DML statements: 2 out of 150
  Number of Publish Immediate DML: 0 out of 150
  Number of DML rows: 2 out of 10000
  Maximum CPU time: 0 out of 10000
  Maximum heap size: 0 out of 6000000
  Number of callouts: 0 out of 100
  Number of Email Invocations: 0 out of 10
  Number of future calls: 0 out of 50
  Number of queueable jobs added to the queue: 0 out of 50
  Number of Mobile Apex push calls: 0 out of 10

06:23:16.601 (601196233)|CUMULATIVE_LIMIT_USAGE_END

06:23:16.1 (601451405)|CODE_UNIT_FINISHED|RestrictContactByName on Contact trigger event BeforeInsert|__sfdc_trigger/RestrictContactByName
06:23:16.1 (648575111)|CODE_UNIT_STARTED|[EXTERNAL]|DuplicateDetector
06:23:16.1 (648595056)|DUPLICATE_DETECTION_BEGIN
06:23:16.1 (648664791)|DUPLICATE_DETECTION_RULE_INVOCATION|DuplicateRuleId:0BmgK0000076XRu|DuplicateRuleName:Standard Contact Duplicate Rule|DmlType:INSERT
06:23:16.1 (714181100)|DUPLICATE_DETECTION_MATCH_INVOCATION_DETAILS|EntityType:Contact|ActionTaken:Allow_[Alert,Report]|DuplicateRecordIds:
06:23:16.1 (714204157)|DUPLICATE_DETECTION_MATCH_INVOCATION_SUMMARY|EntityType:Contact|NumRecordsToBeSaved:1|NumRecordsToBeSavedWithDuplicates:0|NumDuplicateRecordsFound:0
06:23:16.1 (714212267)|DUPLICATE_DETECTION_MATCH_INVOCATION_DETAILS|EntityType:Contact|ActionTaken:Allow_[Alert,Report]|DuplicateRecordIds:
06:23:16.1 (714215234)|DUPLICATE_DETECTION_MATCH_INVOCATION_SUMMARY|EntityType:Contact|NumRecordsToBeSaved:1|NumRecordsToBeSavedWithDuplicates:0|NumDuplicateRecordsFound:0
06:23:16.1 (714413186)|DUPLICATE_DETECTION_END
06:23:16.1 (714419479)|CODE_UNIT_FINISHED|DuplicateDetector
06:23:16.1 (752428187)|CODE_UNIT_STARTED|[EXTERNAL]|Flow:Contact
06:23:16.1 (752486329)|CODE_UNIT_FINISHED|Flow:Contact
06:23:16.1 (752560227)|CODE_UNIT_STARTED|[EXTERNAL]|Flow:Contact
06:23:16.1 (752578105)|CODE_UNIT_FINISHED|Flow:Contact
06:23:16.1 (775747404)|DML_END|[17]
06:23:16.1 (776408056)|HEAP_ALLOCATE|[EXTERNAL]|Bytes:8
06:23:16.776 (776451725)|CUMULATIVE_LIMIT_USAGE
06:23:16.776 (776451725)|LIMIT_USAGE_FOR_NS|(default)|
  Number of SOQL queries: 0 out of 100
  Number of query rows: 0 out of 50000
  Number of SOSL queries: 0 out of 20
  Number of DML statements: 2 out of 150
  Number of Publish Immediate DML: 0 out of 150
  Number of DML rows: 2 out of 10000
  Maximum CPU time: 0 out of 10000
  Maximum heap size: 0 out of 6000000
  Number of callouts: 0 out of 100
  Number of Email Invocations: 0 out of 10
  Number of future calls: 0 out of 50
  Number of queueable jobs added to the queue: 0 out of 50
  Number of Mobile Apex push calls: 0 out of 10

06:23:16.776 (776451725)|CUMULATIVE_LIMIT_USAGE_END

06:23:16.1 (776680938)|CODE_UNIT_FINISHED|AccountTrigger on Account trigger event AfterInsert|__sfdc_trigger/AccountTrigger
06:23:16.1 (781792161)|CODE_UNIT_STARTED|[EXTERNAL]|Flow:Account
06:23:16.921 (921531065)|FLOW_CREATE_INTERVIEW_BEGIN|00DgK00000Q0VhZ|300gK000012w6BT|301gK00001CCf81
06:23:16.921 (921745909)|FLOW_CREATE_INTERVIEW_END|7479642a028e096b770b76629c981a037856e16-134d|Account Email Notification Flow
06:23:16.923 (923257929)|FLOW_START_INTERVIEWS_BEGIN|1
06:23:16.923 (923362513)|FLOW_START_INTERVIEW_BEGIN|7479642a028e096b770b76629c981a037856e16-134d|Account Email Notification Flow
06:23:16.923 (923763066)|FLOW_START_INTERVIEW_END|7479642a028e096b770b76629c981a037856e16-134d|Account Email Notification Flow
06:23:16.923 (967328017)|WF_EMAIL_SENT|Reference:emailSimple|Recipients:dasshankarjay97363107@gmail.com |CcEmails:
06:23:16.923 (968877976)|FLOW_START_INTERVIEWS_END|1
06:23:16.923 (972661585)|FLOW_INTERVIEW_FINISHED|7479642a028e096b770b76629c981a037856e16-134d|Account Email Notification Flow
06:23:17.49 (1049429729)|FLOW_CREATE_INTERVIEW_BEGIN|00DgK00000Q0VhZ|300gK000012wYnd|301gK00001CCLSg
06:23:17.49 (1049520072)|FLOW_CREATE_INTERVIEW_END|7480642a028e096b770b76629c981a037856e16-134e|Account Email Notification
06:23:17.50 (1050478320)|FLOW_START_INTERVIEWS_BEGIN|1
06:23:17.50 (1050526037)|FLOW_START_INTERVIEW_BEGIN|7480642a028e096b770b76629c981a037856e16-134e|Account Email Notification
06:23:17.50 (1050718217)|FLOW_START_INTERVIEW_END|7480642a028e096b770b76629c981a037856e16-134e|Account Email Notification
06:23:17.50 (1074801070)|WF_EMAIL_SENT|Reference:emailSimple|Recipients:dasshankarjay97363107@gmail.com |CcEmails:
06:23:17.50 (1075914014)|FLOW_START_INTERVIEWS_END|1
06:23:17.50 (1077135769)|FLOW_INTERVIEW_FINISHED|7480642a028e096b770b76629c981a037856e16-134e|Account Email Notification
06:23:17.176 (1176446901)|FLOW_CREATE_INTERVIEW_BEGIN|00DgK00000Q0VhZ|300gK000012wblX|301gK00001CCnNJ
06:23:17.176 (1176585562)|FLOW_CREATE_INTERVIEW_END|7481642a028e096b770b76629c981a037856e16-134f|Account Contact Opportunity Flow
06:23:17.177 (1177637251)|FLOW_START_INTERVIEWS_BEGIN|1
06:23:17.177 (1177707011)|FLOW_START_INTERVIEW_BEGIN|7481642a028e096b770b76629c981a037856e16-134f|Account Contact Opportunity Flow
06:23:17.177 (1177913847)|FLOW_START_INTERVIEW_END|7481642a028e096b770b76629c981a037856e16-134f|Account Contact Opportunity Flow
06:23:17.182 (1182475545)|CODE_UNIT_STARTED|[EXTERNAL]|Flow:Contact
06:23:17.182 (1182500733)|CODE_UNIT_FINISHED|Flow:Contact
06:23:17.183 (1183280475)|CODE_UNIT_STARTED|[EXTERNAL]|01qgK000005m0Sf|RestrictContactByName on Contact trigger event BeforeInsert|__sfdc_trigger/RestrictContactByName
06:23:17.183 (1183372646)|HEAP_ALLOCATE|[EXTERNAL]|Bytes:8
06:23:17.183 (1183455908)|HEAP_ALLOCATE|[EXTERNAL]|Bytes:4
06:23:17.183 (1183471953)|VARIABLE_SCOPE_BEGIN|[1]|this|RestrictContactByName|true|false
06:23:17.183 (1183566887)|VARIABLE_ASSIGNMENT|[1]|this|{}|0x2993f145
06:23:17.183 (1183609661)|HEAP_ALLOCATE|[EXTERNAL]|Bytes:4
06:23:17.183 (1183617506)|VARIABLE_SCOPE_BEGIN|[1]|this|RestrictContactByName|true|false
06:23:17.183 (1183629601)|VARIABLE_ASSIGNMENT|[1]|this|{}|0x2993f145
06:23:17.183 (1183638656)|STATEMENT_EXECUTE|[1]
06:23:17.183 (1183744589)|HEAP_ALLOCATE|[3]|Bytes:5
06:23:17.183 (1183768468)|HEAP_ALLOCATE|[3]|Bytes:4
06:23:17.183 (1183783776)|VARIABLE_SCOPE_BEGIN|[3]|c|Contact|true|false
06:23:17.183 (1185815378)|VARIABLE_ASSIGNMENT|[3]|c|{"IsDeleted":false,"IsEmailBounced":false,"DoNotCall":false,"OtherCountryCode":"US","HasOptedOutOfEmail":false,"HasOptedOutOfFax":false,"Content_Fullname__c":" Test Account","Missing_Data__c":false,"OwnerId":"005gK00004LjKI1QAN","Full_Name__c":" Test Account","MailingCountryCode":"US","LastName":"Test Account","IsPriorityRecord":false,"Active__c":false}|0x2e64168d
06:23:17.183 (1185840091)|STATEMENT_EXECUTE|[3]
06:23:17.183 (1185891868)|STATEMENT_EXECUTE|[4]
06:23:17.183 (1185923923)|HEAP_ALLOCATE|[3]|Bytes:5
06:23:17.183 (1185952219)|VARIABLE_ASSIGNMENT|[3]|c|null|
06:23:17.185 (1185968733)|CUMULATIVE_LIMIT_USAGE
06:23:17.185 (1185968733)|LIMIT_USAGE_FOR_NS|(default)|
  Number of SOQL queries: 0 out of 100
  Number of query rows: 0 out of 50000
  Number of SOSL queries: 0 out of 20
  Number of DML statements: 3 out of 150
  Number of Publish Immediate DML: 0 out of 150
  Number of DML rows: 3 out of 10000
  Maximum CPU time: 108 out of 10000
  Maximum heap size: 0 out of 6000000
  Number of callouts: 0 out of 100
  Number of Email Invocations: 0 out of 10
  Number of future calls: 0 out of 50
  Number of queueable jobs added to the queue: 0 out of 50
  Number of Mobile Apex push calls: 0 out of 10

06:23:17.185 (1185968733)|CUMULATIVE_LIMIT_USAGE_END

06:23:17.183 (1186186879)|CODE_UNIT_FINISHED|RestrictContactByName on Contact trigger event BeforeInsert|__sfdc_trigger/RestrictContactByName
06:23:17.187 (1187162060)|CODE_UNIT_STARTED|[EXTERNAL]|DuplicateDetector
06:23:17.187 (1187183457)|DUPLICATE_DETECTION_BEGIN
06:23:17.187 (1187241770)|DUPLICATE_DETECTION_RULE_INVOCATION|DuplicateRuleId:0BmgK0000076XRu|DuplicateRuleName:Standard Contact Duplicate Rule|DmlType:INSERT
06:23:17.187 (1222344013)|DUPLICATE_DETECTION_MATCH_INVOCATION_DETAILS|EntityType:Contact|ActionTaken:Allow_[Alert,Report]|DuplicateRecordIds:
06:23:17.187 (1222370596)|DUPLICATE_DETECTION_MATCH_INVOCATION_SUMMARY|EntityType:Contact|NumRecordsToBeSaved:1|NumRecordsToBeSavedWithDuplicates:0|NumDuplicateRecordsFound:0
06:23:17.187 (1222378897)|DUPLICATE_DETECTION_MATCH_INVOCATION_DETAILS|EntityType:Contact|ActionTaken:Allow_[Alert,Report]|DuplicateRecordIds:
06:23:17.187 (1222381859)|DUPLICATE_DETECTION_MATCH_INVOCATION_SUMMARY|EntityType:Contact|NumRecordsToBeSaved:1|NumRecordsToBeSavedWithDuplicates:0|NumDuplicateRecordsFound:0
06:23:17.187 (1222579016)|DUPLICATE_DETECTION_END
06:23:17.187 (1222585846)|CODE_UNIT_FINISHED|DuplicateDetector
06:23:17.245 (1245315421)|CODE_UNIT_STARTED|[EXTERNAL]|Flow:Contact
06:23:17.245 (1245350119)|CODE_UNIT_FINISHED|Flow:Contact
06:23:17.245 (1245419730)|CODE_UNIT_STARTED|[EXTERNAL]|Flow:Contact
06:23:17.245 (1245432784)|CODE_UNIT_FINISHED|Flow:Contact
06:23:17.438 (1438310199)|CODE_UNIT_STARTED|[EXTERNAL]|Flow:Opportunity
06:23:17.438 (1438337927)|CODE_UNIT_FINISHED|Flow:Opportunity
06:23:17.451 (1451134220)|CODE_UNIT_STARTED|[EXTERNAL]|Validation:Opportunity:new
06:23:17.451 (1451166125)|VALIDATION_RULE|03dgK000000wiqH|Opportunity_Name_Lock
06:23:17.451 (1451430953)|VALIDATION_FORMULA|AND(
OR(
ISPICKVAL(StageName,"Closed Won"),
ISPICKVAL(StageName,"Closed Lost")
),
ISCHANGED(Name)
)|StageName=Prospecting , Name=Test Account
06:23:17.451 (1451440337)|VALIDATION_PASS
06:23:17.451 (1451448960)|CODE_UNIT_FINISHED|Validation:Opportunity:new
06:23:17.499 (1499033289)|CODE_UNIT_STARTED|[EXTERNAL]|01qgK000005lwor|ClosedOpportunityTrigger on Opportunity trigger event AfterInsert|__sfdc_trigger/ClosedOpportunityTrigger
06:23:17.499 (1499101401)|HEAP_ALLOCATE|[EXTERNAL]|Bytes:8
06:23:17.499 (1499220838)|HEAP_ALLOCATE|[EXTERNAL]|Bytes:8
06:23:17.499 (1499230665)|VARIABLE_SCOPE_BEGIN|[1]|this|ClosedOpportunityTrigger|true|false
06:23:17.499 (1499307891)|VARIABLE_ASSIGNMENT|[1]|this|{}|0x22b2bd83
06:23:17.499 (1499334519)|HEAP_ALLOCATE|[EXTERNAL]|Bytes:8
06:23:17.499 (1499339460)|VARIABLE_SCOPE_BEGIN|[1]|this|ClosedOpportunityTrigger|true|false
06:23:17.499 (1499347553)|VARIABLE_ASSIGNMENT|[1]|this|{}|0x22b2bd83
06:23:17.499 (1499354161)|STATEMENT_EXECUTE|[1]
06:23:17.499 (1499355558)|STATEMENT_EXECUTE|[3]
06:23:17.499 (1499432783)|HEAP_ALLOCATE|[3]|Bytes:4
06:23:17.499 (1499532653)|HEAP_ALLOCATE|[EXTERNAL]|Bytes:4
06:23:17.499 (1499542685)|VARIABLE_ASSIGNMENT|[3]|this.tasksToCreate|[]|0x22b2bd83
06:23:17.499 (1499696654)|HEAP_ALLOCATE|[5]|Bytes:5
06:23:17.499 (1499729813)|VARIABLE_SCOPE_BEGIN|[5]|opp|Opportunity|true|false
06:23:17.499 (1501384386)|VARIABLE_ASSIGNMENT|[5]|opp|{"Text__c":"Normal Priority","LastModifiedDate":"2026-08-25T13:23:18.000Z","IsDeleted":false,"AccountId":"001gK00001OaReTQAV","HasOpportunityLineItem":false,"StageName":"Prospecting","Probability":10,"ForecastCategory":"Pipeline","IsClosed":false,"CloseDate":"2026-02-07T00:00:00.000Z","Name":"Test Account","SystemModstamp":"2026-08-25T13:23:18.000Z","HasOpenActivity":false,"Priority__c":"Test Account","CreatedById":"005gK00004LjKI1QAN","OwnerId":"005gK00004LjKI1QAN","IsWon":false,"CreatedDate":"2026-08-25T13:23:18.000Z","HasOverdueTask":false,"Id":"006gK00000NIPp7QAH","ForecastCategoryName":"Pipeline","IsPrivate":false,"LastModifiedById":"005gK00004LjKI1QAN"}|0x5d94213b
06:23:17.499 (1501404208)|STATEMENT_EXECUTE|[5]
06:23:17.499 (1501438969)|HEAP_ALLOCATE|[6]|Bytes:10
06:23:17.499 (1501471815)|STATEMENT_EXECUTE|[6]
06:23:17.499 (1501496077)|HEAP_ALLOCATE|[5]|Bytes:5
06:23:17.499 (1501516564)|VARIABLE_ASSIGNMENT|[5]|opp|null|
06:23:17.499 (1501560861)|STATEMENT_EXECUTE|[14]
06:23:17.501 (1501569739)|CUMULATIVE_LIMIT_USAGE
06:23:17.501 (1501569739)|LIMIT_USAGE_FOR_NS|(default)|
  Number of SOQL queries: 0 out of 100
  Number of query rows: 0 out of 50000
  Number of SOSL queries: 0 out of 20
  Number of DML statements: 4 out of 150
  Number of Publish Immediate DML: 0 out of 150
  Number of DML rows: 4 out of 10000
  Maximum CPU time: 129 out of 10000
  Maximum heap size: 0 out of 6000000
  Number of callouts: 0 out of 100
  Number of Email Invocations: 0 out of 10
  Number of future calls: 0 out of 50
  Number of queueable jobs added to the queue: 0 out of 50
  Number of Mobile Apex push calls: 0 out of 10

06:23:17.501 (1501569739)|CUMULATIVE_LIMIT_USAGE_END

06:23:17.499 (1501767766)|CODE_UNIT_FINISHED|ClosedOpportunityTrigger on Opportunity trigger event AfterInsert|__sfdc_trigger/ClosedOpportunityTrigger
06:23:17.506 (1506506600)|CODE_UNIT_STARTED|[EXTERNAL]|Flow:Opportunity
06:23:17.506 (1506756138)|CODE_UNIT_FINISHED|Flow:Opportunity
06:23:17.506 (1506859413)|CODE_UNIT_STARTED|[EXTERNAL]|Flow:Opportunity
06:23:17.506 (1509311491)|CODE_UNIT_FINISHED|Flow:Opportunity
06:23:17.177 (1515604233)|FLOW_START_INTERVIEWS_END|1
06:23:17.177 (1516722695)|FLOW_INTERVIEW_FINISHED|7481642a028e096b770b76629c981a037856e16-134f|Account Contact Opportunity Flow
06:23:17.518 (1518191041)|CODE_UNIT_FINISHED|Flow:Account
06:23:17.518 (1519205964)|CODE_UNIT_STARTED|[EXTERNAL]|Flow:Account
06:23:17.518 (1519231668)|CODE_UNIT_FINISHED|Flow:Account
06:23:17.518 (1523509911)|DML_END|[10]
06:23:17.518 (1524023124)|STATEMENT_EXECUTE|[12]
06:23:17.518 (1524062095)|HEAP_ALLOCATE|[12]|Bytes:4
06:23:17.518 (1524092104)|HEAP_ALLOCATE|[13]|Bytes:4
06:23:17.518 (1524172806)|VARIABLE_ASSIGNMENT|[12]|this.FirstName|"John"|0xd7a57a2
06:23:17.518 (1524181816)|HEAP_ALLOCATE|[14]|Bytes:3
06:23:17.518 (1524201664)|VARIABLE_ASSIGNMENT|[12]|this.LastName|"Doe"|0xd7a57a2
06:23:17.518 (1524257862)|VARIABLE_ASSIGNMENT|[12]|this.AccountId|"001gK00001OaReTQAV"|0xd7a57a2
06:23:17.518 (1524289330)|VARIABLE_SCOPE_BEGIN|[12]|con1|Contact|true|false
06:23:17.518 (1524316774)|VARIABLE_ASSIGNMENT|[12]|con1|{"FirstName":"John","LastName":"Doe","AccountId":"001gK00001OaReTQAV"}|0xd7a57a2
06:23:17.518 (1524322594)|STATEMENT_EXECUTE|[18]
06:23:17.518 (1524331813)|HEAP_ALLOCATE|[18]|Bytes:4
06:23:17.518 (1524339486)|HEAP_ALLOCATE|[19]|Bytes:4
06:23:17.518 (1524358210)|VARIABLE_ASSIGNMENT|[18]|this.FirstName|"Jane"|0x3a3ee3ce
06:23:17.518 (1524375929)|VARIABLE_ASSIGNMENT|[18]|this.LastName|"Doe"|0x3a3ee3ce
06:23:17.518 (1524398627)|VARIABLE_ASSIGNMENT|[18]|this.AccountId|"001gK00001OaReTQAV"|0x3a3ee3ce
06:23:17.518 (1524411044)|VARIABLE_SCOPE_BEGIN|[18]|con2|Contact|true|false
06:23:17.518 (1524423752)|VARIABLE_ASSIGNMENT|[18]|con2|{"FirstName":"Jane","LastName":"Doe","AccountId":"001gK00001OaReTQAV"}|0x3a3ee3ce
06:23:17.518 (1524428487)|STATEMENT_EXECUTE|[24]
06:23:17.518 (1524440660)|HEAP_ALLOCATE|[24]|Bytes:4
06:23:17.518 (1524516715)|HEAP_ALLOCATE|[EXTERNAL]|Bytes:12
06:23:17.518 (1524598947)|DML_BEGIN|[24]|Op:Insert|Type:Contact|Rows:2
06:23:17.518 (1524644192)|HEAP_ALLOCATE|[EXTERNAL]|Bytes:12
06:23:17.518 (1528561582)|CODE_UNIT_STARTED|[EXTERNAL]|Flow:Contact
06:23:17.518 (1528581155)|CODE_UNIT_FINISHED|Flow:Contact
06:23:17.518 (1529817729)|CODE_UNIT_STARTED|[EXTERNAL]|01qgK000005m0Sf|RestrictContactByName on Contact trigger event BeforeInsert|__sfdc_trigger/RestrictContactByName
06:23:17.518 (1529860008)|HEAP_ALLOCATE|[EXTERNAL]|Bytes:12
06:23:17.518 (1529925904)|HEAP_ALLOCATE|[EXTERNAL]|Bytes:4
06:23:17.518 (1529936779)|VARIABLE_SCOPE_BEGIN|[1]|this|RestrictContactByName|true|false
06:23:17.518 (1529980848)|VARIABLE_ASSIGNMENT|[1]|this|{}|0x69fb4c62
06:23:17.518 (1530010710)|HEAP_ALLOCATE|[EXTERNAL]|Bytes:4
06:23:17.518 (1530017019)|VARIABLE_SCOPE_BEGIN|[1]|this|RestrictContactByName|true|false
06:23:17.518 (1530029344)|VARIABLE_ASSIGNMENT|[1]|this|{}|0x69fb4c62
06:23:17.518 (1530036422)|STATEMENT_EXECUTE|[1]
06:23:17.518 (1530104753)|HEAP_ALLOCATE|[3]|Bytes:5
06:23:17.518 (1530125279)|HEAP_ALLOCATE|[3]|Bytes:4
06:23:17.518 (1530136011)|VARIABLE_SCOPE_BEGIN|[3]|c|Contact|true|false
06:23:17.518 (1531024122)|VARIABLE_ASSIGNMENT|[3]|c|{"IsDeleted":false,"AccountId":"001gK00001OaReTQAV","IsEmailBounced":false,"DoNotCall":false,"OtherCountryCode":"US","FirstName":"John","HasOptedOutOfEmail":false,"HasOptedOutOfFax":false,"Content_Fullname__c":"John Doe","Missing_Data__c":false,"OwnerId":"005gK00004LjKI1QAN","Full_Name__c":"John Doe","MailingCountryCode":"US","LastName":"Doe","IsPriorityRecord":false,"Active__c":false}|0x1be83345
06:23:17.518 (1531034349)|STATEMENT_EXECUTE|[3]
06:23:17.518 (1531061312)|STATEMENT_EXECUTE|[4]
06:23:17.518 (1531076523)|HEAP_ALLOCATE|[3]|Bytes:5
06:23:17.518 (1531088979)|HEAP_ALLOCATE|[3]|Bytes:4
06:23:17.518 (1531095457)|VARIABLE_SCOPE_BEGIN|[3]|c|Contact|true|false
06:23:17.518 (1531690462)|VARIABLE_ASSIGNMENT|[3]|c|{"IsDeleted":false,"AccountId":"001gK00001OaReTQAV","IsEmailBounced":false,"DoNotCall":false,"OtherCountryCode":"US","FirstName":"Jane","HasOptedOutOfEmail":false,"HasOptedOutOfFax":false,"Content_Fullname__c":"Jane Doe","Missing_Data__c":false,"OwnerId":"005gK00004LjKI1QAN","Full_Name__c":"Jane Doe","MailingCountryCode":"US","LastName":"Doe","IsPriorityRecord":false,"Active__c":false}|0x673268f0
06:23:17.518 (1531697261)|STATEMENT_EXECUTE|[3]
06:23:17.518 (1531709590)|STATEMENT_EXECUTE|[4]
06:23:17.518 (1531718614)|HEAP_ALLOCATE|[3]|Bytes:5
06:23:17.518 (1531729063)|VARIABLE_ASSIGNMENT|[3]|c|null|
06:23:17.531 (1531736919)|CUMULATIVE_LIMIT_USAGE
06:23:17.531 (1531736919)|LIMIT_USAGE_FOR_NS|(default)|
  Number of SOQL queries: 0 out of 100
  Number of query rows: 0 out of 50000
  Number of SOSL queries: 0 out of 20
  Number of DML statements: 5 out of 150
  Number of Publish Immediate DML: 0 out of 150
  Number of DML rows: 6 out of 10000
  Maximum CPU time: 140 out of 10000
  Maximum heap size: 0 out of 6000000
  Number of callouts: 0 out of 100
  Number of Email Invocations: 0 out of 10
  Number of future calls: 0 out of 50
  Number of queueable jobs added to the queue: 0 out of 50
  Number of Mobile Apex push calls: 0 out of 10

06:23:17.531 (1531736919)|CUMULATIVE_LIMIT_USAGE_END

06:23:17.518 (1531886271)|CODE_UNIT_FINISHED|RestrictContactByName on Contact trigger event BeforeInsert|__sfdc_trigger/RestrictContactByName
06:23:17.518 (1535545548)|CODE_UNIT_STARTED|[EXTERNAL]|DuplicateDetector
06:23:17.518 (1535565874)|DUPLICATE_DETECTION_BEGIN
06:23:17.518 (1535630508)|DUPLICATE_DETECTION_RULE_INVOCATION|DuplicateRuleId:0BmgK0000076XRu|DuplicateRuleName:Standard Contact Duplicate Rule|DmlType:INSERT
06:23:17.518 (1592539617)|DUPLICATE_DETECTION_MATCH_INVOCATION_DETAILS|EntityType:Contact|ActionTaken:Allow_[Alert,Report]|DuplicateRecordIds:
06:23:17.518 (1592551760)|DUPLICATE_DETECTION_MATCH_INVOCATION_DETAILS|EntityType:Contact|ActionTaken:Allow_[Alert,Report]|DuplicateRecordIds:
06:23:17.518 (1592565722)|DUPLICATE_DETECTION_MATCH_INVOCATION_SUMMARY|EntityType:Contact|NumRecordsToBeSaved:2|NumRecordsToBeSavedWithDuplicates:0|NumDuplicateRecordsFound:0
06:23:17.518 (1592573250)|DUPLICATE_DETECTION_MATCH_INVOCATION_DETAILS|EntityType:Contact|ActionTaken:Allow_[Alert,Report]|DuplicateRecordIds:
06:23:17.518 (1592575965)|DUPLICATE_DETECTION_MATCH_INVOCATION_DETAILS|EntityType:Contact|ActionTaken:Allow_[Alert,Report]|DuplicateRecordIds:
06:23:17.518 (1592579475)|DUPLICATE_DETECTION_MATCH_INVOCATION_SUMMARY|EntityType:Contact|NumRecordsToBeSaved:2|NumRecordsToBeSavedWithDuplicates:0|NumDuplicateRecordsFound:0
06:23:17.518 (1592793216)|DUPLICATE_DETECTION_END
06:23:17.518 (1592800558)|CODE_UNIT_FINISHED|DuplicateDetector
06:23:17.518 (1621702889)|CODE_UNIT_STARTED|[EXTERNAL]|Flow:Contact
06:23:17.518 (1621724085)|CODE_UNIT_FINISHED|Flow:Contact
06:23:17.518 (1621771278)|CODE_UNIT_STARTED|[EXTERNAL]|Flow:Contact
06:23:17.518 (1621779617)|CODE_UNIT_FINISHED|Flow:Contact
06:23:17.518 (1623626935)|DML_END|[24]
06:23:17.518 (1624253384)|HEAP_ALLOCATE|[EXTERNAL]|Bytes:12
06:23:17.518 (1624274725)|STATEMENT_EXECUTE|[26]
06:23:17.518 (1624326984)|HEAP_ALLOCATE|[26]|Bytes:252
06:23:17.518 (1624333729)|HEAP_ALLOCATE|[26]|Bytes:25
06:23:17.518 (1624350125)|SYSTEM_METHOD_ENTRY|[1]|RestRequest.RestRequest()
06:23:17.518 (1624353072)|STATEMENT_EXECUTE|[1]
06:23:17.518 (1624365418)|SYSTEM_METHOD_EXIT|[1]|RestRequest
06:23:17.518 (1624373456)|HEAP_ALLOCATE|[26]|Bytes:32
06:23:17.518 (1624532925)|VARIABLE_SCOPE_BEGIN|[26]|request|System.RestRequest|true|false
06:23:17.518 (1624599341)|VARIABLE_ASSIGNMENT|[26]|request|{"headers":"0x5132e880","params":"0x51ac5a6c"}|0x3e20a795
06:23:17.518 (1624603049)|STATEMENT_EXECUTE|[27]
06:23:17.518 (1624605160)|HEAP_ALLOCATE|[27]|Bytes:28
06:23:17.518 (1624664673)|HEAP_ALLOCATE|[27]|Bytes:18
06:23:17.518 (1624671242)|HEAP_ALLOCATE|[27]|Bytes:9
06:23:17.518 (1624678452)|HEAP_ALLOCATE|[27]|Bytes:55
06:23:17.518 (1624691250)|STATEMENT_EXECUTE|[28]
06:23:17.518 (1624692473)|HEAP_ALLOCATE|[28]|Bytes:3
06:23:17.518 (1624706148)|STATEMENT_EXECUTE|[30]
06:23:17.518 (1624732393)|VARIABLE_SCOPE_BEGIN|[3]|System.RestContext.request|System.RestRequest|true|true
06:23:17.518 (1624736638)|VARIABLE_SCOPE_BEGIN|[4]|System.RestContext.response|System.RestResponse|true|true
06:23:17.518 (1624742557)|HEAP_ALLOCATE|[30]|Bytes:112
06:23:17.518 (1624745047)|HEAP_ALLOCATE|[30]|Bytes:5
06:23:17.518 (1624759822)|SYSTEM_METHOD_ENTRY|[1]|RestContext.RestContext()
06:23:17.518 (1624761544)|STATEMENT_EXECUTE|[1]
06:23:17.518 (1624764759)|SYSTEM_METHOD_EXIT|[1]|RestContext
06:23:17.518 (1624795550)|STATEMENT_EXECUTE|[32]
06:23:17.518 (1624806671)|HEAP_ALLOCATE|[32]|Bytes:118
06:23:17.518 (1624809699)|SYSTEM_METHOD_ENTRY|[1]|Test.Test()
06:23:17.518 (1624811030)|STATEMENT_EXECUTE|[1]
06:23:17.518 (1624812801)|SYSTEM_METHOD_EXIT|[1]|Test
06:23:17.518 (1624818221)|METHOD_ENTRY|[32]||System.Test.startTest()
06:23:17.518 (1626471159)|METHOD_EXIT|[32]||System.Test.startTest()
06:23:17.518 (1626476197)|STATEMENT_EXECUTE|[34]
06:23:17.518 (1629279512)|HEAP_ALLOCATE|[34]|Bytes:1
06:23:17.518 (1629306180)|METHOD_ENTRY|[2]|01pgK00000FU8nV|AccountManager.AccountManager()
06:23:17.518 (1629310736)|STATEMENT_EXECUTE|[2]
06:23:17.518 (1629315207)|STATEMENT_EXECUTE|[2]
06:23:17.518 (1629324008)|HEAP_ALLOCATE|[34]|Bytes:5
06:23:17.518 (1629332586)|METHOD_EXIT|[2]|AccountManager
06:23:17.518 (1629353492)|METHOD_ENTRY|[34]|01pgK00000FU8nV|AccountManager.getAccount()
06:23:17.518 (1629382151)|HEAP_ALLOCATE|[6]|Bytes:5
06:23:17.518 (1629385348)|STATEMENT_EXECUTE|[5]
06:23:17.518 (1629386042)|STATEMENT_EXECUTE|[6]
06:23:17.518 (1629413263)|VARIABLE_SCOPE_BEGIN|[6]|request|System.RestRequest|true|false
06:23:17.518 (1629467710)|VARIABLE_ASSIGNMENT|[6]|request|{"headers":"0x5132e880","httpMethod":"GET","params":"0x51ac5a6c","requestURI":"/services/apexrest/A (35 more) ..."}|0x3e20a795
06:23:17.518 (1629471454)|STATEMENT_EXECUTE|[8]
06:23:17.518 (1629489429)|HEAP_ALLOCATE|[8]|Bytes:10
06:23:17.518 (1629530146)|HEAP_ALLOCATE|[8]|Bytes:18
06:23:17.518 (1629537612)|VARIABLE_SCOPE_BEGIN|[8]|accountId|String|false|false
06:23:17.518 (1629543918)|VARIABLE_ASSIGNMENT|[8]|accountId|"001gK00001OaReTQAV"
06:23:17.518 (1629546645)|STATEMENT_EXECUTE|[10]
06:23:17.518 (1629548083)|HEAP_ALLOCATE|[10]|Bytes:89
06:23:17.518 (1629562195)|HEAP_ALLOCATE|[10]|Bytes:4
06:23:17.518 (1629568959)|HEAP_ALLOCATE|[10]|Bytes:7
06:23:17.518 (1630206327)|SOQL_EXECUTE_BEGIN|[10]|Aggregations:1|SELECT Id, Name, (SELECT Id, Name FROM Contacts) FROM Account WHERE Id = :tmpVar1 LIMIT 1
06:23:17.518 (1653945789)|SOQL_EXECUTE_END|[10]|Rows:1
06:23:17.518 (1653984007)|HEAP_ALLOCATE|[10]|Bytes:8
06:23:17.518 (1654002424)|HEAP_ALLOCATE|[10]|Bytes:308
06:23:17.518 (1654060988)|HEAP_ALLOCATE|[10]|Bytes:8
06:23:17.518 (1654078100)|HEAP_ALLOCATE|[10]|Bytes:33
06:23:17.518 (1654109459)|HEAP_ALLOCATE|[10]|Bytes:16
06:23:17.518 (1654118787)|VARIABLE_SCOPE_BEGIN|[10]|account|Account|true|false
06:23:17.518 (1654461375)|VARIABLE_ASSIGNMENT|[10]|account|{"Contacts":[{"AccountId":"001gK00001OaReTQAV","Id":"003gK000011KADRQA4","Name":"default Test Account (7 more) ..."},{"AccountId":"001gK00001OaReTQAV","Id":"003gK000011KADTQA4","Name":"John Doe"},{"AccountId":"001gK00001OaReTQAV","Id":"003gK000011KADUQA4","Name":"Jane Doe"}],"Id":"001gK00001OaReTQAV","Name":"Test Account"}|0x47e6d914
06:23:17.518 (1654469160)|STATEMENT_EXECUTE|[18]
06:23:17.518 (1654484985)|METHOD_EXIT|[34]|01pgK00000FU8nV|AccountManager.getAccount()
06:23:17.518 (1654489329)|VARIABLE_SCOPE_BEGIN|[34]|result|Account|true|false
06:23:17.518 (1654530988)|VARIABLE_ASSIGNMENT|[34]|result|{"Contacts":[{"AccountId":"001gK00001OaReTQAV","Id":"003gK000011KADRQA4","Name":"default Test Account (7 more) ..."},{"AccountId":"001gK00001OaReTQAV","Id":"003gK000011KADTQA4","Name":"John Doe"},{"AccountId":"001gK00001OaReTQAV","Id":"003gK000011KADUQA4","Name":"Jane Doe"}],"Id":"001gK00001OaReTQAV","Name":"Test Account"}|0x47e6d914
06:23:17.518 (1654534883)|STATEMENT_EXECUTE|[36]
06:23:17.518 (1654549030)|METHOD_ENTRY|[36]||System.Test.stopTest()
06:23:17.518 (1654738933)|METHOD_EXIT|[36]||System.Test.stopTest()
06:23:17.518 (1654741813)|STATEMENT_EXECUTE|[38]
06:23:17.518 (1654835158)|STATEMENT_EXECUTE|[39]
06:23:17.518 (1654847339)|STATEMENT_EXECUTE|[40]
06:23:17.518 (1654853975)|HEAP_ALLOCATE|[40]|Bytes:8
06:23:17.518 (1654857117)|HEAP_ALLOCATE|[40]|Bytes:7
06:23:17.518 (1654905947)|HEAP_ALLOCATE|[EXTERNAL]|Bytes:16
06:23:17.518 (1654929570)|HEAP_ALLOCATE|[40]|Bytes:16
06:23:17.518 (1655021514)|EXCEPTION_THROWN|[40]|System.AssertException: Assertion Failed: Expected: 2, Actual: 3
06:23:17.518 (1655112600)|HEAP_ALLOCATE|[40]|Bytes:44
06:23:17.518 (1655122654)|SYSTEM_MODE_EXIT|false
06:23:17.518 (1655170660)|FATAL_ERROR|System.AssertException: Assertion Failed: Expected: 2, Actual: 3

Class.AccountManagerTest.testGetAccount: line 40, column 1
06:23:17.518 (1655178723)|FATAL_ERROR|System.AssertException: Assertion Failed: Expected: 2, Actual: 3

Class.AccountManagerTest.testGetAccount: line 40, column 1
06:23:17.655 (1655185988)|CUMULATIVE_LIMIT_USAGE
06:23:17.655 (1655185988)|LIMIT_USAGE_FOR_NS|(default)|
  Number of SOQL queries: 0 out of 100
  Number of query rows: 0 out of 50000
  Number of SOSL queries: 0 out of 20
  Number of DML statements: 5 out of 150
  Number of Publish Immediate DML: 0 out of 150
  Number of DML rows: 6 out of 10000
  Maximum CPU time: 140 out of 10000
  Maximum heap size: 0 out of 6000000
  Number of callouts: 0 out of 100
  Number of Email Invocations: 0 out of 10
  Number of future calls: 0 out of 50
  Number of queueable jobs added to the queue: 0 out of 50
  Number of Mobile Apex push calls: 0 out of 10

06:23:17.655 (1655185988)|TESTING_LIMITS
06:23:17.655 (1655185988)|LIMIT_USAGE_FOR_NS|(default)|
  Number of SOQL queries: 1 out of 100
  Number of query rows: 4 out of 50000
  Number of SOSL queries: 0 out of 20
  Number of DML statements: 0 out of 150
  Number of Publish Immediate DML: 0 out of 150
  Number of DML rows: 0 out of 10000
  Maximum CPU time: 0 out of 10000
  Maximum heap size: 0 out of 6000000
  Number of callouts: 0 out of 100
  Number of Email Invocations: 0 out of 10
  Number of future calls: 0 out of 50
  Number of queueable jobs added to the queue: 0 out of 50
  Number of Mobile Apex push calls: 0 out of 10

06:23:17.655 (1655185988)|CUMULATIVE_LIMIT_USAGE_END

06:23:17.518 (1655266684)|CODE_UNIT_FINISHED|AccountManagerTest.testGetAccount()
06:23:17.518 (1655275541)|EXECUTION_FINISHED
06:23:18.222 (2222441507)|USER_INFO|[EXTERNAL]|005gK00004LjKI1|dasshankarjay97363107.1be822b813f1@agentforce.com|(GMT-07:00) Pacific Daylight Time (America/Los_Angeles)|GMT-07:00
06:23:18.222 (2222494142)|EXECUTION_STARTED
06:23:18.222 (2222504815)|CODE_UNIT_STARTED|[EXTERNAL]|DuplicateDetector
06:23:18.222 (2222517903)|DUPLICATE_DETECTION_BEGIN
06:23:18.222 (2222562774)|DUPLICATE_DETECTION_RULE_INVOCATION|DuplicateRuleId:0BmgK0000076XRt|DuplicateRuleName:Standard Account Duplicate Rule|DmlType:INSERT
06:23:18.222 (2242689850)|DUPLICATE_DETECTION_END
06:23:18.222 (2242704861)|CODE_UNIT_FINISHED|DuplicateDetector
06:23:18.222 (2242716488)|EXECUTION_FINISHED
06:23:18.243 (2243739341)|USER_INFO|[EXTERNAL]|005gK00004LjKI1|dasshankarjay97363107.1be822b813f1@agentforce.com|(GMT-07:00) Pacific Daylight Time (America/Los_Angeles)|GMT-07:00
06:23:18.243 (2243753558)|EXECUTION_STARTED
06:23:18.243 (2243762212)|CODE_UNIT_STARTED|[EXTERNAL]|DuplicateDetector
06:23:18.243 (2243770451)|DUPLICATE_DETECTION_BEGIN
06:23:18.243 (2243824878)|DUPLICATE_DETECTION_RULE_INVOCATION|DuplicateRuleId:0BmgK0000076XRu|DuplicateRuleName:Standard Contact Duplicate Rule|DmlType:INSERT
06:23:18.243 (2267282778)|DUPLICATE_DETECTION_END
06:23:18.243 (2267308877)|CODE_UNIT_FINISHED|DuplicateDetector
06:23:18.243 (2267323773)|EXECUTION_FINISHED
