67.0 APEX_CODE,FINEST;APEX_PROFILING,INFO;CALLOUT,INFO;DATA_ACCESS,INFO;DB,INFO;NBA,INFO;SYSTEM,DEBUG;VALIDATION,INFO;VISUALFORCE,INFO;WAVE,INFO;WORKFLOW,INFO
01:07:16.0 (221947)|USER_INFO|[EXTERNAL]|005gK00004LjKI1|dasshankarjay97363107.1be822b813f1@agentforce.com|(GMT-07:00) Pacific Daylight Time (America/Los_Angeles)|GMT-07:00
01:07:16.0 (278553)|EXECUTION_STARTED
01:07:16.0 (287925)|CODE_UNIT_STARTED|[EXTERNAL]|TRIGGERS
01:07:16.0 (323441)|CODE_UNIT_STARTED|[EXTERNAL]|01qgK000005nApl|PreventAccountDeletion on Account trigger event BeforeDelete|__sfdc_trigger/PreventAccountDeletion
01:07:16.0 (388387)|HEAP_ALLOCATE|[EXTERNAL]|Bytes:8
01:07:16.0 (2055324)|HEAP_ALLOCATE|[95]|Bytes:3
01:07:16.0 (2114871)|HEAP_ALLOCATE|[100]|Bytes:152
01:07:16.0 (2128140)|HEAP_ALLOCATE|[417]|Bytes:408
01:07:16.0 (2139597)|HEAP_ALLOCATE|[430]|Bytes:408
01:07:16.0 (2157490)|HEAP_ALLOCATE|[317]|Bytes:6
01:07:16.0 (2263585)|HEAP_ALLOCATE|[EXTERNAL]|Bytes:16
01:07:16.0 (2309964)|VARIABLE_SCOPE_BEGIN|[1]|this|PreventAccountDeletion|true|false
01:07:16.0 (2492363)|VARIABLE_ASSIGNMENT|[1]|this|{}|0x29b41dca
01:07:16.0 (2536753)|HEAP_ALLOCATE|[EXTERNAL]|Bytes:16
01:07:16.0 (2633899)|VARIABLE_SCOPE_BEGIN|[1]|this|PreventAccountDeletion|true|false
01:07:16.0 (2647782)|VARIABLE_ASSIGNMENT|[1]|this|{}|0x29b41dca
01:07:16.0 (2657803)|STATEMENT_EXECUTE|[1]
01:07:16.0 (2659191)|STATEMENT_EXECUTE|[4]
01:07:16.0 (2678117)|HEAP_ALLOCATE|[4]|Bytes:4
01:07:16.0 (2771709)|HEAP_ALLOCATE|[68]|Bytes:5
01:07:16.0 (2802323)|HEAP_ALLOCATE|[74]|Bytes:5
01:07:16.0 (2811983)|HEAP_ALLOCATE|[82]|Bytes:7
01:07:16.0 (2900144)|VARIABLE_ASSIGNMENT|[4]|this.accountIds|[]|0x29b41dca
01:07:16.0 (3168011)|HEAP_ALLOCATE|[6]|Bytes:5
01:07:16.0 (3238672)|VARIABLE_SCOPE_BEGIN|[6]|acc|Account|true|false
01:07:16.0 (6196458)|VARIABLE_ASSIGNMENT|[6]|acc|{"LastModifiedDate":"2026-08-27T08:06:50.000Z","IsDeleted":false,"BillingCountryCode":"US","isAvaible__c":false,"SystemModstamp":"2026-08-27T08:06:50.000Z","Name":"Cloud Gyata","ShippingCountryCode":"US","CleanStatus":"Pending","BillingCountry":"United States","OwnerId":"005gK00004LjKI1QAN","CreatedById":"005gK00004LjKI1QAN","Match_Billing_Address__c":false,"CreatedDate":"2026-08-27T08:06:50.000Z","ShippingCountry":"United States","Id":"001gK00001PNPtHQAX","LastModifiedById":"005gK00004LjKI1QAN"}|0x26f0752f
01:07:16.0 (6218028)|STATEMENT_EXECUTE|[6]
01:07:16.0 (6219676)|STATEMENT_EXECUTE|[7]
01:07:16.0 (6352620)|HEAP_ALLOCATE|[EXTERNAL]|Bytes:4
01:07:16.0 (6376846)|HEAP_ALLOCATE|[6]|Bytes:5
01:07:16.0 (6401076)|VARIABLE_ASSIGNMENT|[6]|acc|null|
01:07:16.0 (6404125)|STATEMENT_EXECUTE|[11]
01:07:16.0 (6406540)|HEAP_ALLOCATE|[11]|Bytes:60
01:07:16.0 (6424791)|HEAP_ALLOCATE|[11]|Bytes:4
01:07:16.0 (6434889)|HEAP_ALLOCATE|[11]|Bytes:7
01:07:16.0 (11378861)|SOQL_EXECUTE_BEGIN|[11]|Aggregations:0|SELECT Id, AccountId FROM Contact WHERE AccountId = :tmpVar1
01:07:16.0 (25518236)|SOQL_EXECUTE_END|[11]|Rows:0
01:07:16.0 (25562326)|HEAP_ALLOCATE|[11]|Bytes:4
01:07:16.0 (25582299)|HEAP_ALLOCATE|[11]|Bytes:0
01:07:16.0 (25645978)|HEAP_ALLOCATE|[11]|Bytes:4
01:07:16.0 (25738711)|VARIABLE_ASSIGNMENT|[11]|this.contacts|[]|0x29b41dca
01:07:16.0 (25747685)|STATEMENT_EXECUTE|[18]
01:07:16.0 (25763584)|HEAP_ALLOCATE|[18]|Bytes:4
01:07:16.0 (25858830)|VARIABLE_ASSIGNMENT|[18]|this.accountsWithContacts|[]|0x29b41dca
01:07:16.0 (26034296)|HEAP_ALLOCATE|[20]|Bytes:5
01:07:16.0 (26072176)|VARIABLE_ASSIGNMENT|[20]|con|null|
01:07:16.0 (26077591)|STATEMENT_EXECUTE|[20]
01:07:16.0 (26115567)|HEAP_ALLOCATE|[25]|Bytes:5
01:07:16.0 (26137654)|VARIABLE_SCOPE_BEGIN|[25]|acc|Account|true|false
01:07:16.0 (26975300)|VARIABLE_ASSIGNMENT|[25]|acc|{"LastModifiedDate":"2026-08-27T08:06:50.000Z","IsDeleted":false,"BillingCountryCode":"US","isAvaible__c":false,"SystemModstamp":"2026-08-27T08:06:50.000Z","Name":"Cloud Gyata","ShippingCountryCode":"US","CleanStatus":"Pending","BillingCountry":"United States","OwnerId":"005gK00004LjKI1QAN","CreatedById":"005gK00004LjKI1QAN","Match_Billing_Address__c":false,"CreatedDate":"2026-08-27T08:06:50.000Z","ShippingCountry":"United States","Id":"001gK00001PNPtHQAX","LastModifiedById":"005gK00004LjKI1QAN"}|0x26f0752f
01:07:16.0 (26987731)|STATEMENT_EXECUTE|[25]
01:07:16.0 (27066762)|STATEMENT_EXECUTE|[26]
01:07:16.0 (27077852)|HEAP_ALLOCATE|[25]|Bytes:5
01:07:16.0 (27091991)|VARIABLE_ASSIGNMENT|[25]|acc|null|
01:07:16.27 (27114935)|CUMULATIVE_LIMIT_USAGE
01:07:16.27 (27114935)|LIMIT_USAGE_FOR_NS|(default)|
  Number of SOQL queries: 1 out of 100
  Number of query rows: 0 out of 50000
  Number of SOSL queries: 0 out of 20
  Number of DML statements: 0 out of 150
  Number of Publish Immediate DML: 0 out of 150
  Number of DML rows: 0 out of 10000
  Maximum CPU time: 0 out of 10000
  Maximum heap size: 0 out of 6000000
  Number of callouts: 0 out of 100
  Number of Email Invocations: 0 out of 10
  Number of future calls: 0 out of 50
  Number of queueable jobs added to the queue: 0 out of 50
  Number of Mobile Apex push calls: 0 out of 10

01:07:16.27 (27114935)|CUMULATIVE_LIMIT_USAGE_END

01:07:16.0 (27368490)|CODE_UNIT_FINISHED|PreventAccountDeletion on Account trigger event BeforeDelete|__sfdc_trigger/PreventAccountDeletion
01:07:17.361 (1361339206)|CODE_UNIT_FINISHED|TRIGGERS
01:07:17.361 (1361366817)|EXECUTION_FINISHED
