67.0 APEX_CODE,FINEST;APEX_PROFILING,INFO;CALLOUT,INFO;DATA_ACCESS,INFO;DB,INFO;NBA,INFO;SYSTEM,DEBUG;VALIDATION,INFO;VISUALFORCE,INFO;WAVE,INFO;WORKFLOW,INFO
11:03:54.1 (1905276)|USER_INFO|[EXTERNAL]|005gK00004LjKI1|dasshankarjay97363107.1be822b813f1@agentforce.com|(GMT-07:00) Pacific Daylight Time (America/Los_Angeles)|GMT-07:00
11:03:54.1 (1974630)|EXECUTION_STARTED
11:03:54.1 (1995351)|CODE_UNIT_STARTED|[EXTERNAL]|apex://AccountSelectorController/ACTION$getAccounts
11:03:54.1 (3903402)|CODE_UNIT_STARTED|[EXTERNAL]|01pgK00000H2NsT|AccountSelectorController.getAccounts()
11:03:54.1 (5175640)|HEAP_ALLOCATE|[95]|Bytes:3
11:03:54.1 (5272534)|HEAP_ALLOCATE|[100]|Bytes:152
11:03:54.1 (5287448)|HEAP_ALLOCATE|[417]|Bytes:408
11:03:54.1 (5299091)|HEAP_ALLOCATE|[430]|Bytes:408
11:03:54.1 (5320406)|HEAP_ALLOCATE|[317]|Bytes:6
11:03:54.1 (5331766)|HEAP_ALLOCATE|[EXTERNAL]|Bytes:1
11:03:54.1 (5359175)|METHOD_ENTRY|[1]|01pgK00000H2NsT|AccountSelectorController.AccountSelectorController()
11:03:54.1 (5369960)|STATEMENT_EXECUTE|[1]
11:03:54.1 (5377613)|STATEMENT_EXECUTE|[1]
11:03:54.1 (5396077)|HEAP_ALLOCATE|[68]|Bytes:5
11:03:54.1 (5435621)|HEAP_ALLOCATE|[74]|Bytes:5
11:03:54.1 (5441820)|HEAP_ALLOCATE|[82]|Bytes:7
11:03:54.1 (5743294)|HEAP_ALLOCATE|[EXTERNAL]|Bytes:5
11:03:54.1 (5758861)|METHOD_EXIT|[1]|AccountSelectorController
11:03:54.1 (5772178)|HEAP_ALLOCATE|[6]|Bytes:5
11:03:54.1 (5775564)|STATEMENT_EXECUTE|[4]
11:03:54.1 (5776699)|STATEMENT_EXECUTE|[6]
11:03:54.1 (5778997)|HEAP_ALLOCATE|[6]|Bytes:67
11:03:54.1 (5795115)|HEAP_ALLOCATE|[6]|Bytes:4
11:03:54.1 (7088388)|SOQL_EXECUTE_BEGIN|[6]|Aggregations:0|SELECT Id, Name FROM Account ORDER BY Name ASC NULLS FIRST LIMIT 50
11:03:54.1 (12523940)|SOQL_EXECUTE_END|[6]|Rows:50
11:03:54.1 (12550428)|HEAP_ALLOCATE|[6]|Bytes:204
11:03:54.1 (12586219)|HEAP_ALLOCATE|[6]|Bytes:2345
11:03:54.1 (12640609)|HEAP_ALLOCATE|[6]|Bytes:204
11:03:54.12 (12737844)|CUMULATIVE_LIMIT_USAGE
11:03:54.12 (12737844)|LIMIT_USAGE_FOR_NS|(default)|
  Number of SOQL queries: 1 out of 100
  Number of query rows: 50 out of 50000
  Number of SOSL queries: 0 out of 20
  Number of DML statements: 0 out of 0
  Number of Publish Immediate DML: 0 out of 150
  Number of DML rows: 0 out of 10000
  Maximum CPU time: 0 out of 10000
  Maximum heap size: 0 out of 6000000
  Number of callouts: 0 out of 100
  Number of Email Invocations: 0 out of 10
  Number of future calls: 0 out of 50
  Number of queueable jobs added to the queue: 0 out of 50
  Number of Mobile Apex push calls: 0 out of 10

11:03:54.12 (12737844)|CUMULATIVE_LIMIT_USAGE_END

11:03:54.1 (12789999)|CODE_UNIT_FINISHED|AccountSelectorController.getAccounts()
11:03:54.1 (13116970)|CODE_UNIT_FINISHED|apex://AccountSelectorController/ACTION$getAccounts
11:03:54.1 (13126447)|EXECUTION_FINISHED
