67.0 APEX_CODE,FINEST;APEX_PROFILING,INFO;CALLOUT,INFO;DATA_ACCESS,INFO;DB,INFO;NBA,INFO;SYSTEM,DEBUG;VALIDATION,INFO;VISUALFORCE,INFO;WAVE,INFO;WORKFLOW,INFO
15:01:56.0 (257510)|USER_INFO|[EXTERNAL]|005gK00004LjKI1|dasshankarjay97363107.1be822b813f1@agentforce.com|(GMT-07:00) Pacific Daylight Time (America/Los_Angeles)|GMT-07:00
15:01:56.0 (340751)|EXECUTION_STARTED
15:01:56.0 (360978)|CODE_UNIT_STARTED|[EXTERNAL]|Flow:01IgK0000060uOX
15:01:56.7 (7215223)|FLOW_CREATE_INTERVIEW_BEGIN|00DgK00000Q0VhZ|300gK000013L74K|301gK00001CUm6E
15:01:56.7 (7381545)|FLOW_CREATE_INTERVIEW_END|381387c6eceb95b0fca33311cb471a03f08cc4e-2849|Appointment Reminder
15:01:56.9 (9240330)|FLOW_START_INTERVIEWS_BEGIN|1
15:01:56.9 (9397305)|FLOW_START_INTERVIEW_BEGIN|381387c6eceb95b0fca33311cb471a03f08cc4e-2849|Appointment Reminder
15:01:56.9 (9634711)|FLOW_START_INTERVIEW_END|381387c6eceb95b0fca33311cb471a03f08cc4e-2849|Appointment Reminder
15:01:56.9 (63083589)|WF_EMAIL_SENT|Reference:emailSimple|Recipients:ram9650456@gmail.com erjay8797@gmail.com |CcEmails:
15:01:56.9 (64433141)|FLOW_START_INTERVIEWS_END|1
15:01:56.9 (64898708)|FLOW_INTERVIEW_FINISHED|381387c6eceb95b0fca33311cb471a03f08cc4e-2849|Appointment Reminder
15:01:56.68 (68797762)|FLOW_CREATE_INTERVIEW_BEGIN|00DgK00000Q0VhZ|300gK000013Ljcb|301gK00001EdYCZ
15:01:56.68 (68908154)|FLOW_CREATE_INTERVIEW_END|381487c6eceb95b0fca33311cb471a03f08cc4e-2848|Appointment Reminder Flow1
15:01:56.70 (70300122)|FLOW_START_INTERVIEWS_BEGIN|1
15:01:56.70 (70360030)|FLOW_START_INTERVIEW_BEGIN|381487c6eceb95b0fca33311cb471a03f08cc4e-2848|Appointment Reminder Flow1
15:01:56.70 (70824021)|FLOW_START_INTERVIEW_END|381487c6eceb95b0fca33311cb471a03f08cc4e-2848|Appointment Reminder Flow1
15:01:56.70 (100092820)|WF_EMAIL_SENT|Reference:emailSimple|Recipients:dasshankarjay97363107@gmail.com |CcEmails:
15:01:56.70 (101059490)|FLOW_START_INTERVIEWS_END|1
15:01:56.70 (101293444)|FLOW_INTERVIEW_FINISHED|381487c6eceb95b0fca33311cb471a03f08cc4e-2848|Appointment Reminder Flow1
15:01:56.0 (105041838)|CODE_UNIT_FINISHED|Flow:01IgK0000060uOX
15:01:56.0 (105077327)|EXECUTION_FINISHED
