67.0 APEX_CODE,FINEST;APEX_PROFILING,INFO;VISUALFORCE,FINER
Execute Anonymous: Id appointmentId = 'a0fgK000002dWTVQA2';
Execute Anonymous: 
Execute Anonymous: AppointmentEMRCallout.sendAppointmentToEMR(appointmentId);
18:47:42.60 (60187687)|USER_INFO|[EXTERNAL]|005gK00004LjKI1|dasshankarjay97363107.1be822b813f1@agentforce.com|(GMT-07:00) Pacific Daylight Time (America/Los_Angeles)|GMT-07:00
18:47:42.60 (60215550)|EXECUTION_STARTED
18:47:42.60 (60244470)|CODE_UNIT_STARTED|[EXTERNAL]|execute_anonymous_apex
18:47:42.60 (60644024)|VARIABLE_SCOPE_BEGIN|[1]|appointmentId|Id|false|false
18:47:42.60 (60938519)|HEAP_ALLOCATE|[95]|Bytes:3
18:47:42.60 (61104147)|HEAP_ALLOCATE|[100]|Bytes:152
18:47:42.60 (61129807)|HEAP_ALLOCATE|[417]|Bytes:408
18:47:42.60 (61142652)|HEAP_ALLOCATE|[430]|Bytes:408
18:47:42.60 (61169077)|HEAP_ALLOCATE|[317]|Bytes:6
18:47:42.60 (61197322)|HEAP_ALLOCATE|[EXTERNAL]|Bytes:3
18:47:42.60 (61411430)|STATEMENT_EXECUTE|[1]
18:47:42.60 (61412716)|STATEMENT_EXECUTE|[1]
18:47:42.60 (61416683)|HEAP_ALLOCATE|[1]|Bytes:18
18:47:42.60 (61464445)|HEAP_ALLOCATE|[1]|Bytes:4
18:47:42.60 (61831958)|VARIABLE_ASSIGNMENT|[1]|appointmentId|"a0fgK000002dWTVQA2"
18:47:42.60 (61837370)|STATEMENT_EXECUTE|[3]
18:47:42.60 (61839400)|HEAP_ALLOCATE|[3]|Bytes:21
18:47:42.60 (61842070)|HEAP_ALLOCATE|[3]|Bytes:20
18:47:42.60 (62029715)|HEAP_ALLOCATE|[3]|Bytes:4
18:47:42.60 (62162948)|HEAP_ALLOCATE|[3]|Bytes:4
18:47:42.60 (62169828)|HEAP_ALLOCATE|[3]|Bytes:2
18:47:42.60 (62209201)|HEAP_ALLOCATE|[68]|Bytes:5
18:47:42.60 (62280291)|HEAP_ALLOCATE|[74]|Bytes:5
18:47:42.60 (62286063)|HEAP_ALLOCATE|[82]|Bytes:7
18:47:42.60 (62396387)|HEAP_ALLOCATE|[EXTERNAL]|Bytes:8
18:47:42.60 (62407681)|HEAP_ALLOCATE|[EXTERNAL]|Bytes:8
18:47:42.126 (126771746)|CUMULATIVE_LIMIT_USAGE
18:47:42.126 (126771746)|LIMIT_USAGE_FOR_NS|(default)|
  Number of SOQL queries: 0 out of 100
  Number of query rows: 0 out of 50000
  Number of SOSL queries: 0 out of 20
  Number of DML statements: 0 out of 150
  Number of Publish Immediate DML: 0 out of 150
  Number of DML rows: 0 out of 10000
  Maximum CPU time: 0 out of 10000
  Maximum heap size: 0 out of 6000000
  Number of callouts: 0 out of 100
  Number of Email Invocations: 0 out of 10
  Number of future calls: 1 out of 50
  Number of queueable jobs added to the queue: 0 out of 50
  Number of Mobile Apex push calls: 0 out of 10

18:47:42.126 (126771746)|CUMULATIVE_LIMIT_USAGE_END

18:47:42.60 (126902392)|CODE_UNIT_FINISHED|execute_anonymous_apex
18:47:42.60 (126926794)|EXECUTION_FINISHED
